Component: ARM Compiler 5.06 update 5 (build 528) Tool: armlink [4d35e2]

==============================================================================

Section Cross References

    startup_stm32f10x_md.o(RESET) refers to startup_stm32f10x_md.o(STACK) for __initial_sp
    startup_stm32f10x_md.o(RESET) refers to startup_stm32f10x_md.o(.text) for Reset_Handler
    startup_stm32f10x_md.o(RESET) refers to stm32f10x_it.o(i.NMI_Handler) for NMI_Handler
    startup_stm32f10x_md.o(RESET) refers to stm32f10x_it.o(i.HardFault_Handler) for HardFault_Handler
    startup_stm32f10x_md.o(RESET) refers to stm32f10x_it.o(i.MemManage_Handler) for MemManage_Handler
    startup_stm32f10x_md.o(RESET) refers to stm32f10x_it.o(i.BusFault_Handler) for BusFault_Handler
    startup_stm32f10x_md.o(RESET) refers to stm32f10x_it.o(i.UsageFault_Handler) for UsageFault_Handler
    startup_stm32f10x_md.o(RESET) refers to stm32f10x_it.o(i.SVC_Handler) for SVC_Handler
    startup_stm32f10x_md.o(RESET) refers to stm32f10x_it.o(i.DebugMon_Handler) for DebugMon_Handler
    startup_stm32f10x_md.o(RESET) refers to stm32f10x_it.o(i.PendSV_Handler) for PendSV_Handler
    startup_stm32f10x_md.o(RESET) refers to stm32f10x_it.o(i.SysTick_Handler) for SysTick_Handler
    startup_stm32f10x_md.o(RESET) refers to keys.o(i.EXTI1_IRQHandler) for EXTI1_IRQHandler
    startup_stm32f10x_md.o(RESET) refers to keys.o(i.EXTI2_IRQHandler) for EXTI2_IRQHandler
    startup_stm32f10x_md.o(RESET) refers to main.o(i.TIM2_IRQHandler) for TIM2_IRQHandler
    startup_stm32f10x_md.o(RESET) refers to serial.o(i.USART1_IRQHandler) for USART1_IRQHandler
    startup_stm32f10x_md.o(RESET) refers to main.o(i.EXTI15_10_IRQHandler) for EXTI15_10_IRQHandler
    startup_stm32f10x_md.o(.text) refers to system_stm32f10x.o(i.SystemInit) for SystemInit
    startup_stm32f10x_md.o(.text) refers to entry.o(.ARM.Collect$$$$00000000) for __main
    system_stm32f10x.o(i.SetSysClock) refers to system_stm32f10x.o(i.SetSysClockTo72) for SetSysClockTo72
    system_stm32f10x.o(i.SystemCoreClockUpdate) refers to system_stm32f10x.o(.data) for SystemCoreClock
    system_stm32f10x.o(i.SystemInit) refers to system_stm32f10x.o(i.SetSysClock) for SetSysClock
    stm32f10x_adc.o(i.ADC_DeInit) refers to stm32f10x_rcc.o(i.RCC_APB2PeriphResetCmd) for RCC_APB2PeriphResetCmd
    stm32f10x_bkp.o(i.BKP_DeInit) refers to stm32f10x_rcc.o(i.RCC_BackupResetCmd) for RCC_BackupResetCmd
    stm32f10x_can.o(i.CAN_DeInit) refers to stm32f10x_rcc.o(i.RCC_APB1PeriphResetCmd) for RCC_APB1PeriphResetCmd
    stm32f10x_can.o(i.CAN_GetITStatus) refers to stm32f10x_can.o(i.CheckITStatus) for CheckITStatus
    stm32f10x_cec.o(i.CEC_DeInit) refers to stm32f10x_rcc.o(i.RCC_APB1PeriphResetCmd) for RCC_APB1PeriphResetCmd
    stm32f10x_dac.o(i.DAC_DeInit) refers to stm32f10x_rcc.o(i.RCC_APB1PeriphResetCmd) for RCC_APB1PeriphResetCmd
    stm32f10x_flash.o(i.FLASH_EnableWriteProtection) refers to stm32f10x_flash.o(i.FLASH_WaitForLastOperation) for FLASH_WaitForLastOperation
    stm32f10x_flash.o(i.FLASH_EraseAllBank1Pages) refers to stm32f10x_flash.o(i.FLASH_WaitForLastBank1Operation) for FLASH_WaitForLastBank1Operation
    stm32f10x_flash.o(i.FLASH_EraseAllPages) refers to stm32f10x_flash.o(i.FLASH_WaitForLastOperation) for FLASH_WaitForLastOperation
    stm32f10x_flash.o(i.FLASH_EraseOptionBytes) refers to stm32f10x_flash.o(i.FLASH_GetReadOutProtectionStatus) for FLASH_GetReadOutProtectionStatus
    stm32f10x_flash.o(i.FLASH_EraseOptionBytes) refers to stm32f10x_flash.o(i.FLASH_WaitForLastOperation) for FLASH_WaitForLastOperation
    stm32f10x_flash.o(i.FLASH_ErasePage) refers to stm32f10x_flash.o(i.FLASH_WaitForLastOperation) for FLASH_WaitForLastOperation
    stm32f10x_flash.o(i.FLASH_ProgramHalfWord) refers to stm32f10x_flash.o(i.FLASH_WaitForLastOperation) for FLASH_WaitForLastOperation
    stm32f10x_flash.o(i.FLASH_ProgramOptionByteData) refers to stm32f10x_flash.o(i.FLASH_WaitForLastOperation) for FLASH_WaitForLastOperation
    stm32f10x_flash.o(i.FLASH_ProgramWord) refers to stm32f10x_flash.o(i.FLASH_WaitForLastOperation) for FLASH_WaitForLastOperation
    stm32f10x_flash.o(i.FLASH_ReadOutProtection) refers to stm32f10x_flash.o(i.FLASH_WaitForLastOperation) for FLASH_WaitForLastOperation
    stm32f10x_flash.o(i.FLASH_UserOptionByteConfig) refers to stm32f10x_flash.o(i.FLASH_WaitForLastOperation) for FLASH_WaitForLastOperation
    stm32f10x_flash.o(i.FLASH_WaitForLastBank1Operation) refers to stm32f10x_flash.o(i.FLASH_GetBank1Status) for FLASH_GetBank1Status
    stm32f10x_flash.o(i.FLASH_WaitForLastOperation) refers to stm32f10x_flash.o(i.FLASH_GetBank1Status) for FLASH_GetBank1Status
    stm32f10x_gpio.o(i.GPIO_AFIODeInit) refers to stm32f10x_rcc.o(i.RCC_APB2PeriphResetCmd) for RCC_APB2PeriphResetCmd
    stm32f10x_gpio.o(i.GPIO_DeInit) refers to stm32f10x_rcc.o(i.RCC_APB2PeriphResetCmd) for RCC_APB2PeriphResetCmd
    stm32f10x_i2c.o(i.I2C_DeInit) refers to stm32f10x_rcc.o(i.RCC_APB1PeriphResetCmd) for RCC_APB1PeriphResetCmd
[...]
    i.EXTI1_IRQHandler                       0x08000b54   Section        0  keys.o(i.EXTI1_IRQHandler)
    i.EXTI2_IRQHandler                       0x08000b80   Section        0  keys.o(i.EXTI2_IRQHandler)
    i.EXTI_ClearITPendingBit                 0x08000bac   Section        0  stm32f10x_exti.o(i.EXTI_ClearITPendingBit)
    i.EXTI_GetFlagStatus                     0x08000bb8   Section        0  stm32f10x_exti.o(i.EXTI_GetFlagStatus)
    i.EXTI_GetITStatus                       0x08000bd0   Section        0  stm32f10x_exti.o(i.EXTI_GetITStatus)
    i.EXTI_Init                              0x08000bf8   Section        0  stm32f10x_exti.o(i.EXTI_Init)
    i.Encoder_Init                           0x08000c8c   Section        0  tim_encoder.o(i.Encoder_Init)
    i.GPIO_EXTILineConfig                    0x08000d68   Section        0  stm32f10x_gpio.o(i.GPIO_EXTILineConfig)
    i.GPIO_Init                              0x08000da8   Section        0  stm32f10x_gpio.o(i.GPIO_Init)
    i.GPIO_ReadInputDataBit                  0x08000ebe   Section        0  stm32f10x_gpio.o(i.GPIO_ReadInputDataBit)
    i.GPIO_ResetBits                         0x08000ed0   Section        0  stm32f10x_gpio.o(i.GPIO_ResetBits)
    i.GPIO_SetBits                           0x08000ed4   Section        0  stm32f10x_gpio.o(i.GPIO_SetBits)
    i.GPIO_SetPolarity                       0x08000ed8   Section        0  mpu_exti.o(i.GPIO_SetPolarity)
    i.GPIO_WriteBit                          0x08000f58   Section        0  stm32f10x_gpio.o(i.GPIO_WriteBit)
    i.HardFault_Handler                      0x08000f62   Section        0  stm32f10x_it.o(i.HardFault_Handler)
    i.IO_Init                                0x08000f68   Section        0  mpu_exti.o(i.IO_Init)
    i.MISC_Init                              0x08000fa8   Section        0  main.o(i.MISC_Init)
    i.MPU_Exti_Init                          0x08000fd8   Section        0  mpu_exti.o(i.MPU_Exti_Init)
    i.MPU_Get_Gyroscope                      0x08001050   Section        0  mpu6050.o(i.MPU_Get_Gyroscope)
    i.MPU_IIC_Ack                            0x080010a0   Section        0  mpuiic.o(i.MPU_IIC_Ack)
    i.MPU_IIC_Delay                          0x080010ec   Section        0  mpuiic.o(i.MPU_IIC_Delay)
    i.MPU_IIC_Init                           0x080010f8   Section        0  mpuiic.o(i.MPU_IIC_Init)
    i.MPU_IIC_NAck                           0x08001138   Section        0  mpuiic.o(i.MPU_IIC_NAck)
    i.MPU_IIC_Read_Byte                      0x08001184   Section        0  mpuiic.o(i.MPU_IIC_Read_Byte)
    i.MPU_IIC_Send_Byte                      0x080011f0   Section        0  mpuiic.o(i.MPU_IIC_Send_Byte)
    i.MPU_IIC_Start                          0x0800124c   Section        0  mpuiic.o(i.MPU_IIC_Start)
    i.MPU_IIC_Stop                           0x08001294   Section        0  mpuiic.o(i.MPU_IIC_Stop)
    i.MPU_IIC_Wait_Ack                       0x080012dc   Section        0  mpuiic.o(i.MPU_IIC_Wait_Ack)
    i.MPU_Init                               0x08001340   Section        0  mpu6050.o(i.MPU_Init)
    i.MPU_Read_Byte                          0x080013b2   Section        0  mpu6050.o(i.MPU_Read_Byte)
    i.MPU_Read_Len                           0x080013ec   Section        0  mpu6050.o(i.MPU_Read_Len)
    i.MPU_Set_Accel_Fsr                      0x08001460   Section        0  mpu6050.o(i.MPU_Set_Accel_Fsr)
    i.MPU_Set_Gyro_Fsr                       0x08001470   Section        0  mpu6050.o(i.MPU_Set_Gyro_Fsr)
    i.MPU_Set_LPF                            0x08001480   Section        0  mpu6050.o(i.MPU_Set_LPF)
    i.MPU_Set_Rate                           0x080014ba   Section        0  mpu6050.o(i.MPU_Set_Rate)
    i.MPU_Write_Byte                         0x080014f4   Section        0  mpu6050.o(i.MPU_Write_Byte)
    i.MPU_Write_Len                          0x08001538   Section        0  mpu6050.o(i.MPU_Write_Len)
    i.MemManage_Handler                      0x08001598   Section        0  stm32f10x_it.o(i.MemManage_Handler)
    i.NMI_Handler                            0x0800159c   Section        0  stm32f10x_it.o(i.NMI_Handler)
    i.NVIC_Init                              0x080015a0   Section        0  misc.o(i.NVIC_Init)
    i.NVIC_PriorityGroupConfig               0x08001610   Section        0  misc.o(i.NVIC_PriorityGroupConfig)
    i.OLED_Clear                             0x08001624   Section        0  oled.o(i.OLED_Clear)
    i.OLED_I2C_Init                          0x08001650   Section        0  oled.o(i.OLED_I2C_Init)
    i.OLED_I2C_SendByte                      0x080016a0   Section        0  oled.o(i.OLED_I2C_SendByte)
    i.OLED_I2C_Start                         0x080016f4   Section        0  oled.o(i.OLED_I2C_Start)
    i.OLED_I2C_Stop                          0x08001728   Section        0  oled.o(i.OLED_I2C_Stop)
    i.OLED_Init                              0x08001750   Section        0  oled.o(i.OLED_Init)
    i.OLED_Pow                               0x080017fe   Section        0  oled.o(i.OLED_Pow)
    i.OLED_SetCursor                         0x08001812   Section        0  oled.o(i.OLED_SetCursor)
    i.OLED_ShowChar                          0x08001834   Section        0  oled.o(i.OLED_ShowChar)
    i.OLED_ShowFloatNum                      0x080018a8   Section        0  oled.o(i.OLED_ShowFloatNum)
    i.OLED_ShowNum                           0x0800195e   Section        0  oled.o(i.OLED_ShowNum)
    i.OLED_ShowSignedNum                     0x080019a2   Section        0  oled.o(i.OLED_ShowSignedNum)
    i.OLED_ShowString                        0x08001a08   Section        0  oled.o(i.OLED_ShowString)
    i.OLED_WriteCommand                      0x08001a30   Section        0  oled.o(i.OLED_WriteCommand)
    i.OLED_WriteData                         0x08001a50   Section        0  oled.o(i.OLED_WriteData)
    i.PID_Init                               0x08001a70   Section        0  pid_control.o(i.PID_Init)
    i.PID_SetParam                           0x08001a98   Section        0  main.o(i.PID_SetParam)
    i.PWM_Init                               0x08001ad0   Section        0  pwm.o(i.PWM_Init)
    i.PWM_SetCompare1                        0x08001ba4   Section        0  pwm.o(i.PWM_SetCompare1)
    i.PWM_SetCompare2                        0x08001bb8   Section        0  pwm.o(i.PWM_SetCompare2)
    i.PendSV_Handler                         0x08001bcc   Section        0  stm32f10x_it.o(i.PendSV_Handler)
    i.RCC_APB1PeriphClockCmd                 0x08001bd0   Section        0  stm32f10x_rcc.o(i.RCC_APB1PeriphClockCmd)
    i.RCC_APB2PeriphClockCmd                 0x08001bf0   Section        0  stm32f10x_rcc.o(i.RCC_APB2PeriphClockCmd)
    i.SVC_Handler                            0x08001c10   Section        0  stm32f10x_it.o(i.SVC_Handler)
    i.Serial_SendByte                        0x08001c14   Section        0  serial.o(i.Serial_SendByte)
    i.SetSysClock                            0x08001c34   Section        0  system_stm32f10x.o(i.SetSysClock)
    SetSysClock                              0x08001c35   Thumb Code     8  system_stm32f10x.o(i.SetSysClock)
    i.SetSysClockTo72                        0x08001c3c   Section        0  system_stm32f10x.o(i.SetSysClockTo72)
    SetSysClockTo72                          0x08001c3d   Thumb Code   214  system_stm32f10x.o(i.SetSysClockTo72)
    i.Speed_PI                               0x08001d1c   Section        0  pid_control.o(i.Speed_PI)
    i.SysTick_Handler                        0x08001df8   Section        0  stm32f10x_it.o(i.SysTick_Handler)
    i.SystemInit                             0x08001dfc   Section        0  system_stm32f10x.o(i.SystemInit)
    i.TI1_Config                             0x08001e5c   Section        0  stm32f10x_tim.o(i.TI1_Config)
    TI1_Config                               0x08001e5d   Thumb Code   108  stm32f10x_tim.o(i.TI1_Config)
    i.TI2_Config                             0x08001edc   Section        0  stm32f10x_tim.o(i.TI2_Config)
    TI2_Config                               0x08001edd   Thumb Code   130  stm32f10x_tim.o(i.TI2_Config)
    i.TI3_Config                             0x08001f74   Section        0  stm32f10x_tim.o(i.TI3_Config)
    TI3_Config                               0x08001f75   Thumb Code   122  stm32f10x_tim.o(i.TI3_Config)
    i.TI4_Config                             0x08002004   Section        0  stm32f10x_tim.o(i.TI4_Config)
    TI4_Config                               0x08002005   Thumb Code   130  stm32f10x_tim.o(i.TI4_Config)
    i.TIM2_IRQHandler                        0x0800209c   Section        0  main.o(i.TIM2_IRQHandler)
    i.TIM_ClearFlag                          0x080020bc   Section        0  stm32f10x_tim.o(i.TIM_ClearFlag)
    i.TIM_ClearITPendingBit                  0x080020c2   Section        0  stm32f10x_tim.o(i.TIM_ClearITPendingBit)
    i.TIM_Cmd                                0x080020c8   Section        0  stm32f10x_tim.o(i.TIM_Cmd)
    i.TIM_EncoderInterfaceConfig             0x080020e0   Section        0  stm32f10x_tim.o(i.TIM_EncoderInterfaceConfig)
    i.TIM_GetCounter                         0x08002122   Section        0  stm32f10x_tim.o(i.TIM_GetCounter)
    i.TIM_GetITStatus                        0x08002128   Section        0  stm32f10x_tim.o(i.TIM_GetITStatus)
    i.TIM_ICInit                             0x0800214c   Section        0  stm32f10x_tim.o(i.TIM_ICInit)
    i.TIM_ICStructInit                       0x080021f8   Section        0  stm32f10x_tim.o(i.TIM_ICStructInit)
    i.TIM_ITConfig                           0x0800220a   Section        0  stm32f10x_tim.o(i.TIM_ITConfig)
    i.TIM_InternalClockConfig                0x0800221c   Section        0  stm32f10x_tim.o(i.TIM_InternalClockConfig)
    i.TIM_OC1Init                            0x08002228   Section        0  stm32f10x_tim.o(i.TIM_OC1Init)
    i.TIM_OC2Init                            0x080022c0   Section        0  stm32f10x_tim.o(i.TIM_OC2Init)
    i.TIM_OCStructInit                       0x08002364   Section        0  stm32f10x_tim.o(i.TIM_OCStructInit)
    i.TIM_SetCompare1                        0x08002378   Section        0  stm32f10x_tim.o(i.TIM_SetCompare1)
    i.TIM_SetCompare2                        0x0800237c   Section        0  stm32f10x_tim.o(i.TIM_SetCompare2)
    i.TIM_SetCounter                         0x08002380   Section        0  stm32f10x_tim.o(i.TIM_SetCounter)
    i.TIM_SetIC1Prescaler                    0x08002384   Section        0  stm32f10x_tim.o(i.TIM_SetIC1Prescaler)
    i.TIM_SetIC2Prescaler                    0x08002396   Section        0  stm32f10x_tim.o(i.TIM_SetIC2Prescaler)
    i.TIM_SetIC3Prescaler                    0x080023b0   Section        0  stm32f10x_tim.o(i.TIM_SetIC3Prescaler)
    i.TIM_SetIC4Prescaler                    0x080023c2   Section        0  stm32f10x_tim.o(i.TIM_SetIC4Prescaler)
    i.TIM_TimeBaseInit                       0x080023dc   Section        0  stm32f10x_tim.o(i.TIM_TimeBaseInit)
    i.TimEncoder_Get                         0x08002480   Section        0  tim_encoder.o(i.TimEncoder_Get)
    i.Timer_Init                             0x0800249a   Section        0  timer.o(i.Timer_Init)
    i.Turn                                   0x08002510   Section        0  pid_control.o(i.Turn)
    i.USART1_IRQHandler                      0x08002530   Section        0  serial.o(i.USART1_IRQHandler)
    i.USART_ClearITPendingBit                0x08002564   Section        0  stm32f10x_usart.o(i.USART_ClearITPendingBit)
    i.USART_GetFlagStatus                    0x08002582   Section        0  stm32f10x_usart.o(i.USART_GetFlagStatus)
    i.USART_ReceiveData                      0x0800259c   Section        0  stm32f10x_usart.o(i.USART_ReceiveData)
    i.USART_SendData                         0x080025a6   Section        0  stm32f10x_usart.o(i.USART_SendData)
    i.UsageFault_Handler                     0x080025ae   Section        0  stm32f10x_it.o(i.UsageFault_Handler)
    i.__0printf$8                            0x080025b4   Section        0  printf8.o(i.__0printf$8)
    i.__ARM_fpclassify                       0x080025d4   Section        0  fpclassify.o(i.__ARM_fpclassify)
    i.__kernel_poly                          0x080025fc   Section        0  poly.o(i.__kernel_poly)
    i.__mathlib_dbl_infnan                   0x080026a6   Section        0  dunder.o(i.__mathlib_dbl_infnan)
    i.__mathlib_dbl_infnan2                  0x080026ac   Section        0  dunder.o(i.__mathlib_dbl_infnan2)
    i.__mathlib_dbl_invalid                  0x080026b0   Section        0  dunder.o(i.__mathlib_dbl_invalid)
    i.__mathlib_dbl_underflow                0x080026bc   Section        0  dunder.o(i.__mathlib_dbl_underflow)
    i.__scatterload_copy                     0x080026cc   Section       14  handlers.o(i.__scatterload_copy)
    i.__scatterload_null                     0x080026da   Section        2  handlers.o(i.__scatterload_null)
    i.__scatterload_zeroinit                 0x080026dc   Section       14  handlers.o(i.__scatterload_zeroinit)
    i.__set_errno                            0x080026ec   Section        0  errno.o(i.__set_errno)
    i._printf_core                           0x080026f8   Section        0  printf8.o(i._printf_core)
    _printf_core                             0x080026f9   Thumb Code   996  printf8.o(i._printf_core)
    i._printf_post_padding                   0x08002b08   Section        0  printf8.o(i._printf_post_padding)
    _printf_post_padding                     0x08002b09   Thumb Code    36  printf8.o(i._printf_post_padding)
    i._printf_pre_padding                    0x08002b2c   Section        0  printf8.o(i._printf_pre_padding)
    _printf_pre_padding                      0x08002b2d   Thumb Code    46  printf8.o(i._printf_pre_padding)
    i.accel_self_test                        0x08002b5c   Section        0  inv_mpu.o(i.accel_self_test)
    accel_self_test                          0x08002b5d   Thumb Code   168  inv_mpu.o(i.accel_self_test)
    i.asin                                   0x08002c08   Section        0  asin.o(i.asin)
    i.atan                                   0x08002e78   Section        0  atan.o(i.atan)
    i.atan2                                  0x08003098   Section        0  atan2.o(i.atan2)
    i.decode_gesture                         0x08003218   Section        0  inv_mpu_dmp_motion_driver.o(i.decode_gesture)
    decode_gesture                           0x08003219   Thumb Code    94  inv_mpu_dmp_motion_driver.o(i.decode_gesture)
    i.dmp_enable_6x_lp_quat                  0x0800327c   Section        0  inv_mpu_dmp_motion_driver.o(i.dmp_enable_6x_lp_quat)
    i.dmp_enable_feature                     0x080032b8   Section        0  inv_mpu_dmp_motion_driver.o(i.dmp_enable_feature)
    i.dmp_enable_gyro_cal                    0x080034d4   Section        0  inv_mpu_dmp_motion_driver.o(i.dmp_enable_gyro_cal)
    i.dmp_enable_lp_quat                     0x0800352c   Section        0  inv_mpu_dmp_motion_driver.o(i.dmp_enable_lp_quat)
    i.dmp_load_motion_driver_firmware        0x08003568   Section        0  inv_mpu_dmp_motion_driver.o(i.dmp_load_motion_driver_firmware)
    i.dmp_read_fifo                          0x08003584   Section        0  inv_mpu_dmp_motion_driver.o(i.dmp_read_fifo)
    i.dmp_set_fifo_rate                      0x08003750   Section        0  inv_mpu_dmp_motion_driver.o(i.dmp_set_fifo_rate)
    i.dmp_set_orientation                    0x080037c0   Section        0  inv_mpu_dmp_motion_driver.o(i.dmp_set_orientation)
    i.dmp_set_shake_reject_thresh            0x080038f8   Section        0  inv_mpu_dmp_motion_driver.o(i.dmp_set_shake_reject_thresh)
    i.dmp_set_shake_reject_time              0x08003930   Section        0  inv_mpu_dmp_motion_driver.o(i.dmp_set_shake_reject_time)
    i.dmp_set_shake_reject_timeout           0x08003956   Section        0  inv_mpu_dmp_motion_driver.o(i.dmp_set_shake_reject_timeout)
    i.dmp_set_tap_axes                       0x0800397c   Section        0  inv_mpu_dmp_motion_driver.o(i.dmp_set_tap_axes)
    i.dmp_set_tap_count                      0x080039c2   Section        0  inv_mpu_dmp_motion_driver.o(i.dmp_set_tap_count)
    i.dmp_set_tap_thresh                     0x080039e8   Section        0  inv_mpu_dmp_motion_driver.o(i.dmp_set_tap_thresh)
    i.dmp_set_tap_time                       0x08003b88   Section        0  inv_mpu_dmp_motion_driver.o(i.dmp_set_tap_time)
    i.dmp_set_tap_time_multi                 0x08003bae   Section        0  inv_mpu_dmp_motion_driver.o(i.dmp_set_tap_time_multi)
    i.fputc                                  0x08003bd4   Section        0  serial.o(i.fputc)
    i.get_accel_prod_shift                   0x08003be4   Section        0  inv_mpu.o(i.get_accel_prod_shift)
    get_accel_prod_shift                     0x08003be5   Thumb Code   168  inv_mpu.o(i.get_accel_prod_shift)
    i.get_st_biases                          0x08003c98   Section        0  inv_mpu.o(i.get_st_biases)
    get_st_biases                            0x08003c99   Thumb Code  1132  inv_mpu.o(i.get_st_biases)
    i.gyro_self_test                         0x08004108   Section        0  inv_mpu.o(i.gyro_self_test)
    gyro_self_test                           0x08004109   Thumb Code   262  inv_mpu.o(i.gyro_self_test)
    i.inv_orientation_matrix_to_scalar       0x08004220   Section        0  inv_mpu.o(i.inv_orientation_matrix_to_scalar)
    i.inv_row_2_scale                        0x08004248   Section        0  inv_mpu.o(i.inv_row_2_scale)
    i.main                                   0x08004298   Section        0  main.o(i.main)
    i.mget_ms                                0x080044f0   Section        0  inv_mpu.o(i.mget_ms)
    i.mpu_configure_fifo                     0x080044f4   Section        0  inv_mpu.o(i.mpu_configure_fifo)
    i.mpu_dmp_get_data                       0x08004564   Section        0  inv_mpu.o(i.mpu_dmp_get_data)
    i.mpu_dmp_init                           0x08004788   Section        0  inv_mpu.o(i.mpu_dmp_init)
    i.mpu_get_accel_fsr                      0x08004828   Section        0  inv_mpu.o(i.mpu_get_accel_fsr)
    i.mpu_get_accel_sens                     0x08004874   Section        0  inv_mpu.o(i.mpu_get_accel_sens)
    i.mpu_get_fifo_config                    0x080048c8   Section        0  inv_mpu.o(i.mpu_get_fifo_config)
    i.mpu_get_gyro_fsr                       0x080048d8   Section        0  inv_mpu.o(i.mpu_get_gyro_fsr)
    i.mpu_get_gyro_sens                      0x0800491c   Section        0  inv_mpu.o(i.mpu_get_gyro_sens)
    i.mpu_get_lpf                            0x0800496c   Section        0  inv_mpu.o(i.mpu_get_lpf)
    i.mpu_get_sample_rate                    0x080049bc   Section        0  inv_mpu.o(i.mpu_get_sample_rate)
    i.mpu_init                               0x080049dc   Section        0  inv_mpu.o(i.mpu_init)
    i.mpu_load_firmware                      0x08004bcc   Section        0  inv_mpu.o(i.mpu_load_firmware)
    i.mpu_lp_accel_mode                      0x08004c84   Section        0  inv_mpu.o(i.mpu_lp_accel_mode)
    i.mpu_read_fifo_stream                   0x08004d64   Section        0  inv_mpu.o(i.mpu_read_fifo_stream)
    i.mpu_read_mem                           0x08004e24   Section        0  inv_mpu.o(i.mpu_read_mem)
    i.mpu_reset_fifo                         0x08004ea4   Section        0  inv_mpu.o(i.mpu_reset_fifo)
    i.mpu_run_self_test                      0x0800506c   Section        0  inv_mpu.o(i.mpu_run_self_test)
    i.mpu_set_accel_fsr                      0x08005188   Section        0  inv_mpu.o(i.mpu_set_accel_fsr)
    i.mpu_set_bypass                         0x0800520c   Section        0  inv_mpu.o(i.mpu_set_bypass)
    i.mpu_set_dmp_state                      0x08005358   Section        0  inv_mpu.o(i.mpu_set_dmp_state)
    i.mpu_set_gyro_fsr                       0x080053e8   Section        0  inv_mpu.o(i.mpu_set_gyro_fsr)
    i.mpu_set_int_latched                    0x08005470   Section        0  inv_mpu.o(i.mpu_set_int_latched)
    i.mpu_set_lpf                            0x080054dc   Section        0  inv_mpu.o(i.mpu_set_lpf)
    i.mpu_set_sample_rate                    0x08005560   Section        0  inv_mpu.o(i.mpu_set_sample_rate)
    i.mpu_set_sensors                        0x080055fc   Section        0  inv_mpu.o(i.mpu_set_sensors)
    i.mpu_write_mem                          0x080056cc   Section        0  inv_mpu.o(i.mpu_write_mem)
    i.run_self_test                          0x0800574c   Section        0  inv_mpu.o(i.run_self_test)
    i.set_int_enable                         0x080057d8   Section        0  inv_mpu.o(i.set_int_enable)
    set_int_enable                           0x080057d9   Thumb Code   138  inv_mpu.o(i.set_int_enable)
    i.sonar                                  0x08005868   Section        0  hc_sr04.o(i.sonar)
    i.sqrt                                   0x08005908   Section        0  sqrt.o(i.sqrt)
    .constdata                               0x08005954   Section     1520  oled.o(.constdata)
    .constdata                               0x08005f44   Section       80  inv_mpu.o(.constdata)
    .constdata                               0x08005f94   Section     3062  inv_mpu_dmp_motion_driver.o(.constdata)
    dmp_memory                               0x08005f94   Data        3062  inv_mpu_dmp_motion_driver.o(.constdata)
    .constdata                               0x08006b90   Section       80  asin.o(.constdata)
    pS                                       0x08006b90   Data          48  asin.o(.constdata)
    qS                                       0x08006bc0   Data          32  asin.o(.constdata)
    .constdata                               0x08006be0   Section      152  atan.o(.constdata)
    atanhi                                   0x08006be0   Data          32  atan.o(.constdata)
    atanlo                                   0x08006c00   Data          32  atan.o(.constdata)
    aTodd                                    0x08006c20   Data          40  atan.o(.constdata)
    aTeven                                   0x08006c48   Data          48  atan.o(.constdata)
    .constdata                               0x08006c78   Section        8  qnan.o(.constdata)
    .conststring                             0x08006c80   Section       77  inv_mpu.o(.conststring)
    .data                                    0x20000000   Section        1  keys.o(.data)
    .data                                    0x20000004   Section       53  inv_mpu.o(.data)
    st                                       0x20000004   Data          44  inv_mpu.o(.data)
    gyro_orientation                         0x20000030   Data           9  inv_mpu.o(.data)
    .data                                    0x2000003c   Section       28  mpu_exti.o(.data)
    .data                                    0x20000058   Section        2  serial.o(.data)
    .data                                    0x2000005c   Section        9  main.o(.data)
    .data                                    0x20000068   Section       16  pid_control.o(.data)
    error                                    0x20000068   Data           4  pid_control.o(.data)
    Encoder                                  0x2000006c   Data           4  pid_control.o(.data)
    Encoder_last                             0x20000070   Data           4  pid_control.o(.data)
    Encoder_Integral                         0x20000074   Data           4  pid_control.o(.data)
    .data                                    0x20000078   Section        4  stdout.o(.data)
    .data                                    0x2000007c   Section        4  errno.o(.data)
    _errno                                   0x2000007c   Data           4  errno.o(.data)
    .bss                                     0x20000080   Section       16  inv_mpu_dmp_motion_driver.o(.bss)
    dmp                                      0x20000080   Data          16  inv_mpu_dmp_motion_driver.o(.bss)
    .bss                                     0x20000090   Section       76  pid_control.o(.bss)
    STACK                                    0x200000e0   Section     1024  startup_stm32f10x_md.o(STACK)

    Global Symbols

    Symbol Name                              Value     Ov Type        Size  Object(Section)

    BuildAttributes$$THM_ISAv4$P$D$K$B$S$PE$A:L22UL41UL21$X:L11$S22US41US21$IEEE1$IW$USESV6$~STKCKD$USESV7$~SHL$OTIME$ROPI$IEEEX$EBA8$MICROLIB$REQ8$PRES8$EABIv2 0x00000000   Number         0  anon$$obj.o ABSOLUTE
    __ARM_use_no_argv                        0x00000000   Number         0  main.o ABSOLUTE
    _printf_a                                0x00000000   Number         0  stubs.o ABSOLUTE
    _printf_c                                0x00000000   Number         0  stubs.o ABSOLUTE
    _printf_charcount                        0x00000000   Number         0  stubs.o ABSOLUTE
    _printf_d                                0x00000000   Number         0  stubs.o ABSOLUTE
    _printf_e                                0x00000000   Number         0  stubs.o ABSOLUTE
    _printf_f                                0x00000000   Number         0  stubs.o ABSOLUTE
    _printf_flags                            0x00000000   Number         0  stubs.o ABSOLUTE
    _printf_fp_dec                           0x00000000   Number         0  stubs.o ABSOLUTE
    _printf_fp_hex                           0x00000000   Number         0  stubs.o ABSOLUTE
    _printf_g                                0x00000000   Number         0  stubs.o ABSOLUTE
    _printf_i                                0x00000000   Number         0  stubs.o ABSOLUTE
    _printf_int_dec                          0x00000000   Number         0  stubs.o ABSOLUTE
    _printf_l                                0x00000000   Number         0  stubs.o ABSOLUTE
    _printf_lc                               0x00000000   Number         0  stubs.o ABSOLUTE
    _printf_ll                               0x00000000   Number         0  stubs.o ABSOLUTE
    _printf_lld                              0x00000000   Number         0  stubs.o ABSOLUTE
    _printf_lli                              0x00000000   Number         0  stubs.o ABSOLUTE
    _printf_llo                              0x00000000   Number         0  stubs.o ABSOLUTE
    _printf_llu                              0x00000000   Number         0  stubs.o ABSOLUTE
    _printf_llx                              0x00000000   Number         0  stubs.o ABSOLUTE
    _printf_longlong_dec                     0x00000000   Number         0  stubs.o ABSOLUTE
    _printf_longlong_hex                     0x00000000   Number         0  stubs.o ABSOLUTE
    _printf_longlong_oct                     0x00000000   Number         0  stubs.o ABSOLUTE
    _printf_ls                               0x00000000   Number         0  stubs.o ABSOLUTE
    _printf_mbtowc                           0x00000000   Number         0  stubs.o ABSOLUTE
    _printf_n                                0x00000000   Number         0  stubs.o ABSOLUTE
    _printf_o                                0x00000000   Number         0  stubs.o ABSOLUTE
    _printf_p                                0x00000000   Number         0  stubs.o ABSOLUTE
    _printf_percent                          0x00000000   Number         0  stubs.o ABSOLUTE
    _printf_pre_padding                      0x00000000   Number         0  stubs.o ABSOLUTE
    _printf_return_value                     0x00000000   Number         0  stubs.o ABSOLUTE
    _printf_s                                0x00000000   Number         0  stubs.o ABSOLUTE
    _printf_sizespec                         0x00000000   Number         0  stubs.o ABSOLUTE
    _printf_str                              0x00000000   Number         0  stubs.o ABSOLUTE
    _printf_truncate_signed                  0x00000000   Number         0  stubs.o ABSOLUTE
    _printf_truncate_unsigned                0x00000000   Number         0  stubs.o ABSOLUTE
    _printf_u                                0x00000000   Number         0  stubs.o ABSOLUTE
    _printf_wc                               0x00000000   Number         0  stubs.o ABSOLUTE
    _printf_wctomb                           0x00000000   Number         0  stubs.o ABSOLUTE
    _printf_widthprec                        0x00000000   Number         0  stubs.o ABSOLUTE
    _printf_x                                0x00000000   Number         0  stubs.o ABSOLUTE
    __cpp_initialize__aeabi_                  - Undefined Weak Reference
    __cxa_finalize                            - Undefined Weak Reference
    __decompress                              - Undefined Weak Reference
    _clock_init                               - Undefined Weak Reference
    _microlib_exit                            - Undefined Weak Reference
    __Vectors_Size                           0x000000ec   Number         0  startup_stm32f10x_md.o ABSOLUTE
    __Vectors                                0x08000000   Data           4  startup_stm32f10x_md.o(RESET)
    __Vectors_End                            0x080000ec   Data           0  startup_stm32f10x_md.o(RESET)
    __main                                   0x080000ed   Thumb Code     0  entry.o(.ARM.Collect$$$$00000000)
    _main_stk                                0x080000ed   Thumb Code     0  entry2.o(.ARM.Collect$$$$00000001)
    _main_scatterload                        0x080000f1   Thumb Code     0  entry5.o(.ARM.Collect$$$$00000004)
    __main_after_scatterload                 0x080000f5   Thumb Code     0  entry5.o(.ARM.Collect$$$$00000004)
    _main_clock                              0x080000f5   Thumb Code     0  entry7b.o(.ARM.Collect$$$$00000008)
    _main_cpp_init                           0x080000f5   Thumb Code     0  entry8b.o(.ARM.Collect$$$$0000000A)
    _main_init                               0x080000f5   Thumb Code     0  entry9a.o(.ARM.Collect$$$$0000000B)
    __rt_final_cpp                           0x080000fd   Thumb Code     0  entry10a.o(.ARM.Collect$$$$0000000D)
    __rt_final_exit                          0x080000fd   Thumb Code     0  entry11a.o(.ARM.Collect$$$$0000000F)
    Reset_Handler                            0x08000101   Thumb Code     8  startup_stm32f10x_md.o(.text)
    ADC1_2_IRQHandler                        0x0800011b   Thumb Code     0  startup_stm32f10x_md.o(.text)
    CAN1_RX1_IRQHandler                      0x0800011b   Thumb Code     0  startup_stm32f10x_md.o(.text)
    CAN1_SCE_IRQHandler                      0x0800011b   Thumb Code     0  startup_stm32f10x_md.o(.text)
    DMA1_Channel1_IRQHandler                 0x0800011b   Thumb Code     0  startup_stm32f10x_md.o(.text)
    DMA1_Channel2_IRQHandler                 0x0800011b   Thumb Code     0  startup_stm32f10x_md.o(.text)
    DMA1_Channel3_IRQHandler                 0x0800011b   Thumb Code     0  startup_stm32f10x_md.o(.text)
    DMA1_Channel4_IRQHandler                 0x0800011b   Thumb Code     0  startup_stm32f10x_md.o(.text)
    DMA1_Channel5_IRQHandler                 0x0800011b   Thumb Code     0  startup_stm32f10x_md.o(.text)
    DMA1_Channel6_IRQHandler                 0x0800011b   Thumb Code     0  startup_stm32f10x_md.o(.text)
    DMA1_Channel7_IRQHandler                 0x0800011b   Thumb Code     0  startup_stm32f10x_md.o(.text)
    EXTI0_IRQHandler                         0x0800011b   Thumb Code     0  startup_stm32f10x_md.o(.text)
    EXTI3_IRQHandler                         0x0800011b   Thumb Code     0  startup_stm32f10x_md.o(.text)
    EXTI4_IRQHandler                         0x0800011b   Thumb Code     0  startup_stm32f10x_md.o(.text)
    EXTI9_5_IRQHandler                       0x0800011b   Thumb Code     0  startup_stm32f10x_md.o(.text)
    FLASH_IRQHandler                         0x0800011b   Thumb Code     0  startup_stm32f10x_md.o(.text)
    I2C1_ER_IRQHandler                       0x0800011b   Thumb Code     0  startup_stm32f10x_md.o(.text)
    I2C1_EV_IRQHandler                       0x0800011b   Thumb Code     0  startup_stm32f10x_md.o(.text)
    I2C2_ER_IRQHandler                       0x0800011b   Thumb Code     0  startup_stm32f10x_md.o(.text)
    I2C2_EV_IRQHandler                       0x0800011b   Thumb Code     0  startup_stm32f10x_md.o(.text)
    PVD_IRQHandler                           0x0800011b   Thumb Code     0  startup_stm32f10x_md.o(.text)
    RCC_IRQHandler                           0x0800011b   Thumb Code     0  startup_stm32f10x_md.o(.text)
    RTCAlarm_IRQHandler                      0x0800011b   Thumb Code     0  startup_stm32f10x_md.o(.text)
    RTC_IRQHandler                           0x0800011b   Thumb Code     0  startup_stm32f10x_md.o(.text)
    SPI1_IRQHandler                          0x0800011b   Thumb Code     0  startup_stm32f10x_md.o(.text)
    SPI2_IRQHandler                          0x0800011b   Thumb Code     0  startup_stm32f10x_md.o(.text)
    TAMPER_IRQHandler                        0x0800011b   Thumb Code     0  startup_stm32f10x_md.o(.text)
    TIM1_BRK_IRQHandler                      0x0800011b   Thumb Code     0  startup_stm32f10x_md.o(.text)
    TIM1_CC_IRQHandler                       0x0800011b   Thumb Code     0  startup_stm32f10x_md.o(.text)
    TIM1_TRG_COM_IRQHandler                  0x0800011b   Thumb Code     0  startup_stm32f10x_md.o(.text)
    TIM1_UP_IRQHandler                       0x0800011b   Thumb Code     0  startup_stm32f10x_md.o(.text)
    TIM3_IRQHandler                          0x0800011b   Thumb Code     0  startup_stm32f10x_md.o(.text)
    TIM4_IRQHandler                          0x0800011b   Thumb Code     0  startup_stm32f10x_md.o(.text)
    USART2_IRQHandler                        0x0800011b   Thumb Code     0  startup_stm32f10x_md.o(.text)
    USART3_IRQHandler                        0x0800011b   Thumb Code     0  startup_stm32f10x_md.o(.text)
    USBWakeUp_IRQHandler                     0x0800011b   Thumb Code     0  startup_stm32f10x_md.o(.text)
    USB_HP_CAN1_TX_IRQHandler                0x0800011b   Thumb Code     0  startup_stm32f10x_md.o(.text)
    USB_LP_CAN1_RX0_IRQHandler               0x0800011b   Thumb Code     0  startup_stm32f10x_md.o(.text)
    WWDG_IRQHandler                          0x0800011b   Thumb Code     0  startup_stm32f10x_md.o(.text)
    __aeabi_ldivmod                          0x08000125   Thumb Code    98  ldiv.o(.text)
    __aeabi_memset                           0x08000187   Thumb Code    14  memseta.o(.text)
    __aeabi_memset4                          0x08000187   Thumb Code     0  memseta.o(.text)
    __aeabi_memset8                          0x08000187   Thumb Code     0  memseta.o(.text)
    __aeabi_memclr                           0x08000195   Thumb Code     4  memseta.o(.text)
    __aeabi_memclr4                          0x08000195   Thumb Code     0  memseta.o(.text)
    __aeabi_memclr8                          0x08000195   Thumb Code     0  memseta.o(.text)
    _memset$wrapper                          0x08000199   Thumb Code    18  memseta.o(.text)
    memcmp                                   0x080001ab   Thumb Code    26  memcmp.o(.text)
    __aeabi_fadd                             0x080001c5   Thumb Code   164  fadd.o(.text)
    __aeabi_fsub                             0x08000269   Thumb Code     6  fadd.o(.text)
    __aeabi_frsub                            0x0800026f   Thumb Code     6  fadd.o(.text)
    __aeabi_fmul                             0x08000275   Thumb Code   100  fmul.o(.text)
    __aeabi_fdiv                             0x080002d9   Thumb Code   124  fdiv.o(.text)
    __aeabi_dadd                             0x08000355   Thumb Code   322  dadd.o(.text)
    __aeabi_dsub                             0x08000497   Thumb Code     6  dadd.o(.text)
    __aeabi_drsub                            0x0800049d   Thumb Code     6  dadd.o(.text)
    __aeabi_dmul                             0x080004a3   Thumb Code   228  dmul.o(.text)
    __aeabi_ddiv                             0x08000587   Thumb Code   222  ddiv.o(.text)
    __aeabi_i2f                              0x08000665   Thumb Code    18  fflti.o(.text)
    __aeabi_ui2f                             0x08000677   Thumb Code    10  ffltui.o(.text)
    __aeabi_f2iz                             0x08000681   Thumb Code    50  ffixi.o(.text)
    __aeabi_f2uiz                            0x080006b3   Thumb Code    40  ffixui.o(.text)
    __aeabi_f2d                              0x080006db   Thumb Code    38  f2d.o(.text)
    __aeabi_cdcmpeq                          0x08000701   Thumb Code     0  cdcmple.o(.text)
    __aeabi_cdcmple                          0x08000701   Thumb Code    48  cdcmple.o(.text)
    __aeabi_d2f                              0x08000731   Thumb Code    56  d2f.o(.text)
    __aeabi_cfcmpeq                          0x08000769   Thumb Code     0  cfcmple.o(.text)
    __aeabi_cfcmple                          0x08000769   Thumb Code    20  cfcmple.o(.text)
    __aeabi_cfrcmple                         0x0800077d   Thumb Code    20  cfrcmple.o(.text)
    __aeabi_uldivmod                         0x08000791   Thumb Code    98  uldiv.o(.text)
    __aeabi_llsl                             0x080007f3   Thumb Code    30  llshl.o(.text)
    _ll_shift_l                              0x080007f3   Thumb Code     0  llshl.o(.text)
    __aeabi_lasr                             0x08000811   Thumb Code    36  llsshr.o(.text)
    _ll_sshift_r                             0x08000811   Thumb Code     0  llsshr.o(.text)
    __I$use$fp                               0x08000835   Thumb Code     0  iusefp.o(.text)
    _float_round                             0x08000835   Thumb Code    18  fepilogue.o(.text)
    _float_epilogue                          0x08000847   Thumb Code    92  fepilogue.o(.text)
    _double_round                            0x080008a3   Thumb Code    30  depilogue.o(.text)
    _double_epilogue                         0x080008c1   Thumb Code   156  depilogue.o(.text)
    __ARM_scalbn                             0x0800095d   Thumb Code    46  dscalb.o(.text)
    scalbn                                   0x0800095d   Thumb Code     0  dscalb.o(.text)
    __scatterload                            0x0800098d   Thumb Code    28  init.o(.text)
    __scatterload_rt2                        0x0800098d   Thumb Code     0  init.o(.text)
    __aeabi_llsr                             0x080009b1   Thumb Code    32  llushr.o(.text)
    _ll_ushift_r                             0x080009b1   Thumb Code     0  llushr.o(.text)
    _dsqrt                                   0x080009d1   Thumb Code   162  dsqrt.o(.text)
    Balance_PD                               0x08000a75   Thumb Code   102  pid_control.o(i.Balance_PD)
    BusFault_Handler                         0x08000ae9   Thumb Code     4  stm32f10x_it.o(i.BusFault_Handler)
    DebugMon_Handler                         0x08000aed   Thumb Code     2  stm32f10x_it.o(i.DebugMon_Handler)
    Delay_ms                                 0x08000aef   Thumb Code    24  delay.o(i.Delay_ms)
    Delay_us                                 0x08000b07   Thumb Code    46  delay.o(i.Delay_us)
    EXTI15_10_IRQHandler                     0x08000b35   Thumb Code    28  main.o(i.EXTI15_10_IRQHandler)
    EXTI1_IRQHandler                         0x08000b55   Thumb Code    36  keys.o(i.EXTI1_IRQHandler)
    EXTI2_IRQHandler                         0x08000b81   Thumb Code    36  keys.o(i.EXTI2_IRQHandler)
    EXTI_ClearITPendingBit                   0x08000bad   Thumb Code     6  stm32f10x_exti.o(i.EXTI_ClearITPendingBit)
    EXTI_GetFlagStatus                       0x08000bb9   Thumb Code    20  stm32f10x_exti.o(i.EXTI_GetFlagStatus)
    EXTI_GetITStatus                         0x08000bd1   Thumb Code    34  stm32f10x_exti.o(i.EXTI_GetITStatus)
    EXTI_Init                                0x08000bf9   Thumb Code   142  stm32f10x_exti.o(i.EXTI_Init)
    Encoder_Init                             0x08000c8d   Thumb Code   206  tim_encoder.o(i.Encoder_Init)
    GPIO_EXTILineConfig                      0x08000d69   Thumb Code    60  stm32f10x_gpio.o(i.GPIO_EXTILineConfig)
    GPIO_Init                                0x08000da9   Thumb Code   278  stm32f10x_gpio.o(i.GPIO_Init)
    GPIO_ReadInputDataBit                    0x08000ebf   Thumb Code    18  stm32f10x_gpio.o(i.GPIO_ReadInputDataBit)
    GPIO_ResetBits                           0x08000ed1   Thumb Code     4  stm32f10x_gpio.o(i.GPIO_ResetBits)
    GPIO_SetBits                             0x08000ed5   Thumb Code     4  stm32f10x_gpio.o(i.GPIO_SetBits)
    GPIO_SetPolarity                         0x08000ed9   Thumb Code   118  mpu_exti.o(i.GPIO_SetPolarity)
    GPIO_WriteBit                            0x08000f59   Thumb Code    10  stm32f10x_gpio.o(i.GPIO_WriteBit)
    HardFault_Handler                        0x08000f63   Thumb Code     4  stm32f10x_it.o(i.HardFault_Handler)
    IO_Init                                  0x08000f69   Thumb Code    60  mpu_exti.o(i.IO_Init)
    MISC_Init                                0x08000fa9   Thumb Code    42  main.o(i.MISC_Init)
    MPU_Exti_Init                            0x08000fd9   Thumb Code   114  mpu_exti.o(i.MPU_Exti_Init)
    MPU_Get_Gyroscope                        0x08001051   Thumb Code    80  mpu6050.o(i.MPU_Get_Gyroscope)
    MPU_IIC_Ack                              0x080010a1   Thumb Code    62  mpuiic.o(i.MPU_IIC_Ack)
    MPU_IIC_Delay                            0x080010ed   Thumb Code    10  mpuiic.o(i.MPU_IIC_Delay)
    MPU_IIC_Init                             0x080010f9   Thumb Code    58  mpuiic.o(i.MPU_IIC_Init)
    MPU_IIC_NAck                             0x08001139   Thumb Code    62  mpuiic.o(i.MPU_IIC_NAck)
    MPU_IIC_Read_Byte                        0x08001185   Thumb Code    94  mpuiic.o(i.MPU_IIC_Read_Byte)
    MPU_IIC_Send_Byte                        0x080011f1   Thumb Code    80  mpuiic.o(i.MPU_IIC_Send_Byte)
    MPU_IIC_Start                            0x0800124d   Thumb Code    60  mpuiic.o(i.MPU_IIC_Start)
    MPU_IIC_Stop                             0x08001295   Thumb Code    58  mpuiic.o(i.MPU_IIC_Stop)
    MPU_IIC_Wait_Ack                         0x080012dd   Thumb Code    86  mpuiic.o(i.MPU_IIC_Wait_Ack)
    MPU_Init                                 0x08001341   Thumb Code   114  mpu6050.o(i.MPU_Init)
    MPU_Read_Byte                            0x080013b3   Thumb Code    58  mpu6050.o(i.MPU_Read_Byte)
    MPU_Read_Len                             0x080013ed   Thumb Code   116  mpu6050.o(i.MPU_Read_Len)
    MPU_Set_Accel_Fsr                        0x08001461   Thumb Code    16  mpu6050.o(i.MPU_Set_Accel_Fsr)
    MPU_Set_Gyro_Fsr                         0x08001471   Thumb Code    16  mpu6050.o(i.MPU_Set_Gyro_Fsr)
    MPU_Set_LPF                              0x08001481   Thumb Code    58  mpu6050.o(i.MPU_Set_LPF)
    MPU_Set_Rate                             0x080014bb   Thumb Code    58  mpu6050.o(i.MPU_Set_Rate)
    MPU_Write_Byte                           0x080014f5   Thumb Code    68  mpu6050.o(i.MPU_Write_Byte)
    MPU_Write_Len                            0x08001539   Thumb Code    96  mpu6050.o(i.MPU_Write_Len)
    MemManage_Handler                        0x08001599   Thumb Code     4  stm32f10x_it.o(i.MemManage_Handler)
    NMI_Handler                              0x0800159d   Thumb Code     2  stm32f10x_it.o(i.NMI_Handler)
    NVIC_Init                                0x080015a1   Thumb Code   100  misc.o(i.NVIC_Init)
    NVIC_PriorityGroupConfig                 0x08001611   Thumb Code    10  misc.o(i.NVIC_PriorityGroupConfig)
    OLED_Clear                               0x08001625   Thumb Code    42  oled.o(i.OLED_Clear)
    OLED_I2C_Init                            0x08001651   Thumb Code    76  oled.o(i.OLED_I2C_Init)
    OLED_I2C_SendByte                        0x080016a1   Thumb Code    80  oled.o(i.OLED_I2C_SendByte)
    OLED_I2C_Start                           0x080016f5   Thumb Code    48  oled.o(i.OLED_I2C_Start)
    OLED_I2C_Stop                            0x08001729   Thumb Code    36  oled.o(i.OLED_I2C_Stop)
    OLED_Init                                0x08001751   Thumb Code   174  oled.o(i.OLED_Init)
    OLED_Pow                                 0x080017ff   Thumb Code    20  oled.o(i.OLED_Pow)
    OLED_SetCursor                           0x08001813   Thumb Code    34  oled.o(i.OLED_SetCursor)
    OLED_ShowChar                            0x08001835   Thumb Code   110  oled.o(i.OLED_ShowChar)
    OLED_ShowFloatNum                        0x080018a9   Thumb Code   182  oled.o(i.OLED_ShowFloatNum)
    OLED_ShowNum                             0x0800195f   Thumb Code    68  oled.o(i.OLED_ShowNum)
    OLED_ShowSignedNum                       0x080019a3   Thumb Code   102  oled.o(i.OLED_ShowSignedNum)
    OLED_ShowString                          0x08001a09   Thumb Code    40  oled.o(i.OLED_ShowString)
    OLED_WriteCommand                        0x08001a31   Thumb Code    32  oled.o(i.OLED_WriteCommand)
    OLED_WriteData                           0x08001a51   Thumb Code    32  oled.o(i.OLED_WriteData)
    PID_Init                                 0x08001a71   Thumb Code    38  pid_control.o(i.PID_Init)
    PID_SetParam                             0x08001a99   Thumb Code    42  main.o(i.PID_SetParam)
    PWM_Init                                 0x08001ad1   Thumb Code   202  pwm.o(i.PWM_Init)
    PWM_SetCompare1                          0x08001ba5   Thumb Code    14  pwm.o(i.PWM_SetCompare1)
    PWM_SetCompare2                          0x08001bb9   Thumb Code    14  pwm.o(i.PWM_SetCompare2)
    PendSV_Handler                           0x08001bcd   Thumb Code     2  stm32f10x_it.o(i.PendSV_Handler)
    RCC_APB1PeriphClockCmd                   0x08001bd1   Thumb Code    26  stm32f10x_rcc.o(i.RCC_APB1PeriphClockCmd)
    RCC_APB2PeriphClockCmd                   0x08001bf1   Thumb Code    26  stm32f10x_rcc.o(i.RCC_APB2PeriphClockCmd)
    SVC_Handler                              0x08001c11   Thumb Code     2  stm32f10x_it.o(i.SVC_Handler)
    Serial_SendByte                          0x08001c15   Thumb Code    28  serial.o(i.Serial_SendByte)
    Speed_PI                                 0x08001d1d   Thumb Code   190  pid_control.o(i.Speed_PI)
    SysTick_Handler                          0x08001df9   Thumb Code     2  stm32f10x_it.o(i.SysTick_Handler)
    SystemInit                               0x08001dfd   Thumb Code    78  system_stm32f10x.o(i.SystemInit)
    TIM2_IRQHandler                          0x0800209d   Thumb Code    28  main.o(i.TIM2_IRQHandler)
    TIM_ClearFlag                            0x080020bd   Thumb Code     6  stm32f10x_tim.o(i.TIM_ClearFlag)
    TIM_ClearITPendingBit                    0x080020c3   Thumb Code     6  stm32f10x_tim.o(i.TIM_ClearITPendingBit)
    TIM_Cmd                                  0x080020c9   Thumb Code    24  stm32f10x_tim.o(i.TIM_Cmd)
    TIM_EncoderInterfaceConfig               0x080020e1   Thumb Code    66  stm32f10x_tim.o(i.TIM_EncoderInterfaceConfig)
    TIM_GetCounter                           0x08002123   Thumb Code     6  stm32f10x_tim.o(i.TIM_GetCounter)
    TIM_GetITStatus                          0x08002129   Thumb Code    34  stm32f10x_tim.o(i.TIM_GetITStatus)
    TIM_ICInit                               0x0800214d   Thumb Code   150  stm32f10x_tim.o(i.TIM_ICInit)
    TIM_ICStructInit                         0x080021f9   Thumb Code    18  stm32f10x_tim.o(i.TIM_ICStructInit)
    TIM_ITConfig                             0x0800220b   Thumb Code    18  stm32f10x_tim.o(i.TIM_ITConfig)
    TIM_InternalClockConfig                  0x0800221d   Thumb Code    12  stm32f10x_tim.o(i.TIM_InternalClockConfig)
    TIM_OC1Init                              0x08002229   Thumb Code   132  stm32f10x_tim.o(i.TIM_OC1Init)
    TIM_OC2Init                              0x080022c1   Thumb Code   154  stm32f10x_tim.o(i.TIM_OC2Init)
    TIM_OCStructInit                         0x08002365   Thumb Code    20  stm32f10x_tim.o(i.TIM_OCStructInit)
    TIM_SetCompare1                          0x08002379   Thumb Code     4  stm32f10x_tim.o(i.TIM_SetCompare1)
    TIM_SetCompare2                          0x0800237d   Thumb Code     4  stm32f10x_tim.o(i.TIM_SetCompare2)
    TIM_SetCounter                           0x08002381   Thumb Code     4  stm32f10x_tim.o(i.TIM_SetCounter)
    TIM_SetIC1Prescaler                      0x08002385   Thumb Code    18  stm32f10x_tim.o(i.TIM_SetIC1Prescaler)
    TIM_SetIC2Prescaler                      0x08002397   Thumb Code    26  stm32f10x_tim.o(i.TIM_SetIC2Prescaler)
    TIM_SetIC3Prescaler                      0x080023b1   Thumb Code    18  stm32f10x_tim.o(i.TIM_SetIC3Prescaler)
    TIM_SetIC4Prescaler                      0x080023c3   Thumb Code    26  stm32f10x_tim.o(i.TIM_SetIC4Prescaler)
    TIM_TimeBaseInit                         0x080023dd   Thumb Code   122  stm32f10x_tim.o(i.TIM_TimeBaseInit)
    TimEncoder_Get                           0x08002481   Thumb Code    26  tim_encoder.o(i.TimEncoder_Get)
    Timer_Init                               0x0800249b   Thumb Code   116  timer.o(i.Timer_Init)
    Turn                                     0x08002511   Thumb Code    26  pid_control.o(i.Turn)
    USART1_IRQHandler                        0x08002531   Thumb Code    40  serial.o(i.USART1_IRQHandler)
    USART_ClearITPendingBit                  0x08002565   Thumb Code    30  stm32f10x_usart.o(i.USART_ClearITPendingBit)
    USART_GetFlagStatus                      0x08002583   Thumb Code    26  stm32f10x_usart.o(i.USART_GetFlagStatus)
    USART_ReceiveData                        0x0800259d   Thumb Code    10  stm32f10x_usart.o(i.USART_ReceiveData)
    USART_SendData                           0x080025a7   Thumb Code     8  stm32f10x_usart.o(i.USART_SendData)
    UsageFault_Handler                       0x080025af   Thumb Code     4  stm32f10x_it.o(i.UsageFault_Handler)
    __0printf$8                              0x080025b5   Thumb Code    22  printf8.o(i.__0printf$8)
    __1printf$8                              0x080025b5   Thumb Code     0  printf8.o(i.__0printf$8)
    __2printf                                0x080025b5   Thumb Code     0  printf8.o(i.__0printf$8)
    __ARM_fpclassify                         0x080025d5   Thumb Code    40  fpclassify.o(i.__ARM_fpclassify)
    __kernel_poly                            0x080025fd   Thumb Code   170  poly.o(i.__kernel_poly)
    __mathlib_dbl_infnan                     0x080026a7   Thumb Code     6  dunder.o(i.__mathlib_dbl_infnan)
    __mathlib_dbl_infnan2                    0x080026ad   Thumb Code     4  dunder.o(i.__mathlib_dbl_infnan2)
    __mathlib_dbl_invalid                    0x080026b1   Thumb Code    12  dunder.o(i.__mathlib_dbl_invalid)
    __mathlib_dbl_underflow                  0x080026bd   Thumb Code    10  dunder.o(i.__mathlib_dbl_underflow)
    __scatterload_copy                       0x080026cd   Thumb Code    14  handlers.o(i.__scatterload_copy)
    __scatterload_null                       0x080026db   Thumb Code     2  handlers.o(i.__scatterload_null)
    __scatterload_zeroinit                   0x080026dd   Thumb Code    14  handlers.o(i.__scatterload_zeroinit)
    __set_errno                              0x080026ed   Thumb Code     6  errno.o(i.__set_errno)
    asin                                     0x08002c09   Thumb Code   572  asin.o(i.asin)
    atan                                     0x08002e79   Thumb Code   474  atan.o(i.atan)
    atan2                                    0x08003099   Thumb Code   346  atan2.o(i.atan2)
    dmp_enable_6x_lp_quat                    0x0800327d   Thumb Code    60  inv_mpu_dmp_motion_driver.o(i.dmp_enable_6x_lp_quat)
    dmp_enable_feature                       0x080032b9   Thumb Code   530  inv_mpu_dmp_motion_driver.o(i.dmp_enable_feature)
    dmp_enable_gyro_cal                      0x080034d5   Thumb Code    62  inv_mpu_dmp_motion_driver.o(i.dmp_enable_gyro_cal)
    dmp_enable_lp_quat                       0x0800352d   Thumb Code    60  inv_mpu_dmp_motion_driver.o(i.dmp_enable_lp_quat)
    dmp_load_motion_driver_firmware          0x08003569   Thumb Code    24  inv_mpu_dmp_motion_driver.o(i.dmp_load_motion_driver_firmware)
    dmp_read_fifo                            0x08003585   Thumb Code   456  inv_mpu_dmp_motion_driver.o(i.dmp_read_fifo)
    dmp_set_fifo_rate                        0x08003751   Thumb Code    96  inv_mpu_dmp_motion_driver.o(i.dmp_set_fifo_rate)
    dmp_set_orientation                      0x080037c1   Thumb Code   290  inv_mpu_dmp_motion_driver.o(i.dmp_set_orientation)
    dmp_set_shake_reject_thresh              0x080038f9   Thumb Code    56  inv_mpu_dmp_motion_driver.o(i.dmp_set_shake_reject_thresh)
    dmp_set_shake_reject_time                0x08003931   Thumb Code    38  inv_mpu_dmp_motion_driver.o(i.dmp_set_shake_reject_time)
    dmp_set_shake_reject_timeout             0x08003957   Thumb Code    38  inv_mpu_dmp_motion_driver.o(i.dmp_set_shake_reject_timeout)
    dmp_set_tap_axes                         0x0800397d   Thumb Code    70  inv_mpu_dmp_motion_driver.o(i.dmp_set_tap_axes)
    dmp_set_tap_count                        0x080039c3   Thumb Code    38  inv_mpu_dmp_motion_driver.o(i.dmp_set_tap_count)
    dmp_set_tap_thresh                       0x080039e9   Thumb Code   396  inv_mpu_dmp_motion_driver.o(i.dmp_set_tap_thresh)
    dmp_set_tap_time                         0x08003b89   Thumb Code    38  inv_mpu_dmp_motion_driver.o(i.dmp_set_tap_time)
    dmp_set_tap_time_multi                   0x08003baf   Thumb Code    38  inv_mpu_dmp_motion_driver.o(i.dmp_set_tap_time_multi)
    fputc                                    0x08003bd5   Thumb Code    16  serial.o(i.fputc)
    inv_orientation_matrix_to_scalar         0x08004221   Thumb Code    40  inv_mpu.o(i.inv_orientation_matrix_to_scalar)
    inv_row_2_scale                          0x08004249   Thumb Code    78  inv_mpu.o(i.inv_row_2_scale)
    main                                     0x08004299   Thumb Code   496  main.o(i.main)
    mget_ms                                  0x080044f1   Thumb Code     2  inv_mpu.o(i.mget_ms)
    mpu_configure_fifo                       0x080044f5   Thumb Code   106  inv_mpu.o(i.mpu_configure_fifo)
    mpu_dmp_get_data                         0x08004565   Thumb Code   544  inv_mpu.o(i.mpu_dmp_get_data)
    mpu_dmp_init                             0x08004789   Thumb Code   154  inv_mpu.o(i.mpu_dmp_init)
    mpu_get_accel_fsr                        0x08004829   Thumb Code    72  inv_mpu.o(i.mpu_get_accel_fsr)
    mpu_get_accel_sens                       0x08004875   Thumb Code    78  inv_mpu.o(i.mpu_get_accel_sens)
    mpu_get_fifo_config                      0x080048c9   Thumb Code    12  inv_mpu.o(i.mpu_get_fifo_config)
    mpu_get_gyro_fsr                         0x080048d9   Thumb Code    64  inv_mpu.o(i.mpu_get_gyro_fsr)
    mpu_get_gyro_sens                        0x0800491d   Thumb Code    58  inv_mpu.o(i.mpu_get_gyro_sens)
    mpu_get_lpf                              0x0800496d   Thumb Code    74  inv_mpu.o(i.mpu_get_lpf)
    mpu_get_sample_rate                      0x080049bd   Thumb Code    26  inv_mpu.o(i.mpu_get_sample_rate)
    mpu_init                                 0x080049dd   Thumb Code   416  inv_mpu.o(i.mpu_init)
    mpu_load_firmware                        0x08004bcd   Thumb Code   180  inv_mpu.o(i.mpu_load_firmware)
    mpu_lp_accel_mode                        0x08004c85   Thumb Code   218  inv_mpu.o(i.mpu_lp_accel_mode)
    mpu_read_fifo_stream                     0x08004d65   Thumb Code   186  inv_mpu.o(i.mpu_read_fifo_stream)
    mpu_read_mem                             0x08004e25   Thumb Code   122  inv_mpu.o(i.mpu_read_mem)
    mpu_reset_fifo                           0x08004ea5   Thumb Code   450  inv_mpu.o(i.mpu_reset_fifo)
    mpu_run_self_test                        0x0800506d   Thumb Code   278  inv_mpu.o(i.mpu_run_self_test)
    mpu_set_accel_fsr                        0x08005189   Thumb Code   126  inv_mpu.o(i.mpu_set_accel_fsr)
    mpu_set_bypass                           0x0800520d   Thumb Code   328  inv_mpu.o(i.mpu_set_bypass)
    mpu_set_dmp_state                        0x08005359   Thumb Code   138  inv_mpu.o(i.mpu_set_dmp_state)
    mpu_set_gyro_fsr                         0x080053e9   Thumb Code   132  inv_mpu.o(i.mpu_set_gyro_fsr)
    mpu_set_int_latched                      0x08005471   Thumb Code   102  inv_mpu.o(i.mpu_set_int_latched)
    mpu_set_lpf                              0x080054dd   Thumb Code   126  inv_mpu.o(i.mpu_set_lpf)
    mpu_set_sample_rate                      0x08005561   Thumb Code   152  inv_mpu.o(i.mpu_set_sample_rate)
    mpu_set_sensors                          0x080055fd   Thumb Code   202  inv_mpu.o(i.mpu_set_sensors)
    mpu_write_mem                            0x080056cd   Thumb Code   122  inv_mpu.o(i.mpu_write_mem)
    run_self_test                            0x0800574d   Thumb Code   140  inv_mpu.o(i.run_self_test)
    sonar                                    0x08005869   Thumb Code   146  hc_sr04.o(i.sonar)
    sqrt                                     0x08005909   Thumb Code    76  sqrt.o(i.sqrt)
    OLED_F8x16                               0x08005954   Data        1520  oled.o(.constdata)
    reg                                      0x08005f44   Data          27  inv_mpu.o(.constdata)
    hw                                       0x08005f60   Data          12  inv_mpu.o(.constdata)
    test                                     0x08005f6c   Data          40  inv_mpu.o(.constdata)
    __mathlib_zero                           0x08006c78   Data           8  qnan.o(.constdata)
    Region$$Table$$Base                      0x08006cd0   Number         0  anon$$obj.o(Region$$Table)
    Region$$Table$$Limit                     0x08006cf0   Number         0  anon$$obj.o(Region$$Table)
    KeyValue                                 0x20000000   Data           1  keys.o(.data)
    gx                                       0x2000003c   Data           2  mpu_exti.o(.data)
    gy                                       0x2000003e   Data           2  mpu_exti.o(.data)
    gz                                       0x20000040   Data           2  mpu_exti.o(.data)
    Pitch                                    0x20000044   Data           4  mpu_exti.o(.data)
    Roll                                     0x20000048   Data           4  mpu_exti.o(.data)
    Yaw                                      0x2000004c   Data           4  mpu_exti.o(.data)
    Speed_Left                               0x20000050   Data           4  mpu_exti.o(.data)
    Speed_Right                              0x20000054   Data           4  mpu_exti.o(.data)
    Serial_RxData                            0x20000058   Data           1  serial.o(.data)
    Serial_RxFlag                            0x20000059   Data           1  serial.o(.data)
    Exti_Flag                                0x2000005c   Data           1  main.o(.data)
    ID                                       0x2000005d   Data           1  main.o(.data)
    Dis                                      0x20000060   Data           4  main.o(.data)
    Timer_Flag                               0x20000064   Data           1  main.o(.data)
    __stdout                                 0x20000078   Data           4  stdout.o(.data)
    PID_Struct                               0x20000090   Data          76  pid_control.o(.bss)
    __initial_sp                             0x200004e0   Data           0  startup_stm32f10x_md.o(STACK)



==============================================================================

Memory Map of the image

  Image Entry point : 0x08000101

  Load Region LR_1 (Base: 0x08000000, Size: 0x00006d70, Max: 0xffffffff, ABSOLUTE)

    Execution Region ER_RO (Exec base: 0x08000000, Load base: 0x08000000, Size: 0x00006cf0, Max: 0xffffffff, ABSOLUTE)

    Exec Addr    Load Addr    Size         Type   Attr      Idx    E Section Name        Object

    0x08000000   0x08000000   0x000000ec   Data   RO            3    RESET               startup_stm32f10x_md.o
    0x080000ec   0x080000ec   0x00000000   Code   RO         4600  * .ARM.Collect$$$$00000000  mc_w.l(entry.o)
    0x080000ec   0x080000ec   0x00000004   Code   RO         4939    .ARM.Collect$$$$00000001  mc_w.l(entry2.o)
    0x080000f0   0x080000f0   0x00000004   Code   RO         4942    .ARM.Collect$$$$00000004  mc_w.l(entry5.o)
    0x080000f4   0x080000f4   0x00000000   Code   RO         4944    .ARM.Collect$$$$00000008  mc_w.l(entry7b.o)
    0x080000f4   0x080000f4   0x00000000   Code   RO         4946    .ARM.Collect$$$$0000000A  mc_w.l(entry8b.o)
    0x080000f4   0x080000f4   0x00000008   Code   RO         4947    .ARM.Collect$$$$0000000B  mc_w.l(entry9a.o)
    0x080000fc   0x080000fc   0x00000000   Code   RO         4949    .ARM.Collect$$$$0000000D  mc_w.l(entry10a.o)
    0x080000fc   0x080000fc   0x00000000   Code   RO         4951    .ARM.Collect$$$$0000000F  mc_w.l(entry11a.o)
    0x080000fc   0x080000fc   0x00000004   Code   RO         4940    .ARM.Collect$$$$00002712  mc_w.l(entry2.o)
    0x08000100   0x08000100   0x00000024   Code   RO            4  * .text               startup_stm32f10x_md.o
    0x08000124   0x08000124   0x00000062   Code   RO         4603    .text               mc_w.l(ldiv.o)
    0x08000186   0x08000186   0x00000024   Code   RO         4605    .text               mc_w.l(memseta.o)
    0x080001aa   0x080001aa   0x0000001a   Code   RO         4607    .text               mc_w.l(memcmp.o)
    0x080001c4   0x080001c4   0x000000b0   Code   RO         4870    .text               mf_w.l(fadd.o)
    0x08000274   0x08000274   0x00000064   Code   RO         4872    .text               mf_w.l(fmul.o)
    0x080002d8   0x080002d8   0x0000007c   Code   RO         4874    .text               mf_w.l(fdiv.o)
    0x08000354   0x08000354   0x0000014e   Code   RO         4876    .text               mf_w.l(dadd.o)
    0x080004a2   0x080004a2   0x000000e4   Code   RO         4878    .text               mf_w.l(dmul.o)
    0x08000586   0x08000586   0x000000de   Code   RO         4880    .text               mf_w.l(ddiv.o)
    0x08000664   0x08000664   0x00000012   Code   RO         4882    .text               mf_w.l(fflti.o)
    0x08000676   0x08000676   0x0000000a   Code   RO         4884    .text               mf_w.l(ffltui.o)
    0x08000680   0x08000680   0x00000032   Code   RO         4888    .text               mf_w.l(ffixi.o)
    0x080006b2   0x080006b2   0x00000028   Code   RO         4890    .text               mf_w.l(ffixui.o)
    0x080006da   0x080006da   0x00000026   Code   RO         4892    .text               mf_w.l(f2d.o)
    0x08000700   0x08000700   0x00000030   Code   RO         4894    .text               mf_w.l(cdcmple.o)
    0x08000730   0x08000730   0x00000038   Code   RO         4896    .text               mf_w.l(d2f.o)
    0x08000768   0x08000768   0x00000014   Code   RO         4898    .text               mf_w.l(cfcmple.o)
    0x0800077c   0x0800077c   0x00000014   Code   RO         4900    .text               mf_w.l(cfrcmple.o)
    0x08000790   0x08000790   0x00000062   Code   RO         4956    .text               mc_w.l(uldiv.o)
    0x080007f2   0x080007f2   0x0000001e   Code   RO         4958    .text               mc_w.l(llshl.o)
    0x08000810   0x08000810   0x00000024   Code   RO         4960    .text               mc_w.l(llsshr.o)
    0x08000834   0x08000834   0x00000000   Code   RO         4969    .text               mc_w.l(iusefp.o)
    0x08000834   0x08000834   0x0000006e   Code   RO         4970    .text               mf_w.l(fepilogue.o)
    0x080008a2   0x080008a2   0x000000ba   Code   RO         4972    .text               mf_w.l(depilogue.o)
    0x0800095c   0x0800095c   0x0000002e   Code   RO         4974    .text               mf_w.l(dscalb.o)
    0x0800098a   0x0800098a   0x00000002   PAD
    0x0800098c   0x0800098c   0x00000024   Code   RO         4980    .text               mc_w.l(init.o)
    0x080009b0   0x080009b0   0x00000020   Code   RO         4982    .text               mc_w.l(llushr.o)
    0x080009d0   0x080009d0   0x000000a2   Code   RO         4984    .text               mf_w.l(dsqrt.o)
    0x08000a72   0x08000a72   0x00000002   PAD
    0x08000a74   0x08000a74   0x00000074   Code   RO         4541    i.Balance_PD        pid_control.o
    0x08000ae8   0x08000ae8   0x00000004   Code   RO         4478    i.BusFault_Handler  stm32f10x_it.o
    0x08000aec   0x08000aec   0x00000002   Code   RO         4479    i.DebugMon_Handler  stm32f10x_it.o
    0x08000aee   0x08000aee   0x00000018   Code   RO         4343    i.Delay_ms          delay.o
    0x08000b06   0x08000b06   0x0000002e   Code   RO         4345    i.Delay_us          delay.o
    0x08000b34   0x08000b34   0x00000020   Code   RO         4410    i.EXTI15_10_IRQHandler  main.o
    0x08000b54   0x08000b54   0x0000002c   Code   RO         3196    i.EXTI1_IRQHandler  keys.o
    0x08000b80   0x08000b80   0x0000002c   Code   RO         3197    i.EXTI2_IRQHandler  keys.o
    0x08000bac   0x08000bac   0x0000000c   Code   RO          985    i.EXTI_ClearITPendingBit  stm32f10x_exti.o
    0x08000bb8   0x08000bb8   0x00000018   Code   RO          988    i.EXTI_GetFlagStatus  stm32f10x_exti.o
    0x08000bd0   0x08000bd0   0x00000028   Code   RO          989    i.EXTI_GetITStatus  stm32f10x_exti.o
    0x08000bf8   0x08000bf8   0x00000094   Code   RO          990    i.EXTI_Init         stm32f10x_exti.o
    0x08000c8c   0x08000c8c   0x000000dc   Code   RO         3340    i.Encoder_Init      tim_encoder.o
    0x08000d68   0x08000d68   0x00000040   Code   RO         1344    i.GPIO_EXTILineConfig  stm32f10x_gpio.o
    0x08000da8   0x08000da8   0x00000116   Code   RO         1347    i.GPIO_Init         stm32f10x_gpio.o
    0x08000ebe   0x08000ebe   0x00000012   Code   RO         1351    i.GPIO_ReadInputDataBit  stm32f10x_gpio.o
    0x08000ed0   0x08000ed0   0x00000004   Code   RO         1354    i.GPIO_ResetBits    stm32f10x_gpio.o
    0x08000ed4   0x08000ed4   0x00000004   Code   RO         1355    i.GPIO_SetBits      stm32f10x_gpio.o
    0x08000ed8   0x08000ed8   0x00000080   Code   RO         4177    i.GPIO_SetPolarity  mpu_exti.o
    0x08000f58   0x08000f58   0x0000000a   Code   RO         1358    i.GPIO_WriteBit     stm32f10x_gpio.o
    0x08000f62   0x08000f62   0x00000004   Code   RO         4480    i.HardFault_Handler  stm32f10x_it.o
    0x08000f66   0x08000f66   0x00000002   PAD
    0x08000f68   0x08000f68   0x00000040   Code   RO         4178    i.IO_Init           mpu_exti.o
    0x08000fa8   0x08000fa8   0x00000030   Code   RO         4411    i.MISC_Init         main.o
    0x08000fd8   0x08000fd8   0x00000078   Code   RO         4179    i.MPU_Exti_Init     mpu_exti.o
    0x08001050   0x08001050   0x00000050   Code   RO         4029    i.MPU_Get_Gyroscope  mpu6050.o
    0x080010a0   0x080010a0   0x0000004c   Code   RO         4117    i.MPU_IIC_Ack       mpuiic.o
    0x080010ec   0x080010ec   0x0000000a   Code   RO         4118    i.MPU_IIC_Delay     mpuiic.o
    0x080010f6   0x080010f6   0x00000002   PAD
    0x080010f8   0x080010f8   0x00000040   Code   RO         4119    i.MPU_IIC_Init      mpuiic.o
    0x08001138   0x08001138   0x0000004c   Code   RO         4120    i.MPU_IIC_NAck      mpuiic.o
    0x08001184   0x08001184   0x0000006c   Code   RO         4121    i.MPU_IIC_Read_Byte  mpuiic.o
    0x080011f0   0x080011f0   0x0000005c   Code   RO         4122    i.MPU_IIC_Send_Byte  mpuiic.o
    0x0800124c   0x0800124c   0x00000048   Code   RO         4123    i.MPU_IIC_Start     mpuiic.o
    0x08001294   0x08001294   0x00000048   Code   RO         4124    i.MPU_IIC_Stop      mpuiic.o
    0x080012dc   0x080012dc   0x00000064   Code   RO         4125    i.MPU_IIC_Wait_Ack  mpuiic.o
    0x08001340   0x08001340   0x00000072   Code   RO         4031    i.MPU_Init          mpu6050.o
    0x080013b2   0x080013b2   0x0000003a   Code   RO         4032    i.MPU_Read_Byte     mpu6050.o
    0x080013ec   0x080013ec   0x00000074   Code   RO         4033    i.MPU_Read_Len      mpu6050.o
    0x08001460   0x08001460   0x00000010   Code   RO         4034    i.MPU_Set_Accel_Fsr  mpu6050.o
    0x08001470   0x08001470   0x00000010   Code   RO         4035    i.MPU_Set_Gyro_Fsr  mpu6050.o
    0x08001480   0x08001480   0x0000003a   Code   RO         4036    i.MPU_Set_LPF       mpu6050.o
    0x080014ba   0x080014ba   0x0000003a   Code   RO         4037    i.MPU_Set_Rate      mpu6050.o
    0x080014f4   0x080014f4   0x00000044   Code   RO         4038    i.MPU_Write_Byte    mpu6050.o
    0x08001538   0x08001538   0x00000060   Code   RO         4039    i.MPU_Write_Len     mpu6050.o
    0x08001598   0x08001598   0x00000004   Code   RO         4481    i.MemManage_Handler  stm32f10x_it.o
    0x0800159c   0x0800159c   0x00000002   Code   RO         4482    i.NMI_Handler       stm32f10x_it.o
    0x0800159e   0x0800159e   0x00000002   PAD
    0x080015a0   0x080015a0   0x00000070   Code   RO          137    i.NVIC_Init         misc.o
    0x08001610   0x08001610   0x00000014   Code   RO          138    i.NVIC_PriorityGroupConfig  misc.o
    0x08001624   0x08001624   0x0000002a   Code   RO         3376    i.OLED_Clear        oled.o
    0x0800164e   0x0800164e   0x00000002   PAD
    0x08001650   0x08001650   0x00000050   Code   RO         3377    i.OLED_I2C_Init     oled.o
    0x080016a0   0x080016a0   0x00000054   Code   RO         3378    i.OLED_I2C_SendByte  oled.o
    0x080016f4   0x080016f4   0x00000034   Code   RO         3379    i.OLED_I2C_Start    oled.o
    0x08001728   0x08001728   0x00000028   Code   RO         3380    i.OLED_I2C_Stop     oled.o
    0x08001750   0x08001750   0x000000ae   Code   RO         3381    i.OLED_Init         oled.o
    0x080017fe   0x080017fe   0x00000014   Code   RO         3382    i.OLED_Pow          oled.o
    0x08001812   0x08001812   0x00000022   Code   RO         3383    i.OLED_SetCursor    oled.o
    0x08001834   0x08001834   0x00000074   Code   RO         3385    i.OLED_ShowChar     oled.o
    0x080018a8   0x080018a8   0x000000b6   Code   RO         3386    i.OLED_ShowFloatNum  oled.o
    0x0800195e   0x0800195e   0x00000044   Code   RO         3388    i.OLED_ShowNum      oled.o
    0x080019a2   0x080019a2   0x00000066   Code   RO         3389    i.OLED_ShowSignedNum  oled.o
    0x08001a08   0x08001a08   0x00000028   Code   RO         3390    i.OLED_ShowString   oled.o
    0x08001a30   0x08001a30   0x00000020   Code   RO         3391    i.OLED_WriteCommand  oled.o
    0x08001a50   0x08001a50   0x00000020   Code   RO         3392    i.OLED_WriteData    oled.o
    0x08001a70   0x08001a70   0x00000026   Code   RO         4542    i.PID_Init          pid_control.o
    0x08001a96   0x08001a96   0x00000002   PAD
    0x08001a98   0x08001a98   0x00000038   Code   RO         4412    i.PID_SetParam      main.o
    0x08001ad0   0x08001ad0   0x000000d4   Code   RO         3286    i.PWM_Init          pwm.o
    0x08001ba4   0x08001ba4   0x00000014   Code   RO         3287    i.PWM_SetCompare1   pwm.o
    0x08001bb8   0x08001bb8   0x00000014   Code   RO         3288    i.PWM_SetCompare2   pwm.o
    0x08001bcc   0x08001bcc   0x00000002   Code   RO         4483    i.PendSV_Handler    stm32f10x_it.o
    0x08001bce   0x08001bce   0x00000002   PAD
    0x08001bd0   0x08001bd0   0x00000020   Code   RO         1775    i.RCC_APB1PeriphClockCmd  stm32f10x_rcc.o
    0x08001bf0   0x08001bf0   0x00000020   Code   RO         1777    i.RCC_APB2PeriphClockCmd  stm32f10x_rcc.o
    0x08001c10   0x08001c10   0x00000002   Code   RO         4484    i.SVC_Handler       stm32f10x_it.o
    0x08001c12   0x08001c12   0x00000002   PAD
    0x08001c14   0x08001c14   0x00000020   Code   RO         4239    i.Serial_SendByte   serial.o
    0x08001c34   0x08001c34   0x00000008   Code   RO           24    i.SetSysClock       system_stm32f10x.o
    0x08001c3c   0x08001c3c   0x000000e0   Code   RO           25    i.SetSysClockTo72   system_stm32f10x.o
    0x08001d1c   0x08001d1c   0x000000dc   Code   RO         4543    i.Speed_PI          pid_control.o
    0x08001df8   0x08001df8   0x00000002   Code   RO         4485    i.SysTick_Handler   stm32f10x_it.o
    0x08001dfa   0x08001dfa   0x00000002   PAD
    0x08001dfc   0x08001dfc   0x00000060   Code   RO           27    i.SystemInit        system_stm32f10x.o
    0x08001e5c   0x08001e5c   0x00000080   Code   RO         2405    i.TI1_Config        stm32f10x_tim.o
    0x08001edc   0x08001edc   0x00000098   Code   RO         2406    i.TI2_Config        stm32f10x_tim.o
    0x08001f74   0x08001f74   0x00000090   Code   RO         2407    i.TI3_Config        stm32f10x_tim.o
    0x08002004   0x08002004   0x00000098   Code   RO         2408    i.TI4_Config        stm32f10x_tim.o
    0x0800209c   0x0800209c   0x00000020   Code   RO         4413    i.TIM2_IRQHandler   main.o
    0x080020bc   0x080020bc   0x00000006   Code   RO         2415    i.TIM_ClearFlag     stm32f10x_tim.o
    0x080020c2   0x080020c2   0x00000006   Code   RO         2416    i.TIM_ClearITPendingBit  stm32f10x_tim.o
    0x080020c8   0x080020c8   0x00000018   Code   RO         2421    i.TIM_Cmd           stm32f10x_tim.o
    0x080020e0   0x080020e0   0x00000042   Code   RO         2430    i.TIM_EncoderInterfaceConfig  stm32f10x_tim.o
    0x08002122   0x08002122   0x00000006   Code   RO         2440    i.TIM_GetCounter    stm32f10x_tim.o
    0x08002128   0x08002128   0x00000022   Code   RO         2442    i.TIM_GetITStatus   stm32f10x_tim.o
    0x0800214a   0x0800214a   0x00000002   PAD
    0x0800214c   0x0800214c   0x000000ac   Code   RO         2444    i.TIM_ICInit        stm32f10x_tim.o
    0x080021f8   0x080021f8   0x00000012   Code   RO         2445    i.TIM_ICStructInit  stm32f10x_tim.o
    0x0800220a   0x0800220a   0x00000012   Code   RO         2446    i.TIM_ITConfig      stm32f10x_tim.o
    0x0800221c   0x0800221c   0x0000000c   Code   RO         2448    i.TIM_InternalClockConfig  stm32f10x_tim.o
    0x08002228   0x08002228   0x00000098   Code   RO         2450    i.TIM_OC1Init       stm32f10x_tim.o
    0x080022c0   0x080022c0   0x000000a4   Code   RO         2455    i.TIM_OC2Init       stm32f10x_tim.o
    0x08002364   0x08002364   0x00000014   Code   RO         2468    i.TIM_OCStructInit  stm32f10x_tim.o
    0x08002378   0x08002378   0x00000004   Code   RO         2482    i.TIM_SetCompare1   stm32f10x_tim.o
    0x0800237c   0x0800237c   0x00000004   Code   RO         2483    i.TIM_SetCompare2   stm32f10x_tim.o
    0x08002380   0x08002380   0x00000004   Code   RO         2486    i.TIM_SetCounter    stm32f10x_tim.o
    0x08002384   0x08002384   0x00000012   Code   RO         2487    i.TIM_SetIC1Prescaler  stm32f10x_tim.o
    0x08002396   0x08002396   0x0000001a   Code   RO         2488    i.TIM_SetIC2Prescaler  stm32f10x_tim.o
    0x080023b0   0x080023b0   0x00000012   Code   RO         2489    i.TIM_SetIC3Prescaler  stm32f10x_tim.o
    0x080023c2   0x080023c2   0x0000001a   Code   RO         2490    i.TIM_SetIC4Prescaler  stm32f10x_tim.o
    0x080023dc   0x080023dc   0x000000a4   Code   RO         2492    i.TIM_TimeBaseInit  stm32f10x_tim.o
    0x08002480   0x08002480   0x0000001a   Code   RO         3341    i.TimEncoder_Get    tim_encoder.o
    0x0800249a   0x0800249a   0x00000074   Code   RO         4367    i.Timer_Init        timer.o
    0x0800250e   0x0800250e   0x00000002   PAD
    0x08002510   0x08002510   0x00000020   Code   RO         4544    i.Turn              pid_control.o
    0x08002530   0x08002530   0x00000034   Code   RO         4245    i.USART1_IRQHandler  serial.o
    0x08002564   0x08002564   0x0000001e   Code   RO         2957    i.USART_ClearITPendingBit  stm32f10x_usart.o
    0x08002582   0x08002582   0x0000001a   Code   RO         2963    i.USART_GetFlagStatus  stm32f10x_usart.o
    0x0800259c   0x0800259c   0x0000000a   Code   RO         2974    i.USART_ReceiveData  stm32f10x_usart.o
    0x080025a6   0x080025a6   0x00000008   Code   RO         2977    i.USART_SendData    stm32f10x_usart.o
    0x080025ae   0x080025ae   0x00000004   Code   RO         4486    i.UsageFault_Handler  stm32f10x_it.o
    0x080025b2   0x080025b2   0x00000002   PAD
    0x080025b4   0x080025b4   0x00000020   Code   RO         4816    i.__0printf$8       mc_w.l(printf8.o)
    0x080025d4   0x080025d4   0x00000028   Code   RO         4926    i.__ARM_fpclassify  m_ws.l(fpclassify.o)
    0x080025fc   0x080025fc   0x000000aa   Code   RO         4928    i.__kernel_poly     m_ws.l(poly.o)
    0x080026a6   0x080026a6   0x00000006   Code   RO         4913    i.__mathlib_dbl_infnan  m_ws.l(dunder.o)
    0x080026ac   0x080026ac   0x00000004   Code   RO         4914    i.__mathlib_dbl_infnan2  m_ws.l(dunder.o)
    0x080026b0   0x080026b0   0x0000000c   Code   RO         4915    i.__mathlib_dbl_invalid  m_ws.l(dunder.o)
    0x080026bc   0x080026bc   0x00000010   Code   RO         4918    i.__mathlib_dbl_underflow  m_ws.l(dunder.o)
    0x080026cc   0x080026cc   0x0000000e   Code   RO         4988    i.__scatterload_copy  mc_w.l(handlers.o)
    0x080026da   0x080026da   0x00000002   Code   RO         4989    i.__scatterload_null  mc_w.l(handlers.o)
    0x080026dc   0x080026dc   0x0000000e   Code   RO         4990    i.__scatterload_zeroinit  mc_w.l(handlers.o)
    0x080026ea   0x080026ea   0x00000002   PAD
    0x080026ec   0x080026ec   0x0000000c   Code   RO         4964    i.__set_errno       mc_w.l(errno.o)
    0x080026f8   0x080026f8   0x00000410   Code   RO         4823    i._printf_core      mc_w.l(printf8.o)
    0x08002b08   0x08002b08   0x00000024   Code   RO         4824    i._printf_post_padding  mc_w.l(printf8.o)
    0x08002b2c   0x08002b2c   0x0000002e   Code   RO         4825    i._printf_pre_padding  mc_w.l(printf8.o)
    0x08002b5a   0x08002b5a   0x00000002   PAD
    0x08002b5c   0x08002b5c   0x000000ac   Code   RO         3490    i.accel_self_test   inv_mpu.o
    0x08002c08   0x08002c08   0x00000270   Code   RO         4583    i.asin              m_ws.l(asin.o)
    0x08002e78   0x08002e78   0x00000220   Code   RO         4903    i.atan              m_ws.l(atan.o)
    0x08003098   0x08003098   0x00000180   Code   RO         4593    i.atan2             m_ws.l(atan2.o)
    0x08003218   0x08003218   0x00000064   Code   RO         3834    i.decode_gesture    inv_mpu_dmp_motion_driver.o
    0x0800327c   0x0800327c   0x0000003c   Code   RO         3835    i.dmp_enable_6x_lp_quat  inv_mpu_dmp_motion_driver.o
    0x080032b8   0x080032b8   0x0000021c   Code   RO         3836    i.dmp_enable_feature  inv_mpu_dmp_motion_driver.o
    0x080034d4   0x080034d4   0x00000058   Code   RO         3837    i.dmp_enable_gyro_cal  inv_mpu_dmp_motion_driver.o
    0x0800352c   0x0800352c   0x0000003c   Code   RO         3838    i.dmp_enable_lp_quat  inv_mpu_dmp_motion_driver.o
    0x08003568   0x08003568   0x0000001c   Code   RO         3843    i.dmp_load_motion_driver_firmware  inv_mpu_dmp_motion_driver.o
    0x08003584   0x08003584   0x000001cc   Code   RO         3844    i.dmp_read_fifo     inv_mpu_dmp_motion_driver.o
    0x08003750   0x08003750   0x00000070   Code   RO         3848    i.dmp_set_fifo_rate  inv_mpu_dmp_motion_driver.o
    0x080037c0   0x080037c0   0x00000138   Code   RO         3851    i.dmp_set_orientation  inv_mpu_dmp_motion_driver.o
    0x080038f8   0x080038f8   0x00000038   Code   RO         3854    i.dmp_set_shake_reject_thresh  inv_mpu_dmp_motion_driver.o
    0x08003930   0x08003930   0x00000026   Code   RO         3855    i.dmp_set_shake_reject_time  inv_mpu_dmp_motion_driver.o
    0x08003956   0x08003956   0x00000026   Code   RO         3856    i.dmp_set_shake_reject_timeout  inv_mpu_dmp_motion_driver.o
    0x0800397c   0x0800397c   0x00000046   Code   RO         3857    i.dmp_set_tap_axes  inv_mpu_dmp_motion_driver.o
    0x080039c2   0x080039c2   0x00000026   Code   RO         3858    i.dmp_set_tap_count  inv_mpu_dmp_motion_driver.o
    0x080039e8   0x080039e8   0x000001a0   Code   RO         3859    i.dmp_set_tap_thresh  inv_mpu_dmp_motion_driver.o
    0x08003b88   0x08003b88   0x00000026   Code   RO         3860    i.dmp_set_tap_time  inv_mpu_dmp_motion_driver.o
    0x08003bae   0x08003bae   0x00000026   Code   RO         3861    i.dmp_set_tap_time_multi  inv_mpu_dmp_motion_driver.o
    0x08003bd4   0x08003bd4   0x00000010   Code   RO         4246    i.fputc             serial.o
    0x08003be4   0x08003be4   0x000000b4   Code   RO         3491    i.get_accel_prod_shift  inv_mpu.o
    0x08003c98   0x08003c98   0x00000470   Code   RO         3492    i.get_st_biases     inv_mpu.o
    0x08004108   0x08004108   0x00000118   Code   RO         3493    i.gyro_self_test    inv_mpu.o
    0x08004220   0x08004220   0x00000028   Code   RO         3494    i.inv_orientation_matrix_to_scalar  inv_mpu.o
    0x08004248   0x08004248   0x0000004e   Code   RO         3495    i.inv_row_2_scale   inv_mpu.o
    0x08004296   0x08004296   0x00000002   PAD
    0x08004298   0x08004298   0x00000258   Code   RO         4414    i.main              main.o
    0x080044f0   0x080044f0   0x00000002   Code   RO         3496    i.mget_ms           inv_mpu.o
    0x080044f2   0x080044f2   0x00000002   PAD
    0x080044f4   0x080044f4   0x00000070   Code   RO         3497    i.mpu_configure_fifo  inv_mpu.o
    0x08004564   0x08004564   0x00000224   Code   RO         3498    i.mpu_dmp_get_data  inv_mpu.o
    0x08004788   0x08004788   0x000000a0   Code   RO         3499    i.mpu_dmp_init      inv_mpu.o
    0x08004828   0x08004828   0x0000004c   Code   RO         3500    i.mpu_get_accel_fsr  inv_mpu.o
    0x08004874   0x08004874   0x00000054   Code   RO         3502    i.mpu_get_accel_sens  inv_mpu.o
    0x080048c8   0x080048c8   0x00000010   Code   RO         3507    i.mpu_get_fifo_config  inv_mpu.o
    0x080048d8   0x080048d8   0x00000044   Code   RO         3508    i.mpu_get_gyro_fsr  inv_mpu.o
    0x0800491c   0x0800491c   0x00000050   Code   RO         3510    i.mpu_get_gyro_sens  inv_mpu.o
    0x0800496c   0x0800496c   0x00000050   Code   RO         3512    i.mpu_get_lpf       inv_mpu.o
    0x080049bc   0x080049bc   0x00000020   Code   RO         3514    i.mpu_get_sample_rate  inv_mpu.o
    0x080049dc   0x080049dc   0x000001f0   Code   RO         3516    i.mpu_init          inv_mpu.o
    0x08004bcc   0x08004bcc   0x000000b8   Code   RO         3517    i.mpu_load_firmware  inv_mpu.o
    0x08004c84   0x08004c84   0x000000e0   Code   RO         3518    i.mpu_lp_accel_mode  inv_mpu.o
    0x08004d64   0x08004d64   0x000000c0   Code   RO         3521    i.mpu_read_fifo_stream  inv_mpu.o
    0x08004e24   0x08004e24   0x00000080   Code   RO         3522    i.mpu_read_mem      inv_mpu.o
    0x08004ea4   0x08004ea4   0x000001c8   Code   RO         3525    i.mpu_reset_fifo    inv_mpu.o
    0x0800506c   0x0800506c   0x0000011c   Code   RO         3526    i.mpu_run_self_test  inv_mpu.o
    0x08005188   0x08005188   0x00000084   Code   RO         3528    i.mpu_set_accel_fsr  inv_mpu.o
    0x0800520c   0x0800520c   0x0000014c   Code   RO         3529    i.mpu_set_bypass    inv_mpu.o
    0x08005358   0x08005358   0x00000090   Code   RO         3531    i.mpu_set_dmp_state  inv_mpu.o
    0x080053e8   0x080053e8   0x00000088   Code   RO         3532    i.mpu_set_gyro_fsr  inv_mpu.o
    0x08005470   0x08005470   0x0000006c   Code   RO         3533    i.mpu_set_int_latched  inv_mpu.o
    0x080054dc   0x080054dc   0x00000084   Code   RO         3535    i.mpu_set_lpf       inv_mpu.o
    0x08005560   0x08005560   0x0000009c   Code   RO         3536    i.mpu_set_sample_rate  inv_mpu.o
    0x080055fc   0x080055fc   0x000000d0   Code   RO         3537    i.mpu_set_sensors   inv_mpu.o
    0x080056cc   0x080056cc   0x00000080   Code   RO         3538    i.mpu_write_mem     inv_mpu.o
    0x0800574c   0x0800574c   0x0000008c   Code   RO         3539    i.run_self_test     inv_mpu.o
    0x080057d8   0x080057d8   0x00000090   Code   RO         3540    i.set_int_enable    inv_mpu.o
    0x08005868   0x08005868   0x000000a0   Code   RO         4316    i.sonar             hc_sr04.o
    0x08005908   0x08005908   0x0000004c   Code   RO         4932    i.sqrt              m_ws.l(sqrt.o)
    0x08005954   0x08005954   0x000005f0   Data   RO         3393    .constdata          oled.o
    0x08005f44   0x08005f44   0x00000050   Data   RO         3542    .constdata          inv_mpu.o
    0x08005f94   0x08005f94   0x00000bf6   Data   RO         3863    .constdata          inv_mpu_dmp_motion_driver.o
    0x08006b8a   0x08006b8a   0x00000006   PAD
    0x08006b90   0x08006b90   0x00000050   Data   RO         4584    .constdata          m_ws.l(asin.o)
    0x08006be0   0x08006be0   0x00000098   Data   RO         4904    .constdata          m_ws.l(atan.o)
    0x08006c78   0x08006c78   0x00000008   Data   RO         4930    .constdata          m_ws.l(qnan.o)
    0x08006c80   0x08006c80   0x0000004d   Data   RO         3543    .conststring        inv_mpu.o
    0x08006ccd   0x08006ccd   0x00000003   PAD
    0x08006cd0   0x08006cd0   0x00000020   Data   RO         4986    Region$$Table       anon$$obj.o


    Execution Region ER_RW (Exec base: 0x20000000, Load base: 0x08006cf0, Size: 0x00000080, Max: 0xffffffff, ABSOLUTE)

    Exec Addr    Load Addr    Size         Type   Attr      Idx    E Section Name        Object

    0x20000000   0x08006cf0   0x00000001   Data   RW         3200    .data               keys.o
    0x20000001   0x08006cf1   0x00000003   PAD
    0x20000004   0x08006cf4   0x00000035   Data   RW         3544    .data               inv_mpu.o
    0x20000039   0x08006d29   0x00000003   PAD
    0x2000003c   0x08006d2c   0x0000001c   Data   RW         4180    .data               mpu_exti.o
    0x20000058   0x08006d48   0x00000002   Data   RW         4247    .data               serial.o
    0x2000005a   0x08006d4a   0x00000002   PAD
    0x2000005c   0x08006d4c   0x00000009   Data   RW         4415    .data               main.o
    0x20000065   0x08006d55   0x00000003   PAD
    0x20000068   0x08006d58   0x00000010   Data   RW         4546    .data               pid_control.o
    0x20000078   0x08006d68   0x00000004   Data   RW         4953    .data               mc_w.l(stdout.o)
    0x2000007c   0x08006d6c   0x00000004   Data   RW         4965    .data               mc_w.l(errno.o)


    Execution Region ER_ZI (Exec base: 0x20000080, Load base: 0x08006d70, Size: 0x00000460, Max: 0xffffffff, ABSOLUTE)

    Exec Addr    Load Addr    Size         Type   Attr      Idx    E Section Name        Object

    0x20000080        -       0x00000010   Zero   RW         3862    .bss                inv_mpu_dmp_motion_driver.o
    0x20000090        -       0x0000004c   Zero   RW         4545    .bss                pid_control.o
    0x200000dc   0x08006d70   0x00000004   PAD
    0x200000e0        -       0x00000400   Zero   RW            1    STACK               startup_stm32f10x_md.o


==============================================================================

Image component sizes


      Code (inc. data)   RO Data    RW Data    ZI Data      Debug   Object Name

         0          0          0          0          0       4500   core_cm3.o
        70          0          0          0          0        890   delay.o
       160         14          0          0          0        608   hc_sr04.o
      6868        292        157         53          0      34167   inv_mpu.o
      2492        108       3062          0         16      18173   inv_mpu_dmp_motion_driver.o
        88         16          0          1          0       1069   keys.o
       768        132          0          9          0       3325   main.o
       132         22          0          0          0     206907   misc.o
       680          0          0          0          0       6479   mpu6050.o
       312         20          0         28          0       2639   mpu_exti.o
       670        100          0          0          0       4418   mpuiic.o
      1098         22       1520          0          0       8818   oled.o
       406         50          0         16         76       3475   pid_control.o
       252         22          0          0          0       1575   pwm.o
       100         16          0          2          0       3348   serial.o
        36          8        236          0       1024        796   startup_stm32f10x_md.o
         0          0          0          0          0       1640   stm32f10x_adc.o
       224         22          0          0          0       4653   stm32f10x_exti.o
       378          4          0          0          0      12894   stm32f10x_gpio.o
        26          0          0          0          0       3578   stm32f10x_it.o
        64         12          0          0          0       1034   stm32f10x_rcc.o
      1538        180          0          0          0      35034   stm32f10x_tim.o
        74          0          0          0          0       9613   stm32f10x_usart.o
       328         28          0          0          0      30501   system_stm32f10x.o
       246         14          0          0          0       1560   tim_encoder.o
       116          0          0          0          0        525   timer.o

    ----------------------------------------------------------------------
     17152       1082       5016        120       1120     402219   Object Totals
         0          0         32          0          0          0   (incl. Generated)
        26          0          9         11          4          0   (incl. Padding)

    ----------------------------------------------------------------------

      Code (inc. data)   RO Data    RW Data    ZI Data      Debug   Library Member Name

       624         52         80          0          0        168   asin.o
       544         70        152          0          0        124   atan.o
       384         38          0          0          0        144   atan2.o
        38          6          0          0          0        272   dunder.o
        40          0          0          0          0         68   fpclassify.o
       170          0          0          0          0         96   poly.o
         0          0          8          0          0          0   qnan.o
        76          0          0          0          0         84   sqrt.o
         0          0          0          0          0          0   entry.o
         0          0          0          0          0          0   entry10a.o
         0          0          0          0          0          0   entry11a.o
         8          4          0          0          0          0   entry2.o
         4          0          0          0          0          0   entry5.o
         0          0          0          0          0          0   entry7b.o
         0          0          0          0          0          0   entry8b.o
         8          4          0          0          0          0   entry9a.o
        12          6          0          4          0         68   errno.o
        30          0          0          0          0          0   handlers.o
        36          8          0          0          0         68   init.o
         0          0          0          0          0          0   iusefp.o
        98          0          0          0          0         84   ldiv.o
        30          0          0          0          0         68   llshl.o
        36          0          0          0          0         68   llsshr.o
        32          0          0          0          0         68   llushr.o
        26          0          0          0          0         80   memcmp.o
        36          0          0          0          0        108   memseta.o
      1154         54          0          0          0        352   printf8.o
         0          0          0          4          0          0   stdout.o
        98          0          0          0          0         92   uldiv.o
        48          0          0          0          0         68   cdcmple.o
        20          0          0          0          0         68   cfcmple.o
        20          0          0          0          0         68   cfrcmple.o
        56          0          0          0          0         88   d2f.o
       334          0          0          0          0        148   dadd.o
       222          0          0          0          0        100   ddiv.o
       186          0          0          0          0        176   depilogue.o
       228          0          0          0          0         96   dmul.o
        46          0          0          0          0         80   dscalb.o
       162          0          0          0          0        100   dsqrt.o
        38          0          0          0          0         68   f2d.o
       176          0          0          0          0        140   fadd.o
       124          0          0          0          0         88   fdiv.o
       110          0          0          0          0        168   fepilogue.o
        50          0          0          0          0         68   ffixi.o
        40          0          0          0          0         68   ffixui.o
        18          0          0          0          0         68   fflti.o
        10          0          0          0          0         68   ffltui.o
       100          0          0          0          0         76   fmul.o

    ----------------------------------------------------------------------
      5480        242        240          8          0       3816   Library Totals
         8          0          0          0          0          0   (incl. Padding)

    ----------------------------------------------------------------------

      Code (inc. data)   RO Data    RW Data    ZI Data      Debug   Library Name

      1876        166        240          0          0        956   m_ws.l
      1608         76          0          8          0       1056   mc_w.l
      1988          0          0          0          0       1804   mf_w.l

    ----------------------------------------------------------------------
      5480        242        240          8          0       3816   Library Totals

    ----------------------------------------------------------------------

==============================================================================


      Code (inc. data)   RO Data    RW Data    ZI Data      Debug   

     22632       1324       5256        128       1120     395683   Grand Totals
     22632       1324       5256        128       1120     395683   ELF Image Totals
     22632       1324       5256        128          0          0   ROM Totals

==============================================================================

    Total RO  Size (Code + RO Data)                27888 (  27.23kB)
    Total RW  Size (RW Data + ZI Data)              1248 (   1.22kB)
    Total ROM Size (Code + RO Data + RW Data)      28016 (  27.36kB)

==============================================================================

