Component: ARM Compiler 5.06 update 5 (build 528) Tool: armlink [4d35e2]

==============================================================================

Section Cross References

    startup_stm32f10x_md.o(RESET) refers to startup_stm32f10x_md.o(STACK) for __initial_sp
    startup_stm32f10x_md.o(RESET) refers to startup_stm32f10x_md.o(.text) for Reset_Handler
    startup_stm32f10x_md.o(RESET) refers to stm32f10x_it.o(i.NMI_Handler) for NMI_Handler
    startup_stm32f10x_md.o(RESET) refers to stm32f10x_it.o(i.HardFault_Handler) for HardFault_Handler
    startup_stm32f10x_md.o(RESET) refers to stm32f10x_it.o(i.MemManage_Handler) for MemManage_Handler
    startup_stm32f10x_md.o(RESET) refers to stm32f10x_it.o(i.BusFault_Handler) for BusFault_Handler
    startup_stm32f10x_md.o(RESET) refers to stm32f10x_it.o(i.UsageFault_Handler) for UsageFault_Handler
    startup_stm32f10x_md.o(RESET) refers to stm32f10x_it.o(i.SVC_Handler) for SVC_Handler
    startup_stm32f10x_md.o(RESET) refers to stm32f10x_it.o(i.DebugMon_Handler) for DebugMon_Handler
    startup_stm32f10x_md.o(RESET) refers to stm32f10x_it.o(i.PendSV_Handler) for PendSV_Handler
    startup_stm32f10x_md.o(RESET) refers to stm32f10x_it.o(i.SysTick_Handler) for SysTick_Handler
    startup_stm32f10x_md.o(RESET) refers to serial.o(i.USART1_IRQHandler) for USART1_IRQHandler
    startup_stm32f10x_md.o(RESET) refers to main.o(i.EXTI15_10_IRQHandler) for EXTI15_10_IRQHandler
    startup_stm32f10x_md.o(.text) refers to system_stm32f10x.o(i.SystemInit) for SystemInit
    startup_stm32f10x_md.o(.text) refers to entry.o(.ARM.Collect$$$$00000000) for __main
    system_stm32f10x.o(i.SetSysClock) refers to system_stm32f10x.o(i.SetSysClockTo72) for SetSysClockTo72
    system_stm32f10x.o(i.SystemCoreClockUpdate) refers to system_stm32f10x.o(.data) for SystemCoreClock
    system_stm32f10x.o(i.SystemInit) refers to system_stm32f10x.o(i.SetSysClock) for SetSysClock
    stm32f10x_adc.o(i.ADC_DeInit) refers to stm32f10x_rcc.o(i.RCC_APB2PeriphResetCmd) for RCC_APB2PeriphResetCmd
    stm32f10x_bkp.o(i.BKP_DeInit) refers to stm32f10x_rcc.o(i.RCC_BackupResetCmd) for RCC_BackupResetCmd
    stm32f10x_can.o(i.CAN_DeInit) refers to stm32f10x_rcc.o(i.RCC_APB1PeriphResetCmd) for RCC_APB1PeriphResetCmd
    stm32f10x_can.o(i.CAN_GetITStatus) refers to stm32f10x_can.o(i.CheckITStatus) for CheckITStatus
    stm32f10x_cec.o(i.CEC_DeInit) refers to stm32f10x_rcc.o(i.RCC_APB1PeriphResetCmd) for RCC_APB1PeriphResetCmd
    stm32f10x_dac.o(i.DAC_DeInit) refers to stm32f10x_rcc.o(i.RCC_APB1PeriphResetCmd) for RCC_APB1PeriphResetCmd
    stm32f10x_flash.o(i.FLASH_EnableWriteProtection) refers to stm32f10x_flash.o(i.FLASH_WaitForLastOperation) for FLASH_WaitForLastOperation
    stm32f10x_flash.o(i.FLASH_EraseAllBank1Pages) refers to stm32f10x_flash.o(i.FLASH_WaitForLastBank1Operation) for FLASH_WaitForLastBank1Operation
    stm32f10x_flash.o(i.FLASH_EraseAllPages) refers to stm32f10x_flash.o(i.FLASH_WaitForLastOperation) for FLASH_WaitForLastOperation
    stm32f10x_flash.o(i.FLASH_EraseOptionBytes) refers to stm32f10x_flash.o(i.FLASH_GetReadOutProtectionStatus) for FLASH_GetReadOutProtectionStatus
    stm32f10x_flash.o(i.FLASH_EraseOptionBytes) refers to stm32f10x_flash.o(i.FLASH_WaitForLastOperation) for FLASH_WaitForLastOperation
    stm32f10x_flash.o(i.FLASH_ErasePage) refers to stm32f10x_flash.o(i.FLASH_WaitForLastOperation) for FLASH_WaitForLastOperation
    stm32f10x_flash.o(i.FLASH_ProgramHalfWord) refers to stm32f10x_flash.o(i.FLASH_WaitForLastOperation) for FLASH_WaitForLastOperation
    stm32f10x_flash.o(i.FLASH_ProgramOptionByteData) refers to stm32f10x_flash.o(i.FLASH_WaitForLastOperation) for FLASH_WaitForLastOperation
    stm32f10x_flash.o(i.FLASH_ProgramWord) refers to stm32f10x_flash.o(i.FLASH_WaitForLastOperation) for FLASH_WaitForLastOperation
    stm32f10x_flash.o(i.FLASH_ReadOutProtection) refers to stm32f10x_flash.o(i.FLASH_WaitForLastOperation) for FLASH_WaitForLastOperation
    stm32f10x_flash.o(i.FLASH_UserOptionByteConfig) refers to stm32f10x_flash.o(i.FLASH_WaitForLastOperation) for FLASH_WaitForLastOperation
    stm32f10x_flash.o(i.FLASH_WaitForLastBank1Operation) refers to stm32f10x_flash.o(i.FLASH_GetBank1Status) for FLASH_GetBank1Status
    stm32f10x_flash.o(i.FLASH_WaitForLastOperation) refers to stm32f10x_flash.o(i.FLASH_GetBank1Status) for FLASH_GetBank1Status
    stm32f10x_gpio.o(i.GPIO_AFIODeInit) refers to stm32f10x_rcc.o(i.RCC_APB2PeriphResetCmd) for RCC_APB2PeriphResetCmd
    stm32f10x_gpio.o(i.GPIO_DeInit) refers to stm32f10x_rcc.o(i.RCC_APB2PeriphResetCmd) for RCC_APB2PeriphResetCmd
    stm32f10x_i2c.o(i.I2C_DeInit) refers to stm32f10x_rcc.o(i.RCC_APB1PeriphResetCmd) for RCC_APB1PeriphResetCmd
    stm32f10x_i2c.o(i.I2C_Init) refers to stm32f10x_rcc.o(i.RCC_GetClocksFreq) for RCC_GetClocksFreq
    stm32f10x_pwr.o(i.PWR_DeInit) refers to stm32f10x_rcc.o(i.RCC_APB1PeriphResetCmd) for RCC_APB1PeriphResetCmd
[...]
    i.MPU_IIC_Stop                           0x08001548   Section        0  mpuiic.o(i.MPU_IIC_Stop)
    i.MPU_IIC_Wait_Ack                       0x08001590   Section        0  mpuiic.o(i.MPU_IIC_Wait_Ack)
    i.MPU_Init                               0x080015f4   Section        0  mpu6050.o(i.MPU_Init)
    i.MPU_Read_Byte                          0x08001666   Section        0  mpu6050.o(i.MPU_Read_Byte)
    i.MPU_Read_Len                           0x080016a0   Section        0  mpu6050.o(i.MPU_Read_Len)
    i.MPU_Set_Accel_Fsr                      0x08001714   Section        0  mpu6050.o(i.MPU_Set_Accel_Fsr)
    i.MPU_Set_Gyro_Fsr                       0x08001724   Section        0  mpu6050.o(i.MPU_Set_Gyro_Fsr)
    i.MPU_Set_LPF                            0x08001734   Section        0  mpu6050.o(i.MPU_Set_LPF)
    i.MPU_Set_Rate                           0x0800176e   Section        0  mpu6050.o(i.MPU_Set_Rate)
    i.MPU_Write_Byte                         0x080017a8   Section        0  mpu6050.o(i.MPU_Write_Byte)
    i.MPU_Write_Len                          0x080017ec   Section        0  mpu6050.o(i.MPU_Write_Len)
    i.MemManage_Handler                      0x0800184c   Section        0  stm32f10x_it.o(i.MemManage_Handler)
    i.NMI_Handler                            0x08001850   Section        0  stm32f10x_it.o(i.NMI_Handler)
    i.NVIC_Init                              0x08001854   Section        0  misc.o(i.NVIC_Init)
    i.NVIC_PriorityGroupConfig               0x080018c4   Section        0  misc.o(i.NVIC_PriorityGroupConfig)
    i.OLED_Clear                             0x080018d8   Section        0  oled.o(i.OLED_Clear)
    i.OLED_I2C_Init                          0x08001904   Section        0  oled.o(i.OLED_I2C_Init)
    i.OLED_I2C_SendByte                      0x08001954   Section        0  oled.o(i.OLED_I2C_SendByte)
    i.OLED_I2C_Start                         0x080019a8   Section        0  oled.o(i.OLED_I2C_Start)
    i.OLED_I2C_Stop                          0x080019dc   Section        0  oled.o(i.OLED_I2C_Stop)
    i.OLED_Init                              0x08001a04   Section        0  oled.o(i.OLED_Init)
    i.OLED_Pow                               0x08001ab2   Section        0  oled.o(i.OLED_Pow)
    i.OLED_SetCursor                         0x08001ac6   Section        0  oled.o(i.OLED_SetCursor)
    i.OLED_ShowChar                          0x08001ae8   Section        0  oled.o(i.OLED_ShowChar)
    i.OLED_ShowFloatNum                      0x08001b5c   Section        0  oled.o(i.OLED_ShowFloatNum)
    i.OLED_ShowNum                           0x08001c12   Section        0  oled.o(i.OLED_ShowNum)
    i.OLED_ShowParam                         0x08001c58   Section        0  main.o(i.OLED_ShowParam)
    i.OLED_ShowSignedNum                     0x08001ce4   Section        0  oled.o(i.OLED_ShowSignedNum)
    i.OLED_ShowString                        0x08001d4a   Section        0  oled.o(i.OLED_ShowString)
    i.OLED_WriteCommand                      0x08001d72   Section        0  oled.o(i.OLED_WriteCommand)
    i.OLED_WriteData                         0x08001d92   Section        0  oled.o(i.OLED_WriteData)
    i.PID_Init                               0x08001db2   Section        0  pid_control.o(i.PID_Init)
    i.PID_SetParam                           0x08001dd4   Section        0  main.o(i.PID_SetParam)
    i.PWM_Init                               0x08001e0c   Section        0  pwm.o(i.PWM_Init)
    i.PWM_SetCompare1                        0x08001ec0   Section        0  pwm.o(i.PWM_SetCompare1)
    i.PWM_SetCompare2                        0x08001ed0   Section        0  pwm.o(i.PWM_SetCompare2)
    i.PendSV_Handler                         0x08001ee0   Section        0  stm32f10x_it.o(i.PendSV_Handler)
    i.RCC_APB1PeriphClockCmd                 0x08001ee4   Section        0  stm32f10x_rcc.o(i.RCC_APB1PeriphClockCmd)
    i.RCC_APB2PeriphClockCmd                 0x08001f04   Section        0  stm32f10x_rcc.o(i.RCC_APB2PeriphClockCmd)
    i.RCC_GetClocksFreq                      0x08001f24   Section        0  stm32f10x_rcc.o(i.RCC_GetClocksFreq)
    i.SVC_Handler                            0x08001ff8   Section        0  stm32f10x_it.o(i.SVC_Handler)
    i.Serial_Command                         0x08001ffc   Section        0  serial.o(i.Serial_Command)
    i.Serial_Init                            0x08002158   Section        0  serial.o(i.Serial_Init)
    i.Serial_SendByte                        0x08002210   Section        0  serial.o(i.Serial_SendByte)
    i.SetSysClock                            0x08002230   Section        0  system_stm32f10x.o(i.SetSysClock)
    SetSysClock                              0x08002231   Thumb Code     8  system_stm32f10x.o(i.SetSysClock)
    i.SetSysClockTo72                        0x08002238   Section        0  system_stm32f10x.o(i.SetSysClockTo72)
    SetSysClockTo72                          0x08002239   Thumb Code   214  system_stm32f10x.o(i.SetSysClockTo72)
    i.Speed_PI                               0x08002318   Section        0  pid_control.o(i.Speed_PI)
    i.SysTick_Handler                        0x080023f4   Section        0  stm32f10x_it.o(i.SysTick_Handler)
    i.SystemInit                             0x080023f8   Section        0  system_stm32f10x.o(i.SystemInit)
    i.TI1_Config                             0x08002458   Section        0  stm32f10x_tim.o(i.TI1_Config)
    TI1_Config                               0x08002459   Thumb Code   108  stm32f10x_tim.o(i.TI1_Config)
    i.TI2_Config                             0x080024d8   Section        0  stm32f10x_tim.o(i.TI2_Config)
    TI2_Config                               0x080024d9   Thumb Code   130  stm32f10x_tim.o(i.TI2_Config)
    i.TI3_Config                             0x08002570   Section        0  stm32f10x_tim.o(i.TI3_Config)
    TI3_Config                               0x08002571   Thumb Code   122  stm32f10x_tim.o(i.TI3_Config)
    i.TI4_Config                             0x08002600   Section        0  stm32f10x_tim.o(i.TI4_Config)
    TI4_Config                               0x08002601   Thumb Code   130  stm32f10x_tim.o(i.TI4_Config)
    i.TIM_Cmd                                0x08002698   Section        0  stm32f10x_tim.o(i.TIM_Cmd)
    i.TIM_EncoderInterfaceConfig             0x080026b0   Section        0  stm32f10x_tim.o(i.TIM_EncoderInterfaceConfig)
    i.TIM_GetCounter                         0x080026f2   Section        0  stm32f10x_tim.o(i.TIM_GetCounter)
    i.TIM_ICInit                             0x080026f8   Section        0  stm32f10x_tim.o(i.TIM_ICInit)
    i.TIM_ICStructInit                       0x080027a4   Section        0  stm32f10x_tim.o(i.TIM_ICStructInit)
    i.TIM_InternalClockConfig                0x080027b6   Section        0  stm32f10x_tim.o(i.TIM_InternalClockConfig)
    i.TIM_OC1Init                            0x080027c4   Section        0  stm32f10x_tim.o(i.TIM_OC1Init)
    i.TIM_OC2Init                            0x0800285c   Section        0  stm32f10x_tim.o(i.TIM_OC2Init)
    i.TIM_OCStructInit                       0x08002900   Section        0  stm32f10x_tim.o(i.TIM_OCStructInit)
    i.TIM_SetCompare1                        0x08002914   Section        0  stm32f10x_tim.o(i.TIM_SetCompare1)
    i.TIM_SetCompare2                        0x08002918   Section        0  stm32f10x_tim.o(i.TIM_SetCompare2)
    i.TIM_SetCounter                         0x0800291c   Section        0  stm32f10x_tim.o(i.TIM_SetCounter)
    i.TIM_SetIC1Prescaler                    0x08002920   Section        0  stm32f10x_tim.o(i.TIM_SetIC1Prescaler)
    i.TIM_SetIC2Prescaler                    0x08002932   Section        0  stm32f10x_tim.o(i.TIM_SetIC2Prescaler)
    i.TIM_SetIC3Prescaler                    0x0800294c   Section        0  stm32f10x_tim.o(i.TIM_SetIC3Prescaler)
    i.TIM_SetIC4Prescaler                    0x0800295e   Section        0  stm32f10x_tim.o(i.TIM_SetIC4Prescaler)
    i.TIM_TimeBaseInit                       0x08002978   Section        0  stm32f10x_tim.o(i.TIM_TimeBaseInit)
    i.TimEncoder_Get                         0x08002a1c   Section        0  tim_encoder.o(i.TimEncoder_Get)
    i.Turn_P                                 0x08002a38   Section        0  pid_control.o(i.Turn_P)
    i.USART1_IRQHandler                      0x08002a84   Section        0  serial.o(i.USART1_IRQHandler)
    i.USART_ClearITPendingBit                0x08002b24   Section        0  stm32f10x_usart.o(i.USART_ClearITPendingBit)
    i.USART_Cmd                              0x08002b42   Section        0  stm32f10x_usart.o(i.USART_Cmd)
    i.USART_GetFlagStatus                    0x08002b5a   Section        0  stm32f10x_usart.o(i.USART_GetFlagStatus)
    i.USART_GetITStatus                      0x08002b74   Section        0  stm32f10x_usart.o(i.USART_GetITStatus)
    i.USART_ITConfig                         0x08002bc8   Section        0  stm32f10x_usart.o(i.USART_ITConfig)
    i.USART_Init                             0x08002c14   Section        0  stm32f10x_usart.o(i.USART_Init)
    i.USART_ReceiveData                      0x08002cec   Section        0  stm32f10x_usart.o(i.USART_ReceiveData)
    i.USART_SendData                         0x08002cf6   Section        0  stm32f10x_usart.o(i.USART_SendData)
    i.UsageFault_Handler                     0x08002cfe   Section        0  stm32f10x_it.o(i.UsageFault_Handler)
    i.Xunji_GetValue                         0x08002d04   Section        0  main.o(i.Xunji_GetValue)
    i.Xunji_Init                             0x08002d5c   Section        0  xunji.o(i.Xunji_Init)
    i.__0printf                              0x08002d88   Section        0  printfa.o(i.__0printf)
    i.__ARM_fpclassify                       0x08002da8   Section        0  fpclassify.o(i.__ARM_fpclassify)
    i.__kernel_poly                          0x08002dd0   Section        0  poly.o(i.__kernel_poly)
    i.__mathlib_dbl_infnan                   0x08002e7a   Section        0  dunder.o(i.__mathlib_dbl_infnan)
    i.__mathlib_dbl_infnan2                  0x08002e80   Section        0  dunder.o(i.__mathlib_dbl_infnan2)
    i.__mathlib_dbl_invalid                  0x08002e84   Section        0  dunder.o(i.__mathlib_dbl_invalid)
    i.__mathlib_dbl_underflow                0x08002e90   Section        0  dunder.o(i.__mathlib_dbl_underflow)
    i.__scatterload_copy                     0x08002ea0   Section       14  handlers.o(i.__scatterload_copy)
    i.__scatterload_null                     0x08002eae   Section        2  handlers.o(i.__scatterload_null)
    i.__scatterload_zeroinit                 0x08002eb0   Section       14  handlers.o(i.__scatterload_zeroinit)
    i.__set_errno                            0x08002ec0   Section        0  errno.o(i.__set_errno)
    i._fp_digits                             0x08002ecc   Section        0  printfa.o(i._fp_digits)
    _fp_digits                               0x08002ecd   Thumb Code   366  printfa.o(i._fp_digits)
    i._printf_core                           0x08003050   Section        0  printfa.o(i._printf_core)
    _printf_core                             0x08003051   Thumb Code  1744  printfa.o(i._printf_core)
    i._printf_post_padding                   0x0800372c   Section        0  printfa.o(i._printf_post_padding)
    _printf_post_padding                     0x0800372d   Thumb Code    36  printfa.o(i._printf_post_padding)
    i._printf_pre_padding                    0x08003750   Section        0  printfa.o(i._printf_pre_padding)
    _printf_pre_padding                      0x08003751   Thumb Code    46  printfa.o(i._printf_pre_padding)
    i.accel_self_test                        0x08003780   Section        0  inv_mpu.o(i.accel_self_test)
    accel_self_test                          0x08003781   Thumb Code   164  inv_mpu.o(i.accel_self_test)
    i.asin                                   0x08003828   Section        0  asin.o(i.asin)
    i.atan                                   0x08003a98   Section        0  atan.o(i.atan)
    i.atan2                                  0x08003cb8   Section        0  atan2.o(i.atan2)
    i.decode_gesture                         0x08003e38   Section        0  inv_mpu_dmp_motion_driver.o(i.decode_gesture)
    decode_gesture                           0x08003e39   Thumb Code    94  inv_mpu_dmp_motion_driver.o(i.decode_gesture)
    i.dmp_enable_6x_lp_quat                  0x08003e9c   Section        0  inv_mpu_dmp_motion_driver.o(i.dmp_enable_6x_lp_quat)
    i.dmp_enable_feature                     0x08003ed8   Section        0  inv_mpu_dmp_motion_driver.o(i.dmp_enable_feature)
    i.dmp_enable_gyro_cal                    0x080040f4   Section        0  inv_mpu_dmp_motion_driver.o(i.dmp_enable_gyro_cal)
    i.dmp_enable_lp_quat                     0x0800414c   Section        0  inv_mpu_dmp_motion_driver.o(i.dmp_enable_lp_quat)
    i.dmp_load_motion_driver_firmware        0x08004188   Section        0  inv_mpu_dmp_motion_driver.o(i.dmp_load_motion_driver_firmware)
    i.dmp_read_fifo                          0x080041a4   Section        0  inv_mpu_dmp_motion_driver.o(i.dmp_read_fifo)
    i.dmp_set_fifo_rate                      0x08004370   Section        0  inv_mpu_dmp_motion_driver.o(i.dmp_set_fifo_rate)
    i.dmp_set_orientation                    0x080043e0   Section        0  inv_mpu_dmp_motion_driver.o(i.dmp_set_orientation)
    i.dmp_set_shake_reject_thresh            0x08004518   Section        0  inv_mpu_dmp_motion_driver.o(i.dmp_set_shake_reject_thresh)
    i.dmp_set_shake_reject_time              0x08004550   Section        0  inv_mpu_dmp_motion_driver.o(i.dmp_set_shake_reject_time)
    i.dmp_set_shake_reject_timeout           0x08004576   Section        0  inv_mpu_dmp_motion_driver.o(i.dmp_set_shake_reject_timeout)
    i.dmp_set_tap_axes                       0x0800459c   Section        0  inv_mpu_dmp_motion_driver.o(i.dmp_set_tap_axes)
    i.dmp_set_tap_count                      0x080045e2   Section        0  inv_mpu_dmp_motion_driver.o(i.dmp_set_tap_count)
    i.dmp_set_tap_thresh                     0x08004608   Section        0  inv_mpu_dmp_motion_driver.o(i.dmp_set_tap_thresh)
    i.dmp_set_tap_time                       0x080047a8   Section        0  inv_mpu_dmp_motion_driver.o(i.dmp_set_tap_time)
    i.dmp_set_tap_time_multi                 0x080047ce   Section        0  inv_mpu_dmp_motion_driver.o(i.dmp_set_tap_time_multi)
    i.fputc                                  0x080047f4   Section        0  serial.o(i.fputc)
    i.get_accel_prod_shift                   0x08004804   Section        0  inv_mpu.o(i.get_accel_prod_shift)
    get_accel_prod_shift                     0x08004805   Thumb Code   168  inv_mpu.o(i.get_accel_prod_shift)
    i.get_st_biases                          0x080048b8   Section        0  inv_mpu.o(i.get_st_biases)
    get_st_biases                            0x080048b9   Thumb Code  1132  inv_mpu.o(i.get_st_biases)
    i.gyro_self_test                         0x08004d28   Section        0  inv_mpu.o(i.gyro_self_test)
    gyro_self_test                           0x08004d29   Thumb Code   256  inv_mpu.o(i.gyro_self_test)
    i.inv_orientation_matrix_to_scalar       0x08004e38   Section        0  inv_mpu.o(i.inv_orientation_matrix_to_scalar)
    i.inv_row_2_scale                        0x08004e60   Section        0  inv_mpu.o(i.inv_row_2_scale)
    i.main                                   0x08004eb0   Section        0  main.o(i.main)
    i.mget_ms                                0x08005058   Section        0  inv_mpu.o(i.mget_ms)
    i.mpu_configure_fifo                     0x0800505c   Section        0  inv_mpu.o(i.mpu_configure_fifo)
    i.mpu_dmp_get_data                       0x080050cc   Section        0  inv_mpu.o(i.mpu_dmp_get_data)
    i.mpu_dmp_init                           0x080052f0   Section        0  inv_mpu.o(i.mpu_dmp_init)
    i.mpu_get_accel_fsr                      0x08005390   Section        0  inv_mpu.o(i.mpu_get_accel_fsr)
    i.mpu_get_accel_sens                     0x080053dc   Section        0  inv_mpu.o(i.mpu_get_accel_sens)
    i.mpu_get_fifo_config                    0x08005430   Section        0  inv_mpu.o(i.mpu_get_fifo_config)
    i.mpu_get_gyro_fsr                       0x08005440   Section        0  inv_mpu.o(i.mpu_get_gyro_fsr)
    i.mpu_get_gyro_sens                      0x08005484   Section        0  inv_mpu.o(i.mpu_get_gyro_sens)
    i.mpu_get_lpf                            0x080054d4   Section        0  inv_mpu.o(i.mpu_get_lpf)
    i.mpu_get_sample_rate                    0x08005524   Section        0  inv_mpu.o(i.mpu_get_sample_rate)
    i.mpu_init                               0x08005544   Section        0  inv_mpu.o(i.mpu_init)
    i.mpu_load_firmware                      0x08005734   Section        0  inv_mpu.o(i.mpu_load_firmware)
    i.mpu_lp_accel_mode                      0x080057ec   Section        0  inv_mpu.o(i.mpu_lp_accel_mode)
    i.mpu_read_fifo_stream                   0x080058cc   Section        0  inv_mpu.o(i.mpu_read_fifo_stream)
    i.mpu_read_mem                           0x0800598c   Section        0  inv_mpu.o(i.mpu_read_mem)
    i.mpu_reset_fifo                         0x08005a0c   Section        0  inv_mpu.o(i.mpu_reset_fifo)
    i.mpu_run_self_test                      0x08005bd4   Section        0  inv_mpu.o(i.mpu_run_self_test)
    i.mpu_set_accel_fsr                      0x08005cf0   Section        0  inv_mpu.o(i.mpu_set_accel_fsr)
    i.mpu_set_bypass                         0x08005d74   Section        0  inv_mpu.o(i.mpu_set_bypass)
    i.mpu_set_dmp_state                      0x08005ec0   Section        0  inv_mpu.o(i.mpu_set_dmp_state)
    i.mpu_set_gyro_fsr                       0x08005f50   Section        0  inv_mpu.o(i.mpu_set_gyro_fsr)
    i.mpu_set_int_latched                    0x08005fd8   Section        0  inv_mpu.o(i.mpu_set_int_latched)
    i.mpu_set_lpf                            0x08006044   Section        0  inv_mpu.o(i.mpu_set_lpf)
    i.mpu_set_sample_rate                    0x080060c8   Section        0  inv_mpu.o(i.mpu_set_sample_rate)
    i.mpu_set_sensors                        0x08006164   Section        0  inv_mpu.o(i.mpu_set_sensors)
    i.mpu_write_mem                          0x08006234   Section        0  inv_mpu.o(i.mpu_write_mem)
    i.run_self_test                          0x080062b4   Section        0  inv_mpu.o(i.run_self_test)
    i.set_int_enable                         0x08006340   Section        0  inv_mpu.o(i.set_int_enable)
    set_int_enable                           0x08006341   Thumb Code   138  inv_mpu.o(i.set_int_enable)
    i.sqrt                                   0x080063d0   Section        0  sqrt.o(i.sqrt)
    .constdata                               0x0800641c   Section     1520  oled.o(.constdata)
    .constdata                               0x08006a0c   Section       80  inv_mpu.o(.constdata)
    .constdata                               0x08006a5c   Section     3062  inv_mpu_dmp_motion_driver.o(.constdata)
    dmp_memory                               0x08006a5c   Data        3062  inv_mpu_dmp_motion_driver.o(.constdata)
    .constdata                               0x08007658   Section       80  asin.o(.constdata)
    pS                                       0x08007658   Data          48  asin.o(.constdata)
    qS                                       0x08007688   Data          32  asin.o(.constdata)
    .constdata                               0x080076a8   Section      152  atan.o(.constdata)
    atanhi                                   0x080076a8   Data          32  atan.o(.constdata)
    atanlo                                   0x080076c8   Data          32  atan.o(.constdata)
    aTodd                                    0x080076e8   Data          40  atan.o(.constdata)
    aTeven                                   0x08007710   Data          48  atan.o(.constdata)
    .constdata                               0x08007740   Section        8  qnan.o(.constdata)
    .conststring                             0x08007748   Section       77  inv_mpu.o(.conststring)
    .data                                    0x20000000   Section       20  stm32f10x_rcc.o(.data)
    APBAHBPrescTable                         0x20000000   Data          16  stm32f10x_rcc.o(.data)
    ADCPrescTable                            0x20000010   Data           4  stm32f10x_rcc.o(.data)
    .data                                    0x20000014   Section       53  inv_mpu.o(.data)
    st                                       0x20000014   Data          44  inv_mpu.o(.data)
    gyro_orientation                         0x20000040   Data           9  inv_mpu.o(.data)
    .data                                    0x2000004c   Section       28  mpu_exti.o(.data)
    .data                                    0x20000068   Section        8  serial.o(.data)
    RxState                                  0x2000006e   Data           1  serial.o(.data)
    pRxPacket                                0x2000006f   Data           1  serial.o(.data)
    .data                                    0x20000070   Section       12  main.o(.data)
    .data                                    0x2000007c   Section       24  pid_control.o(.data)
    error                                    0x20000088   Data           4  pid_control.o(.data)
    Encoder                                  0x2000008c   Data           4  pid_control.o(.data)
    Encoder_last                             0x20000090   Data           4  pid_control.o(.data)
    .data                                    0x20000094   Section        4  stdout.o(.data)
    .data                                    0x20000098   Section        4  errno.o(.data)
    _errno                                   0x20000098   Data           4  errno.o(.data)
    .bss                                     0x2000009c   Section       16  inv_mpu_dmp_motion_driver.o(.bss)
    dmp                                      0x2000009c   Data          16  inv_mpu_dmp_motion_driver.o(.bss)
    .bss                                     0x200000ac   Section      100  serial.o(.bss)
    .bss                                     0x20000110   Section       68  pid_control.o(.bss)
    STACK                                    0x20000158   Section     1024  startup_stm32f10x_md.o(STACK)

    Global Symbols

    Symbol Name                              Value     Ov Type        Size  Object(Section)

    BuildAttributes$$THM_ISAv4$P$D$K$B$S$PE$A:L22UL41UL21$X:L11$S22US41US21$IEEE1$IW$USESV6$~STKCKD$USESV7$~SHL$OTIME$ROPI$IEEEX$EBA8$MICROLIB$REQ8$PRES8$EABIv2 0x00000000   Number         0  anon$$obj.o ABSOLUTE
    __ARM_use_no_argv                        0x00000000   Number         0  main.o ABSOLUTE
    _printf_a                                0x00000000   Number         0  stubs.o ABSOLUTE
    _printf_c                                0x00000000   Number         0  stubs.o ABSOLUTE
    _printf_charcount                        0x00000000   Number         0  stubs.o ABSOLUTE
    _printf_d                                0x00000000   Number         0  stubs.o ABSOLUTE
    _printf_e                                0x00000000   Number         0  stubs.o ABSOLUTE
    _printf_f                                0x00000000   Number         0  stubs.o ABSOLUTE
    _printf_flags                            0x00000000   Number         0  stubs.o ABSOLUTE
    _printf_fp_dec                           0x00000000   Number         0  stubs.o ABSOLUTE
    _printf_fp_hex                           0x00000000   Number         0  stubs.o ABSOLUTE
    _printf_g                                0x00000000   Number         0  stubs.o ABSOLUTE
    _printf_i                                0x00000000   Number         0  stubs.o ABSOLUTE
    _printf_int_dec                          0x00000000   Number         0  stubs.o ABSOLUTE
    _printf_l                                0x00000000   Number         0  stubs.o ABSOLUTE
    _printf_lc                               0x00000000   Number         0  stubs.o ABSOLUTE
    _printf_ll                               0x00000000   Number         0  stubs.o ABSOLUTE
    _printf_lld                              0x00000000   Number         0  stubs.o ABSOLUTE
    _printf_lli                              0x00000000   Number         0  stubs.o ABSOLUTE
    _printf_llo                              0x00000000   Number         0  stubs.o ABSOLUTE
    _printf_llu                              0x00000000   Number         0  stubs.o ABSOLUTE
    _printf_llx                              0x00000000   Number         0  stubs.o ABSOLUTE
    _printf_longlong_dec                     0x00000000   Number         0  stubs.o ABSOLUTE
    _printf_longlong_hex                     0x00000000   Number         0  stubs.o ABSOLUTE
    _printf_longlong_oct                     0x00000000   Number         0  stubs.o ABSOLUTE
    _printf_ls                               0x00000000   Number         0  stubs.o ABSOLUTE
    _printf_mbtowc                           0x00000000   Number         0  stubs.o ABSOLUTE
    _printf_n                                0x00000000   Number         0  stubs.o ABSOLUTE
    _printf_o                                0x00000000   Number         0  stubs.o ABSOLUTE
    _printf_p                                0x00000000   Number         0  stubs.o ABSOLUTE
    _printf_percent                          0x00000000   Number         0  stubs.o ABSOLUTE
    _printf_pre_padding                      0x00000000   Number         0  stubs.o ABSOLUTE
    _printf_return_value                     0x00000000   Number         0  stubs.o ABSOLUTE
    _printf_s                                0x00000000   Number         0  stubs.o ABSOLUTE
    _printf_sizespec                         0x00000000   Number         0  stubs.o ABSOLUTE
    _printf_str                              0x00000000   Number         0  stubs.o ABSOLUTE
    _printf_truncate_signed                  0x00000000   Number         0  stubs.o ABSOLUTE
    _printf_truncate_unsigned                0x00000000   Number         0  stubs.o ABSOLUTE
    _printf_u                                0x00000000   Number         0  stubs.o ABSOLUTE
    _printf_wc                               0x00000000   Number         0  stubs.o ABSOLUTE
    _printf_wctomb                           0x00000000   Number         0  stubs.o ABSOLUTE
    _printf_widthprec                        0x00000000   Number         0  stubs.o ABSOLUTE
    _printf_x                                0x00000000   Number         0  stubs.o ABSOLUTE
    __cpp_initialize__aeabi_                  - Undefined Weak Reference
    __cxa_finalize                            - Undefined Weak Reference
    __decompress                              - Undefined Weak Reference
    _clock_init                               - Undefined Weak Reference
    _microlib_exit                            - Undefined Weak Reference
    __Vectors_Size                           0x000000ec   Number         0  startup_stm32f10x_md.o ABSOLUTE
    __Vectors                                0x08000000   Data           4  startup_stm32f10x_md.o(RESET)
    __Vectors_End                            0x080000ec   Data           0  startup_stm32f10x_md.o(RESET)
    __main                                   0x080000ed   Thumb Code     0  entry.o(.ARM.Collect$$$$00000000)
    _main_stk                                0x080000ed   Thumb Code     0  entry2.o(.ARM.Collect$$$$00000001)
    _main_scatterload                        0x080000f1   Thumb Code     0  entry5.o(.ARM.Collect$$$$00000004)
    __main_after_scatterload                 0x080000f5   Thumb Code     0  entry5.o(.ARM.Collect$$$$00000004)
    _main_clock                              0x080000f5   Thumb Code     0  entry7b.o(.ARM.Collect$$$$00000008)
    _main_cpp_init                           0x080000f5   Thumb Code     0  entry8b.o(.ARM.Collect$$$$0000000A)
    _main_init                               0x080000f5   Thumb Code     0  entry9a.o(.ARM.Collect$$$$0000000B)
    __rt_final_cpp                           0x080000fd   Thumb Code     0  entry10a.o(.ARM.Collect$$$$0000000D)
    __rt_final_exit                          0x080000fd   Thumb Code     0  entry11a.o(.ARM.Collect$$$$0000000F)
    Reset_Handler                            0x08000101   Thumb Code     8  startup_stm32f10x_md.o(.text)
    ADC1_2_IRQHandler                        0x0800011b   Thumb Code     0  startup_stm32f10x_md.o(.text)
    CAN1_RX1_IRQHandler                      0x0800011b   Thumb Code     0  startup_stm32f10x_md.o(.text)
    CAN1_SCE_IRQHandler                      0x0800011b   Thumb Code     0  startup_stm32f10x_md.o(.text)
    DMA1_Channel1_IRQHandler                 0x0800011b   Thumb Code     0  startup_stm32f10x_md.o(.text)
    DMA1_Channel2_IRQHandler                 0x0800011b   Thumb Code     0  startup_stm32f10x_md.o(.text)
    DMA1_Channel3_IRQHandler                 0x0800011b   Thumb Code     0  startup_stm32f10x_md.o(.text)
    DMA1_Channel4_IRQHandler                 0x0800011b   Thumb Code     0  startup_stm32f10x_md.o(.text)
    DMA1_Channel5_IRQHandler                 0x0800011b   Thumb Code     0  startup_stm32f10x_md.o(.text)
    DMA1_Channel6_IRQHandler                 0x0800011b   Thumb Code     0  startup_stm32f10x_md.o(.text)
    DMA1_Channel7_IRQHandler                 0x0800011b   Thumb Code     0  startup_stm32f10x_md.o(.text)
    EXTI0_IRQHandler                         0x0800011b   Thumb Code     0  startup_stm32f10x_md.o(.text)
    EXTI1_IRQHandler                         0x0800011b   Thumb Code     0  startup_stm32f10x_md.o(.text)
    EXTI2_IRQHandler                         0x0800011b   Thumb Code     0  startup_stm32f10x_md.o(.text)
    EXTI3_IRQHandler                         0x0800011b   Thumb Code     0  startup_stm32f10x_md.o(.text)
    EXTI4_IRQHandler                         0x0800011b   Thumb Code     0  startup_stm32f10x_md.o(.text)
    EXTI9_5_IRQHandler                       0x0800011b   Thumb Code     0  startup_stm32f10x_md.o(.text)
    FLASH_IRQHandler                         0x0800011b   Thumb Code     0  startup_stm32f10x_md.o(.text)
    I2C1_ER_IRQHandler                       0x0800011b   Thumb Code     0  startup_stm32f10x_md.o(.text)
    I2C1_EV_IRQHandler                       0x0800011b   Thumb Code     0  startup_stm32f10x_md.o(.text)
    I2C2_ER_IRQHandler                       0x0800011b   Thumb Code     0  startup_stm32f10x_md.o(.text)
    I2C2_EV_IRQHandler                       0x0800011b   Thumb Code     0  startup_stm32f10x_md.o(.text)
    PVD_IRQHandler                           0x0800011b   Thumb Code     0  startup_stm32f10x_md.o(.text)
    RCC_IRQHandler                           0x0800011b   Thumb Code     0  startup_stm32f10x_md.o(.text)
    RTCAlarm_IRQHandler                      0x0800011b   Thumb Code     0  startup_stm32f10x_md.o(.text)
    RTC_IRQHandler                           0x0800011b   Thumb Code     0  startup_stm32f10x_md.o(.text)
    SPI1_IRQHandler                          0x0800011b   Thumb Code     0  startup_stm32f10x_md.o(.text)
    SPI2_IRQHandler                          0x0800011b   Thumb Code     0  startup_stm32f10x_md.o(.text)
    TAMPER_IRQHandler                        0x0800011b   Thumb Code     0  startup_stm32f10x_md.o(.text)
    TIM1_BRK_IRQHandler                      0x0800011b   Thumb Code     0  startup_stm32f10x_md.o(.text)
    TIM1_CC_IRQHandler                       0x0800011b   Thumb Code     0  startup_stm32f10x_md.o(.text)
    TIM1_TRG_COM_IRQHandler                  0x0800011b   Thumb Code     0  startup_stm32f10x_md.o(.text)
    TIM1_UP_IRQHandler                       0x0800011b   Thumb Code     0  startup_stm32f10x_md.o(.text)
    TIM2_IRQHandler                          0x0800011b   Thumb Code     0  startup_stm32f10x_md.o(.text)
    TIM3_IRQHandler                          0x0800011b   Thumb Code     0  startup_stm32f10x_md.o(.text)
    TIM4_IRQHandler                          0x0800011b   Thumb Code     0  startup_stm32f10x_md.o(.text)
    USART2_IRQHandler                        0x0800011b   Thumb Code     0  startup_stm32f10x_md.o(.text)
    USART3_IRQHandler                        0x0800011b   Thumb Code     0  startup_stm32f10x_md.o(.text)
    USBWakeUp_IRQHandler                     0x0800011b   Thumb Code     0  startup_stm32f10x_md.o(.text)
    USB_HP_CAN1_TX_IRQHandler                0x0800011b   Thumb Code     0  startup_stm32f10x_md.o(.text)
    USB_LP_CAN1_RX0_IRQHandler               0x0800011b   Thumb Code     0  startup_stm32f10x_md.o(.text)
    WWDG_IRQHandler                          0x0800011b   Thumb Code     0  startup_stm32f10x_md.o(.text)
    __aeabi_ldivmod                          0x08000125   Thumb Code    98  ldiv.o(.text)
    __aeabi_memset                           0x08000187   Thumb Code    14  memseta.o(.text)
    __aeabi_memset4                          0x08000187   Thumb Code     0  memseta.o(.text)
    __aeabi_memset8                          0x08000187   Thumb Code     0  memseta.o(.text)
    __aeabi_memclr                           0x08000195   Thumb Code     4  memseta.o(.text)
    __aeabi_memclr4                          0x08000195   Thumb Code     0  memseta.o(.text)
    __aeabi_memclr8                          0x08000195   Thumb Code     0  memseta.o(.text)
    _memset$wrapper                          0x08000199   Thumb Code    18  memseta.o(.text)
    strcmp                                   0x080001ab   Thumb Code    28  strcmp.o(.text)
    memcmp                                   0x080001c7   Thumb Code    26  memcmp.o(.text)
    __aeabi_fadd                             0x080001e1   Thumb Code   164  fadd.o(.text)
    __aeabi_fsub                             0x08000285   Thumb Code     6  fadd.o(.text)
    __aeabi_frsub                            0x0800028b   Thumb Code     6  fadd.o(.text)
    __aeabi_fmul                             0x08000291   Thumb Code   100  fmul.o(.text)
    __aeabi_fdiv                             0x080002f5   Thumb Code   124  fdiv.o(.text)
    __aeabi_dadd                             0x08000371   Thumb Code   322  dadd.o(.text)
    __aeabi_dsub                             0x080004b3   Thumb Code     6  dadd.o(.text)
    __aeabi_drsub                            0x080004b9   Thumb Code     6  dadd.o(.text)
    __aeabi_dmul                             0x080004bf   Thumb Code   228  dmul.o(.text)
    __aeabi_ddiv                             0x080005a3   Thumb Code   222  ddiv.o(.text)
    __aeabi_i2f                              0x08000681   Thumb Code    18  fflti.o(.text)
    __aeabi_ui2f                             0x08000693   Thumb Code    10  ffltui.o(.text)
    __aeabi_f2iz                             0x0800069d   Thumb Code    50  ffixi.o(.text)
    __aeabi_f2uiz                            0x080006cf   Thumb Code    40  ffixui.o(.text)
    __aeabi_f2d                              0x080006f7   Thumb Code    38  f2d.o(.text)
    __aeabi_cdrcmple                         0x0800071d   Thumb Code    48  cdrcmple.o(.text)
    __aeabi_d2f                              0x0800074d   Thumb Code    56  d2f.o(.text)
    __aeabi_cfcmpeq                          0x08000785   Thumb Code     0  cfcmple.o(.text)
    __aeabi_cfcmple                          0x08000785   Thumb Code    20  cfcmple.o(.text)
    __aeabi_cfrcmple                         0x08000799   Thumb Code    20  cfrcmple.o(.text)
    __aeabi_uidiv                            0x080007ad   Thumb Code     0  uidiv.o(.text)
    __aeabi_uidivmod                         0x080007ad   Thumb Code    44  uidiv.o(.text)
    __aeabi_uldivmod                         0x080007d9   Thumb Code    98  uldiv.o(.text)
    __aeabi_llsl                             0x0800083b   Thumb Code    30  llshl.o(.text)
    _ll_shift_l                              0x0800083b   Thumb Code     0  llshl.o(.text)
    __aeabi_lasr                             0x08000859   Thumb Code    36  llsshr.o(.text)
    _ll_sshift_r                             0x08000859   Thumb Code     0  llsshr.o(.text)
    __I$use$fp                               0x0800087d   Thumb Code     0  iusefp.o(.text)
    _float_round                             0x0800087d   Thumb Code    18  fepilogue.o(.text)
    _float_epilogue                          0x0800088f   Thumb Code    92  fepilogue.o(.text)
    _double_round                            0x080008eb   Thumb Code    30  depilogue.o(.text)
    _double_epilogue                         0x08000909   Thumb Code   156  depilogue.o(.text)
    __ARM_scalbn                             0x080009a5   Thumb Code    46  dscalb.o(.text)
    scalbn                                   0x080009a5   Thumb Code     0  dscalb.o(.text)
    __aeabi_d2ulz                            0x080009d3   Thumb Code    48  dfixul.o(.text)
    __scatterload                            0x08000a05   Thumb Code    28  init.o(.text)
    __scatterload_rt2                        0x08000a05   Thumb Code     0  init.o(.text)
    __aeabi_llsr                             0x08000a29   Thumb Code    32  llushr.o(.text)
    _ll_ushift_r                             0x08000a29   Thumb Code     0  llushr.o(.text)
    _dsqrt                                   0x08000a49   Thumb Code   162  dsqrt.o(.text)
    Balance_PD                               0x08000aed   Thumb Code   102  pid_control.o(i.Balance_PD)
    BusFault_Handler                         0x08000b61   Thumb Code     4  stm32f10x_it.o(i.BusFault_Handler)
    DebugMon_Handler                         0x08000b65   Thumb Code     2  stm32f10x_it.o(i.DebugMon_Handler)
    Delay_ms                                 0x08000b67   Thumb Code    24  delay.o(i.Delay_ms)
    Delay_us                                 0x08000b7f   Thumb Code    46  delay.o(i.Delay_us)
    EXTI15_10_IRQHandler                     0x08000bad   Thumb Code   598  main.o(i.EXTI15_10_IRQHandler)
    EXTI_ClearITPendingBit                   0x08000e7d   Thumb Code     6  stm32f10x_exti.o(i.EXTI_ClearITPendingBit)
    EXTI_GetFlagStatus                       0x08000e89   Thumb Code    20  stm32f10x_exti.o(i.EXTI_GetFlagStatus)
    EXTI_Init                                0x08000ea1   Thumb Code   142  stm32f10x_exti.o(i.EXTI_Init)
    Encoder_Init                             0x08000f35   Thumb Code   206  tim_encoder.o(i.Encoder_Init)
    GPIO_EXTILineConfig                      0x08001011   Thumb Code    60  stm32f10x_gpio.o(i.GPIO_EXTILineConfig)
    GPIO_Init                                0x08001051   Thumb Code   278  stm32f10x_gpio.o(i.GPIO_Init)
    GPIO_ReadInputDataBit                    0x08001167   Thumb Code    18  stm32f10x_gpio.o(i.GPIO_ReadInputDataBit)
    GPIO_ResetBits                           0x08001179   Thumb Code     4  stm32f10x_gpio.o(i.GPIO_ResetBits)
    GPIO_SetBits                             0x0800117d   Thumb Code     4  stm32f10x_gpio.o(i.GPIO_SetBits)
    GPIO_SetPolarity                         0x08001181   Thumb Code   118  mpu_exti.o(i.GPIO_SetPolarity)
    GPIO_WriteBit                            0x08001201   Thumb Code    10  stm32f10x_gpio.o(i.GPIO_WriteBit)
    HardFault_Handler                        0x0800120b   Thumb Code     4  stm32f10x_it.o(i.HardFault_Handler)
    IO_Init                                  0x08001211   Thumb Code    60  mpu_exti.o(i.IO_Init)
    MISC_Init                                0x08001251   Thumb Code    46  main.o(i.MISC_Init)
    MPU_Exti_Init                            0x08001285   Thumb Code   122  mpu_exti.o(i.MPU_Exti_Init)
    MPU_Get_Gyroscope                        0x08001305   Thumb Code    80  mpu6050.o(i.MPU_Get_Gyroscope)
    MPU_IIC_Ack                              0x08001355   Thumb Code    62  mpuiic.o(i.MPU_IIC_Ack)
    MPU_IIC_Delay                            0x080013a1   Thumb Code    10  mpuiic.o(i.MPU_IIC_Delay)
    MPU_IIC_Init                             0x080013ad   Thumb Code    58  mpuiic.o(i.MPU_IIC_Init)
    MPU_IIC_NAck                             0x080013ed   Thumb Code    62  mpuiic.o(i.MPU_IIC_NAck)
    MPU_IIC_Read_Byte                        0x08001439   Thumb Code    94  mpuiic.o(i.MPU_IIC_Read_Byte)
    MPU_IIC_Send_Byte                        0x080014a5   Thumb Code    80  mpuiic.o(i.MPU_IIC_Send_Byte)
    MPU_IIC_Start                            0x08001501   Thumb Code    60  mpuiic.o(i.MPU_IIC_Start)
    MPU_IIC_Stop                             0x08001549   Thumb Code    58  mpuiic.o(i.MPU_IIC_Stop)
    MPU_IIC_Wait_Ack                         0x08001591   Thumb Code    86  mpuiic.o(i.MPU_IIC_Wait_Ack)
    MPU_Init                                 0x080015f5   Thumb Code   114  mpu6050.o(i.MPU_Init)
    MPU_Read_Byte                            0x08001667   Thumb Code    58  mpu6050.o(i.MPU_Read_Byte)
    MPU_Read_Len                             0x080016a1   Thumb Code   116  mpu6050.o(i.MPU_Read_Len)
    MPU_Set_Accel_Fsr                        0x08001715   Thumb Code    16  mpu6050.o(i.MPU_Set_Accel_Fsr)
    MPU_Set_Gyro_Fsr                         0x08001725   Thumb Code    16  mpu6050.o(i.MPU_Set_Gyro_Fsr)
    MPU_Set_LPF                              0x08001735   Thumb Code    58  mpu6050.o(i.MPU_Set_LPF)
    MPU_Set_Rate                             0x0800176f   Thumb Code    58  mpu6050.o(i.MPU_Set_Rate)
    MPU_Write_Byte                           0x080017a9   Thumb Code    68  mpu6050.o(i.MPU_Write_Byte)
    MPU_Write_Len                            0x080017ed   Thumb Code    96  mpu6050.o(i.MPU_Write_Len)
    MemManage_Handler                        0x0800184d   Thumb Code     4  stm32f10x_it.o(i.MemManage_Handler)
    NMI_Handler                              0x08001851   Thumb Code     2  stm32f10x_it.o(i.NMI_Handler)
    NVIC_Init                                0x08001855   Thumb Code   100  misc.o(i.NVIC_Init)
    NVIC_PriorityGroupConfig                 0x080018c5   Thumb Code    10  misc.o(i.NVIC_PriorityGroupConfig)
    OLED_Clear                               0x080018d9   Thumb Code    42  oled.o(i.OLED_Clear)
    OLED_I2C_Init                            0x08001905   Thumb Code    76  oled.o(i.OLED_I2C_Init)
    OLED_I2C_SendByte                        0x08001955   Thumb Code    80  oled.o(i.OLED_I2C_SendByte)
    OLED_I2C_Start                           0x080019a9   Thumb Code    48  oled.o(i.OLED_I2C_Start)
    OLED_I2C_Stop                            0x080019dd   Thumb Code    36  oled.o(i.OLED_I2C_Stop)
    OLED_Init                                0x08001a05   Thumb Code   174  oled.o(i.OLED_Init)
    OLED_Pow                                 0x08001ab3   Thumb Code    20  oled.o(i.OLED_Pow)
    OLED_SetCursor                           0x08001ac7   Thumb Code    34  oled.o(i.OLED_SetCursor)
    OLED_ShowChar                            0x08001ae9   Thumb Code   110  oled.o(i.OLED_ShowChar)
    OLED_ShowFloatNum                        0x08001b5d   Thumb Code   182  oled.o(i.OLED_ShowFloatNum)
    OLED_ShowNum                             0x08001c13   Thumb Code    68  oled.o(i.OLED_ShowNum)
    OLED_ShowParam                           0x08001c59   Thumb Code   112  main.o(i.OLED_ShowParam)
    OLED_ShowSignedNum                       0x08001ce5   Thumb Code   102  oled.o(i.OLED_ShowSignedNum)
    OLED_ShowString                          0x08001d4b   Thumb Code    40  oled.o(i.OLED_ShowString)
    OLED_WriteCommand                        0x08001d73   Thumb Code    32  oled.o(i.OLED_WriteCommand)
    OLED_WriteData                           0x08001d93   Thumb Code    32  oled.o(i.OLED_WriteData)
    PID_Init                                 0x08001db3   Thumb Code    34  pid_control.o(i.PID_Init)
    PID_SetParam                             0x08001dd5   Thumb Code    34  main.o(i.PID_SetParam)
    PWM_Init                                 0x08001e0d   Thumb Code   176  pwm.o(i.PWM_Init)
    PWM_SetCompare1                          0x08001ec1   Thumb Code    16  pwm.o(i.PWM_SetCompare1)
    PWM_SetCompare2                          0x08001ed1   Thumb Code    16  pwm.o(i.PWM_SetCompare2)
    PendSV_Handler                           0x08001ee1   Thumb Code     2  stm32f10x_it.o(i.PendSV_Handler)
    RCC_APB1PeriphClockCmd                   0x08001ee5   Thumb Code    26  stm32f10x_rcc.o(i.RCC_APB1PeriphClockCmd)
    RCC_APB2PeriphClockCmd                   0x08001f05   Thumb Code    26  stm32f10x_rcc.o(i.RCC_APB2PeriphClockCmd)
    RCC_GetClocksFreq                        0x08001f25   Thumb Code   192  stm32f10x_rcc.o(i.RCC_GetClocksFreq)
    SVC_Handler                              0x08001ff9   Thumb Code     2  stm32f10x_it.o(i.SVC_Handler)
    Serial_Command                           0x08001ffd   Thumb Code   202  serial.o(i.Serial_Command)
    Serial_Init                              0x08002159   Thumb Code   174  serial.o(i.Serial_Init)
    Serial_SendByte                          0x08002211   Thumb Code    28  serial.o(i.Serial_SendByte)
    Speed_PI                                 0x08002319   Thumb Code   190  pid_control.o(i.Speed_PI)
    SysTick_Handler                          0x080023f5   Thumb Code     2  stm32f10x_it.o(i.SysTick_Handler)
    SystemInit                               0x080023f9   Thumb Code    78  system_stm32f10x.o(i.SystemInit)
    TIM_Cmd                                  0x08002699   Thumb Code    24  stm32f10x_tim.o(i.TIM_Cmd)
    TIM_EncoderInterfaceConfig               0x080026b1   Thumb Code    66  stm32f10x_tim.o(i.TIM_EncoderInterfaceConfig)
    TIM_GetCounter                           0x080026f3   Thumb Code     6  stm32f10x_tim.o(i.TIM_GetCounter)
    TIM_ICInit                               0x080026f9   Thumb Code   150  stm32f10x_tim.o(i.TIM_ICInit)
    TIM_ICStructInit                         0x080027a5   Thumb Code    18  stm32f10x_tim.o(i.TIM_ICStructInit)
    TIM_InternalClockConfig                  0x080027b7   Thumb Code    12  stm32f10x_tim.o(i.TIM_InternalClockConfig)
    TIM_OC1Init                              0x080027c5   Thumb Code   132  stm32f10x_tim.o(i.TIM_OC1Init)
    TIM_OC2Init                              0x0800285d   Thumb Code   154  stm32f10x_tim.o(i.TIM_OC2Init)
    TIM_OCStructInit                         0x08002901   Thumb Code    20  stm32f10x_tim.o(i.TIM_OCStructInit)
    TIM_SetCompare1                          0x08002915   Thumb Code     4  stm32f10x_tim.o(i.TIM_SetCompare1)
    TIM_SetCompare2                          0x08002919   Thumb Code     4  stm32f10x_tim.o(i.TIM_SetCompare2)
    TIM_SetCounter                           0x0800291d   Thumb Code     4  stm32f10x_tim.o(i.TIM_SetCounter)
    TIM_SetIC1Prescaler                      0x08002921   Thumb Code    18  stm32f10x_tim.o(i.TIM_SetIC1Prescaler)
    TIM_SetIC2Prescaler                      0x08002933   Thumb Code    26  stm32f10x_tim.o(i.TIM_SetIC2Prescaler)
    TIM_SetIC3Prescaler                      0x0800294d   Thumb Code    18  stm32f10x_tim.o(i.TIM_SetIC3Prescaler)
    TIM_SetIC4Prescaler                      0x0800295f   Thumb Code    26  stm32f10x_tim.o(i.TIM_SetIC4Prescaler)
    TIM_TimeBaseInit                         0x08002979   Thumb Code   122  stm32f10x_tim.o(i.TIM_TimeBaseInit)
    TimEncoder_Get                           0x08002a1d   Thumb Code    26  tim_encoder.o(i.TimEncoder_Get)
    Turn_P                                   0x08002a39   Thumb Code    64  pid_control.o(i.Turn_P)
    USART1_IRQHandler                        0x08002a85   Thumb Code   140  serial.o(i.USART1_IRQHandler)
    USART_ClearITPendingBit                  0x08002b25   Thumb Code    30  stm32f10x_usart.o(i.USART_ClearITPendingBit)
    USART_Cmd                                0x08002b43   Thumb Code    24  stm32f10x_usart.o(i.USART_Cmd)
    USART_GetFlagStatus                      0x08002b5b   Thumb Code    26  stm32f10x_usart.o(i.USART_GetFlagStatus)
    USART_GetITStatus                        0x08002b75   Thumb Code    84  stm32f10x_usart.o(i.USART_GetITStatus)
    USART_ITConfig                           0x08002bc9   Thumb Code    74  stm32f10x_usart.o(i.USART_ITConfig)
    USART_Init                               0x08002c15   Thumb Code   210  stm32f10x_usart.o(i.USART_Init)
    USART_ReceiveData                        0x08002ced   Thumb Code    10  stm32f10x_usart.o(i.USART_ReceiveData)
    USART_SendData                           0x08002cf7   Thumb Code     8  stm32f10x_usart.o(i.USART_SendData)
    UsageFault_Handler                       0x08002cff   Thumb Code     4  stm32f10x_it.o(i.UsageFault_Handler)
    Xunji_GetValue                           0x08002d05   Thumb Code    64  main.o(i.Xunji_GetValue)
    Xunji_Init                               0x08002d5d   Thumb Code    40  xunji.o(i.Xunji_Init)
    __0printf                                0x08002d89   Thumb Code    22  printfa.o(i.__0printf)
    __1printf                                0x08002d89   Thumb Code     0  printfa.o(i.__0printf)
    __2printf                                0x08002d89   Thumb Code     0  printfa.o(i.__0printf)
    __c89printf                              0x08002d89   Thumb Code     0  printfa.o(i.__0printf)
    printf                                   0x08002d89   Thumb Code     0  printfa.o(i.__0printf)
    __ARM_fpclassify                         0x08002da9   Thumb Code    40  fpclassify.o(i.__ARM_fpclassify)
    __kernel_poly                            0x08002dd1   Thumb Code   170  poly.o(i.__kernel_poly)
    __mathlib_dbl_infnan                     0x08002e7b   Thumb Code     6  dunder.o(i.__mathlib_dbl_infnan)
    __mathlib_dbl_infnan2                    0x08002e81   Thumb Code     4  dunder.o(i.__mathlib_dbl_infnan2)
    __mathlib_dbl_invalid                    0x08002e85   Thumb Code    12  dunder.o(i.__mathlib_dbl_invalid)
    __mathlib_dbl_underflow                  0x08002e91   Thumb Code    10  dunder.o(i.__mathlib_dbl_underflow)
    __scatterload_copy                       0x08002ea1   Thumb Code    14  handlers.o(i.__scatterload_copy)
    __scatterload_null                       0x08002eaf   Thumb Code     2  handlers.o(i.__scatterload_null)
    __scatterload_zeroinit                   0x08002eb1   Thumb Code    14  handlers.o(i.__scatterload_zeroinit)
    __set_errno                              0x08002ec1   Thumb Code     6  errno.o(i.__set_errno)
    asin                                     0x08003829   Thumb Code   572  asin.o(i.asin)
    atan                                     0x08003a99   Thumb Code   474  atan.o(i.atan)
    atan2                                    0x08003cb9   Thumb Code   346  atan2.o(i.atan2)
    dmp_enable_6x_lp_quat                    0x08003e9d   Thumb Code    60  inv_mpu_dmp_motion_driver.o(i.dmp_enable_6x_lp_quat)
    dmp_enable_feature                       0x08003ed9   Thumb Code   530  inv_mpu_dmp_motion_driver.o(i.dmp_enable_feature)
    dmp_enable_gyro_cal                      0x080040f5   Thumb Code    62  inv_mpu_dmp_motion_driver.o(i.dmp_enable_gyro_cal)
    dmp_enable_lp_quat                       0x0800414d   Thumb Code    60  inv_mpu_dmp_motion_driver.o(i.dmp_enable_lp_quat)
    dmp_load_motion_driver_firmware          0x08004189   Thumb Code    24  inv_mpu_dmp_motion_driver.o(i.dmp_load_motion_driver_firmware)
    dmp_read_fifo                            0x080041a5   Thumb Code   456  inv_mpu_dmp_motion_driver.o(i.dmp_read_fifo)
    dmp_set_fifo_rate                        0x08004371   Thumb Code    96  inv_mpu_dmp_motion_driver.o(i.dmp_set_fifo_rate)
    dmp_set_orientation                      0x080043e1   Thumb Code   290  inv_mpu_dmp_motion_driver.o(i.dmp_set_orientation)
    dmp_set_shake_reject_thresh              0x08004519   Thumb Code    56  inv_mpu_dmp_motion_driver.o(i.dmp_set_shake_reject_thresh)
    dmp_set_shake_reject_time                0x08004551   Thumb Code    38  inv_mpu_dmp_motion_driver.o(i.dmp_set_shake_reject_time)
    dmp_set_shake_reject_timeout             0x08004577   Thumb Code    38  inv_mpu_dmp_motion_driver.o(i.dmp_set_shake_reject_timeout)
    dmp_set_tap_axes                         0x0800459d   Thumb Code    70  inv_mpu_dmp_motion_driver.o(i.dmp_set_tap_axes)
    dmp_set_tap_count                        0x080045e3   Thumb Code    38  inv_mpu_dmp_motion_driver.o(i.dmp_set_tap_count)
    dmp_set_tap_thresh                       0x08004609   Thumb Code   396  inv_mpu_dmp_motion_driver.o(i.dmp_set_tap_thresh)
    dmp_set_tap_time                         0x080047a9   Thumb Code    38  inv_mpu_dmp_motion_driver.o(i.dmp_set_tap_time)
    dmp_set_tap_time_multi                   0x080047cf   Thumb Code    38  inv_mpu_dmp_motion_driver.o(i.dmp_set_tap_time_multi)
    fputc                                    0x080047f5   Thumb Code    16  serial.o(i.fputc)
    inv_orientation_matrix_to_scalar         0x08004e39   Thumb Code    40  inv_mpu.o(i.inv_orientation_matrix_to_scalar)
    inv_row_2_scale                          0x08004e61   Thumb Code    78  inv_mpu.o(i.inv_row_2_scale)
    main                                     0x08004eb1   Thumb Code   270  main.o(i.main)
    mget_ms                                  0x08005059   Thumb Code     2  inv_mpu.o(i.mget_ms)
    mpu_configure_fifo                       0x0800505d   Thumb Code   106  inv_mpu.o(i.mpu_configure_fifo)
    mpu_dmp_get_data                         0x080050cd   Thumb Code   544  inv_mpu.o(i.mpu_dmp_get_data)
    mpu_dmp_init                             0x080052f1   Thumb Code   154  inv_mpu.o(i.mpu_dmp_init)
    mpu_get_accel_fsr                        0x08005391   Thumb Code    72  inv_mpu.o(i.mpu_get_accel_fsr)
    mpu_get_accel_sens                       0x080053dd   Thumb Code    78  inv_mpu.o(i.mpu_get_accel_sens)
    mpu_get_fifo_config                      0x08005431   Thumb Code    12  inv_mpu.o(i.mpu_get_fifo_config)
    mpu_get_gyro_fsr                         0x08005441   Thumb Code    64  inv_mpu.o(i.mpu_get_gyro_fsr)
    mpu_get_gyro_sens                        0x08005485   Thumb Code    58  inv_mpu.o(i.mpu_get_gyro_sens)
    mpu_get_lpf                              0x080054d5   Thumb Code    74  inv_mpu.o(i.mpu_get_lpf)
    mpu_get_sample_rate                      0x08005525   Thumb Code    26  inv_mpu.o(i.mpu_get_sample_rate)
    mpu_init                                 0x08005545   Thumb Code   416  inv_mpu.o(i.mpu_init)
    mpu_load_firmware                        0x08005735   Thumb Code   180  inv_mpu.o(i.mpu_load_firmware)
    mpu_lp_accel_mode                        0x080057ed   Thumb Code   218  inv_mpu.o(i.mpu_lp_accel_mode)
    mpu_read_fifo_stream                     0x080058cd   Thumb Code   186  inv_mpu.o(i.mpu_read_fifo_stream)
    mpu_read_mem                             0x0800598d   Thumb Code   122  inv_mpu.o(i.mpu_read_mem)
    mpu_reset_fifo                           0x08005a0d   Thumb Code   450  inv_mpu.o(i.mpu_reset_fifo)
    mpu_run_self_test                        0x08005bd5   Thumb Code   278  inv_mpu.o(i.mpu_run_self_test)
    mpu_set_accel_fsr                        0x08005cf1   Thumb Code   126  inv_mpu.o(i.mpu_set_accel_fsr)
    mpu_set_bypass                           0x08005d75   Thumb Code   328  inv_mpu.o(i.mpu_set_bypass)
    mpu_set_dmp_state                        0x08005ec1   Thumb Code   138  inv_mpu.o(i.mpu_set_dmp_state)
    mpu_set_gyro_fsr                         0x08005f51   Thumb Code   132  inv_mpu.o(i.mpu_set_gyro_fsr)
    mpu_set_int_latched                      0x08005fd9   Thumb Code   102  inv_mpu.o(i.mpu_set_int_latched)
    mpu_set_lpf                              0x08006045   Thumb Code   126  inv_mpu.o(i.mpu_set_lpf)
    mpu_set_sample_rate                      0x080060c9   Thumb Code   152  inv_mpu.o(i.mpu_set_sample_rate)
    mpu_set_sensors                          0x08006165   Thumb Code   202  inv_mpu.o(i.mpu_set_sensors)
    mpu_write_mem                            0x08006235   Thumb Code   122  inv_mpu.o(i.mpu_write_mem)
    run_self_test                            0x080062b5   Thumb Code   140  inv_mpu.o(i.run_self_test)
    sqrt                                     0x080063d1   Thumb Code    76  sqrt.o(i.sqrt)
    OLED_F8x16                               0x0800641c   Data        1520  oled.o(.constdata)
    reg                                      0x08006a0c   Data          27  inv_mpu.o(.constdata)
    hw                                       0x08006a28   Data          12  inv_mpu.o(.constdata)
    test                                     0x08006a34   Data          40  inv_mpu.o(.constdata)
    __mathlib_zero                           0x08007740   Data           8  qnan.o(.constdata)
    Region$$Table$$Base                      0x08007798   Number         0  anon$$obj.o(Region$$Table)
    Region$$Table$$Limit                     0x080077b8   Number         0  anon$$obj.o(Region$$Table)
    gx                                       0x2000004c   Data           2  mpu_exti.o(.data)
    gy                                       0x2000004e   Data           2  mpu_exti.o(.data)
    gz                                       0x20000050   Data           2  mpu_exti.o(.data)
    Pitch                                    0x20000054   Data           4  mpu_exti.o(.data)
    Roll                                     0x20000058   Data           4  mpu_exti.o(.data)
    Yaw                                      0x2000005c   Data           4  mpu_exti.o(.data)
    Speed_Left                               0x20000060   Data           4  mpu_exti.o(.data)
    Speed_Right                              0x20000064   Data           4  mpu_exti.o(.data)
    Flag_Front                               0x20000068   Data           1  serial.o(.data)
    Flag_Left                                0x20000069   Data           1  serial.o(.data)
    Flag_Right                               0x2000006a   Data           1  serial.o(.data)
    Flag_Back                                0x2000006b   Data           1  serial.o(.data)
    Serial_RxFlag                            0x2000006c   Data           1  serial.o(.data)
    Turn_Flag                                0x2000006d   Data           1  serial.o(.data)
    Target_Speed                             0x20000070   Data           4  main.o(.data)
    Target_Turn_Speed                        0x20000074   Data           4  main.o(.data)
    Flag                                     0x20000078   Data           4  main.o(.data)
    Turn_Kp                                  0x2000007c   Data           4  pid_control.o(.data)
    Turn_Kd                                  0x20000080   Data           4  pid_control.o(.data)
    Encoder_Integral                         0x20000084   Data           4  pid_control.o(.data)
    __stdout                                 0x20000094   Data           4  stdout.o(.data)
    Serial_RxPacket                          0x200000ac   Data         100  serial.o(.bss)
    PID_Struct                               0x20000110   Data          68  pid_control.o(.bss)
    __initial_sp                             0x20000558   Data           0  startup_stm32f10x_md.o(STACK)



==============================================================================

Memory Map of the image

  Image Entry point : 0x08000101

  Load Region LR_1 (Base: 0x08000000, Size: 0x00007854, Max: 0xffffffff, ABSOLUTE)

    Execution Region ER_RO (Exec base: 0x08000000, Load base: 0x08000000, Size: 0x000077b8, Max: 0xffffffff, ABSOLUTE)

    Exec Addr    Load Addr    Size         Type   Attr      Idx    E Section Name        Object

    0x08000000   0x08000000   0x000000ec   Data   RO            3    RESET               startup_stm32f10x_md.o
    0x080000ec   0x080000ec   0x00000000   Code   RO         4535  * .ARM.Collect$$$$00000000  mc_w.l(entry.o)
    0x080000ec   0x080000ec   0x00000004   Code   RO         4876    .ARM.Collect$$$$00000001  mc_w.l(entry2.o)
    0x080000f0   0x080000f0   0x00000004   Code   RO         4879    .ARM.Collect$$$$00000004  mc_w.l(entry5.o)
    0x080000f4   0x080000f4   0x00000000   Code   RO         4881    .ARM.Collect$$$$00000008  mc_w.l(entry7b.o)
    0x080000f4   0x080000f4   0x00000000   Code   RO         4883    .ARM.Collect$$$$0000000A  mc_w.l(entry8b.o)
    0x080000f4   0x080000f4   0x00000008   Code   RO         4884    .ARM.Collect$$$$0000000B  mc_w.l(entry9a.o)
    0x080000fc   0x080000fc   0x00000000   Code   RO         4886    .ARM.Collect$$$$0000000D  mc_w.l(entry10a.o)
    0x080000fc   0x080000fc   0x00000000   Code   RO         4888    .ARM.Collect$$$$0000000F  mc_w.l(entry11a.o)
    0x080000fc   0x080000fc   0x00000004   Code   RO         4877    .ARM.Collect$$$$00002712  mc_w.l(entry2.o)
    0x08000100   0x08000100   0x00000024   Code   RO            4  * .text               startup_stm32f10x_md.o
    0x08000124   0x08000124   0x00000062   Code   RO         4538    .text               mc_w.l(ldiv.o)
    0x08000186   0x08000186   0x00000024   Code   RO         4540    .text               mc_w.l(memseta.o)
    0x080001aa   0x080001aa   0x0000001c   Code   RO         4542    .text               mc_w.l(strcmp.o)
    0x080001c6   0x080001c6   0x0000001a   Code   RO         4544    .text               mc_w.l(memcmp.o)
    0x080001e0   0x080001e0   0x000000b0   Code   RO         4807    .text               mf_w.l(fadd.o)
    0x08000290   0x08000290   0x00000064   Code   RO         4809    .text               mf_w.l(fmul.o)
    0x080002f4   0x080002f4   0x0000007c   Code   RO         4811    .text               mf_w.l(fdiv.o)
    0x08000370   0x08000370   0x0000014e   Code   RO         4813    .text               mf_w.l(dadd.o)
    0x080004be   0x080004be   0x000000e4   Code   RO         4815    .text               mf_w.l(dmul.o)
    0x080005a2   0x080005a2   0x000000de   Code   RO         4817    .text               mf_w.l(ddiv.o)
    0x08000680   0x08000680   0x00000012   Code   RO         4819    .text               mf_w.l(fflti.o)
    0x08000692   0x08000692   0x0000000a   Code   RO         4821    .text               mf_w.l(ffltui.o)
    0x0800069c   0x0800069c   0x00000032   Code   RO         4825    .text               mf_w.l(ffixi.o)
    0x080006ce   0x080006ce   0x00000028   Code   RO         4827    .text               mf_w.l(ffixui.o)
    0x080006f6   0x080006f6   0x00000026   Code   RO         4829    .text               mf_w.l(f2d.o)
    0x0800071c   0x0800071c   0x00000030   Code   RO         4831    .text               mf_w.l(cdrcmple.o)
    0x0800074c   0x0800074c   0x00000038   Code   RO         4833    .text               mf_w.l(d2f.o)
    0x08000784   0x08000784   0x00000014   Code   RO         4835    .text               mf_w.l(cfcmple.o)
    0x08000798   0x08000798   0x00000014   Code   RO         4837    .text               mf_w.l(cfrcmple.o)
    0x080007ac   0x080007ac   0x0000002c   Code   RO         4891    .text               mc_w.l(uidiv.o)
    0x080007d8   0x080007d8   0x00000062   Code   RO         4893    .text               mc_w.l(uldiv.o)
    0x0800083a   0x0800083a   0x0000001e   Code   RO         4895    .text               mc_w.l(llshl.o)
    0x08000858   0x08000858   0x00000024   Code   RO         4897    .text               mc_w.l(llsshr.o)
    0x0800087c   0x0800087c   0x00000000   Code   RO         4906    .text               mc_w.l(iusefp.o)
    0x0800087c   0x0800087c   0x0000006e   Code   RO         4907    .text               mf_w.l(fepilogue.o)
    0x080008ea   0x080008ea   0x000000ba   Code   RO         4909    .text               mf_w.l(depilogue.o)
    0x080009a4   0x080009a4   0x0000002e   Code   RO         4911    .text               mf_w.l(dscalb.o)
    0x080009d2   0x080009d2   0x00000030   Code   RO         4913    .text               mf_w.l(dfixul.o)
    0x08000a02   0x08000a02   0x00000002   PAD
    0x08000a04   0x08000a04   0x00000024   Code   RO         4915    .text               mc_w.l(init.o)
    0x08000a28   0x08000a28   0x00000020   Code   RO         4917    .text               mc_w.l(llushr.o)
    0x08000a48   0x08000a48   0x000000a2   Code   RO         4919    .text               mf_w.l(dsqrt.o)
    0x08000aea   0x08000aea   0x00000002   PAD
    0x08000aec   0x08000aec   0x00000074   Code   RO         4480    i.Balance_PD        pid_control.o
    0x08000b60   0x08000b60   0x00000004   Code   RO         4417    i.BusFault_Handler  stm32f10x_it.o
    0x08000b64   0x08000b64   0x00000002   Code   RO         4418    i.DebugMon_Handler  stm32f10x_it.o
    0x08000b66   0x08000b66   0x00000018   Code   RO         4294    i.Delay_ms          delay.o
    0x08000b7e   0x08000b7e   0x0000002e   Code   RO         4296    i.Delay_us          delay.o
    0x08000bac   0x08000bac   0x000002d0   Code   RO         4349    i.EXTI15_10_IRQHandler  main.o
    0x08000e7c   0x08000e7c   0x0000000c   Code   RO          985    i.EXTI_ClearITPendingBit  stm32f10x_exti.o
    0x08000e88   0x08000e88   0x00000018   Code   RO          988    i.EXTI_GetFlagStatus  stm32f10x_exti.o
    0x08000ea0   0x08000ea0   0x00000094   Code   RO          990    i.EXTI_Init         stm32f10x_exti.o
    0x08000f34   0x08000f34   0x000000dc   Code   RO         3298    i.Encoder_Init      tim_encoder.o
    0x08001010   0x08001010   0x00000040   Code   RO         1344    i.GPIO_EXTILineConfig  stm32f10x_gpio.o
    0x08001050   0x08001050   0x00000116   Code   RO         1347    i.GPIO_Init         stm32f10x_gpio.o
    0x08001166   0x08001166   0x00000012   Code   RO         1351    i.GPIO_ReadInputDataBit  stm32f10x_gpio.o
    0x08001178   0x08001178   0x00000004   Code   RO         1354    i.GPIO_ResetBits    stm32f10x_gpio.o
    0x0800117c   0x0800117c   0x00000004   Code   RO         1355    i.GPIO_SetBits      stm32f10x_gpio.o
    0x08001180   0x08001180   0x00000080   Code   RO         4140    i.GPIO_SetPolarity  mpu_exti.o
    0x08001200   0x08001200   0x0000000a   Code   RO         1358    i.GPIO_WriteBit     stm32f10x_gpio.o
    0x0800120a   0x0800120a   0x00000004   Code   RO         4419    i.HardFault_Handler  stm32f10x_it.o
    0x0800120e   0x0800120e   0x00000002   PAD
    0x08001210   0x08001210   0x00000040   Code   RO         4141    i.IO_Init           mpu_exti.o
    0x08001250   0x08001250   0x00000034   Code   RO         4350    i.MISC_Init         main.o
    0x08001284   0x08001284   0x00000080   Code   RO         4142    i.MPU_Exti_Init     mpu_exti.o
    0x08001304   0x08001304   0x00000050   Code   RO         3992    i.MPU_Get_Gyroscope  mpu6050.o
    0x08001354   0x08001354   0x0000004c   Code   RO         4080    i.MPU_IIC_Ack       mpuiic.o
    0x080013a0   0x080013a0   0x0000000a   Code   RO         4081    i.MPU_IIC_Delay     mpuiic.o
    0x080013aa   0x080013aa   0x00000002   PAD
    0x080013ac   0x080013ac   0x00000040   Code   RO         4082    i.MPU_IIC_Init      mpuiic.o
    0x080013ec   0x080013ec   0x0000004c   Code   RO         4083    i.MPU_IIC_NAck      mpuiic.o
    0x08001438   0x08001438   0x0000006c   Code   RO         4084    i.MPU_IIC_Read_Byte  mpuiic.o
    0x080014a4   0x080014a4   0x0000005c   Code   RO         4085    i.MPU_IIC_Send_Byte  mpuiic.o
    0x08001500   0x08001500   0x00000048   Code   RO         4086    i.MPU_IIC_Start     mpuiic.o
    0x08001548   0x08001548   0x00000048   Code   RO         4087    i.MPU_IIC_Stop      mpuiic.o
    0x08001590   0x08001590   0x00000064   Code   RO         4088    i.MPU_IIC_Wait_Ack  mpuiic.o
    0x080015f4   0x080015f4   0x00000072   Code   RO         3994    i.MPU_Init          mpu6050.o
    0x08001666   0x08001666   0x0000003a   Code   RO         3995    i.MPU_Read_Byte     mpu6050.o
    0x080016a0   0x080016a0   0x00000074   Code   RO         3996    i.MPU_Read_Len      mpu6050.o
    0x08001714   0x08001714   0x00000010   Code   RO         3997    i.MPU_Set_Accel_Fsr  mpu6050.o
    0x08001724   0x08001724   0x00000010   Code   RO         3998    i.MPU_Set_Gyro_Fsr  mpu6050.o
    0x08001734   0x08001734   0x0000003a   Code   RO         3999    i.MPU_Set_LPF       mpu6050.o
    0x0800176e   0x0800176e   0x0000003a   Code   RO         4000    i.MPU_Set_Rate      mpu6050.o
    0x080017a8   0x080017a8   0x00000044   Code   RO         4001    i.MPU_Write_Byte    mpu6050.o
    0x080017ec   0x080017ec   0x00000060   Code   RO         4002    i.MPU_Write_Len     mpu6050.o
    0x0800184c   0x0800184c   0x00000004   Code   RO         4420    i.MemManage_Handler  stm32f10x_it.o
    0x08001850   0x08001850   0x00000002   Code   RO         4421    i.NMI_Handler       stm32f10x_it.o
    0x08001852   0x08001852   0x00000002   PAD
    0x08001854   0x08001854   0x00000070   Code   RO          137    i.NVIC_Init         misc.o
    0x080018c4   0x080018c4   0x00000014   Code   RO          138    i.NVIC_PriorityGroupConfig  misc.o
    0x080018d8   0x080018d8   0x0000002a   Code   RO         3334    i.OLED_Clear        oled.o
    0x08001902   0x08001902   0x00000002   PAD
    0x08001904   0x08001904   0x00000050   Code   RO         3335    i.OLED_I2C_Init     oled.o
    0x08001954   0x08001954   0x00000054   Code   RO         3336    i.OLED_I2C_SendByte  oled.o
    0x080019a8   0x080019a8   0x00000034   Code   RO         3337    i.OLED_I2C_Start    oled.o
    0x080019dc   0x080019dc   0x00000028   Code   RO         3338    i.OLED_I2C_Stop     oled.o
    0x08001a04   0x08001a04   0x000000ae   Code   RO         3339    i.OLED_Init         oled.o
    0x08001ab2   0x08001ab2   0x00000014   Code   RO         3340    i.OLED_Pow          oled.o
    0x08001ac6   0x08001ac6   0x00000022   Code   RO         3341    i.OLED_SetCursor    oled.o
    0x08001ae8   0x08001ae8   0x00000074   Code   RO         3343    i.OLED_ShowChar     oled.o
    0x08001b5c   0x08001b5c   0x000000b6   Code   RO         3344    i.OLED_ShowFloatNum  oled.o
    0x08001c12   0x08001c12   0x00000044   Code   RO         3346    i.OLED_ShowNum      oled.o
    0x08001c56   0x08001c56   0x00000002   PAD
    0x08001c58   0x08001c58   0x0000008c   Code   RO         4351    i.OLED_ShowParam    main.o
    0x08001ce4   0x08001ce4   0x00000066   Code   RO         3347    i.OLED_ShowSignedNum  oled.o
    0x08001d4a   0x08001d4a   0x00000028   Code   RO         3348    i.OLED_ShowString   oled.o
    0x08001d72   0x08001d72   0x00000020   Code   RO         3349    i.OLED_WriteCommand  oled.o
    0x08001d92   0x08001d92   0x00000020   Code   RO         3350    i.OLED_WriteData    oled.o
    0x08001db2   0x08001db2   0x00000022   Code   RO         4481    i.PID_Init          pid_control.o
    0x08001dd4   0x08001dd4   0x00000038   Code   RO         4352    i.PID_SetParam      main.o
    0x08001e0c   0x08001e0c   0x000000b4   Code   RO         3244    i.PWM_Init          pwm.o
    0x08001ec0   0x08001ec0   0x00000010   Code   RO         3245    i.PWM_SetCompare1   pwm.o
    0x08001ed0   0x08001ed0   0x00000010   Code   RO         3246    i.PWM_SetCompare2   pwm.o
    0x08001ee0   0x08001ee0   0x00000002   Code   RO         4422    i.PendSV_Handler    stm32f10x_it.o
    0x08001ee2   0x08001ee2   0x00000002   PAD
    0x08001ee4   0x08001ee4   0x00000020   Code   RO         1775    i.RCC_APB1PeriphClockCmd  stm32f10x_rcc.o
    0x08001f04   0x08001f04   0x00000020   Code   RO         1777    i.RCC_APB2PeriphClockCmd  stm32f10x_rcc.o
    0x08001f24   0x08001f24   0x000000d4   Code   RO         1785    i.RCC_GetClocksFreq  stm32f10x_rcc.o
    0x08001ff8   0x08001ff8   0x00000002   Code   RO         4423    i.SVC_Handler       stm32f10x_it.o
    0x08001ffa   0x08001ffa   0x00000002   PAD
    0x08001ffc   0x08001ffc   0x0000015c   Code   RO         4195    i.Serial_Command    serial.o
    0x08002158   0x08002158   0x000000b8   Code   RO         4196    i.Serial_Init       serial.o
    0x08002210   0x08002210   0x00000020   Code   RO         4200    i.Serial_SendByte   serial.o
    0x08002230   0x08002230   0x00000008   Code   RO           24    i.SetSysClock       system_stm32f10x.o
    0x08002238   0x08002238   0x000000e0   Code   RO           25    i.SetSysClockTo72   system_stm32f10x.o
    0x08002318   0x08002318   0x000000dc   Code   RO         4482    i.Speed_PI          pid_control.o
    0x080023f4   0x080023f4   0x00000002   Code   RO         4424    i.SysTick_Handler   stm32f10x_it.o
    0x080023f6   0x080023f6   0x00000002   PAD
    0x080023f8   0x080023f8   0x00000060   Code   RO           27    i.SystemInit        system_stm32f10x.o
    0x08002458   0x08002458   0x00000080   Code   RO         2405    i.TI1_Config        stm32f10x_tim.o
    0x080024d8   0x080024d8   0x00000098   Code   RO         2406    i.TI2_Config        stm32f10x_tim.o
    0x08002570   0x08002570   0x00000090   Code   RO         2407    i.TI3_Config        stm32f10x_tim.o
    0x08002600   0x08002600   0x00000098   Code   RO         2408    i.TI4_Config        stm32f10x_tim.o
    0x08002698   0x08002698   0x00000018   Code   RO         2421    i.TIM_Cmd           stm32f10x_tim.o
    0x080026b0   0x080026b0   0x00000042   Code   RO         2430    i.TIM_EncoderInterfaceConfig  stm32f10x_tim.o
    0x080026f2   0x080026f2   0x00000006   Code   RO         2440    i.TIM_GetCounter    stm32f10x_tim.o
    0x080026f8   0x080026f8   0x000000ac   Code   RO         2444    i.TIM_ICInit        stm32f10x_tim.o
    0x080027a4   0x080027a4   0x00000012   Code   RO         2445    i.TIM_ICStructInit  stm32f10x_tim.o
    0x080027b6   0x080027b6   0x0000000c   Code   RO         2448    i.TIM_InternalClockConfig  stm32f10x_tim.o
    0x080027c2   0x080027c2   0x00000002   PAD
    0x080027c4   0x080027c4   0x00000098   Code   RO         2450    i.TIM_OC1Init       stm32f10x_tim.o
    0x0800285c   0x0800285c   0x000000a4   Code   RO         2455    i.TIM_OC2Init       stm32f10x_tim.o
    0x08002900   0x08002900   0x00000014   Code   RO         2468    i.TIM_OCStructInit  stm32f10x_tim.o
    0x08002914   0x08002914   0x00000004   Code   RO         2482    i.TIM_SetCompare1   stm32f10x_tim.o
    0x08002918   0x08002918   0x00000004   Code   RO         2483    i.TIM_SetCompare2   stm32f10x_tim.o
    0x0800291c   0x0800291c   0x00000004   Code   RO         2486    i.TIM_SetCounter    stm32f10x_tim.o
    0x08002920   0x08002920   0x00000012   Code   RO         2487    i.TIM_SetIC1Prescaler  stm32f10x_tim.o
    0x08002932   0x08002932   0x0000001a   Code   RO         2488    i.TIM_SetIC2Prescaler  stm32f10x_tim.o
    0x0800294c   0x0800294c   0x00000012   Code   RO         2489    i.TIM_SetIC3Prescaler  stm32f10x_tim.o
    0x0800295e   0x0800295e   0x0000001a   Code   RO         2490    i.TIM_SetIC4Prescaler  stm32f10x_tim.o
    0x08002978   0x08002978   0x000000a4   Code   RO         2492    i.TIM_TimeBaseInit  stm32f10x_tim.o
    0x08002a1c   0x08002a1c   0x0000001a   Code   RO         3299    i.TimEncoder_Get    tim_encoder.o
    0x08002a36   0x08002a36   0x00000002   PAD
    0x08002a38   0x08002a38   0x0000004c   Code   RO         4483    i.Turn_P            pid_control.o
    0x08002a84   0x08002a84   0x000000a0   Code   RO         4203    i.USART1_IRQHandler  serial.o
    0x08002b24   0x08002b24   0x0000001e   Code   RO         2957    i.USART_ClearITPendingBit  stm32f10x_usart.o
    0x08002b42   0x08002b42   0x00000018   Code   RO         2960    i.USART_Cmd         stm32f10x_usart.o
    0x08002b5a   0x08002b5a   0x0000001a   Code   RO         2963    i.USART_GetFlagStatus  stm32f10x_usart.o
    0x08002b74   0x08002b74   0x00000054   Code   RO         2964    i.USART_GetITStatus  stm32f10x_usart.o
    0x08002bc8   0x08002bc8   0x0000004a   Code   RO         2966    i.USART_ITConfig    stm32f10x_usart.o
    0x08002c12   0x08002c12   0x00000002   PAD
    0x08002c14   0x08002c14   0x000000d8   Code   RO         2967    i.USART_Init        stm32f10x_usart.o
    0x08002cec   0x08002cec   0x0000000a   Code   RO         2974    i.USART_ReceiveData  stm32f10x_usart.o
    0x08002cf6   0x08002cf6   0x00000008   Code   RO         2977    i.USART_SendData    stm32f10x_usart.o
    0x08002cfe   0x08002cfe   0x00000004   Code   RO         4425    i.UsageFault_Handler  stm32f10x_it.o
    0x08002d02   0x08002d02   0x00000002   PAD
    0x08002d04   0x08002d04   0x00000058   Code   RO         4353    i.Xunji_GetValue    main.o
    0x08002d5c   0x08002d5c   0x0000002c   Code   RO         4278    i.Xunji_Init        xunji.o
    0x08002d88   0x08002d88   0x00000020   Code   RO         4779    i.__0printf         mc_w.l(printfa.o)
    0x08002da8   0x08002da8   0x00000028   Code   RO         4863    i.__ARM_fpclassify  m_ws.l(fpclassify.o)
    0x08002dd0   0x08002dd0   0x000000aa   Code   RO         4865    i.__kernel_poly     m_ws.l(poly.o)
    0x08002e7a   0x08002e7a   0x00000006   Code   RO         4850    i.__mathlib_dbl_infnan  m_ws.l(dunder.o)
    0x08002e80   0x08002e80   0x00000004   Code   RO         4851    i.__mathlib_dbl_infnan2  m_ws.l(dunder.o)
    0x08002e84   0x08002e84   0x0000000c   Code   RO         4852    i.__mathlib_dbl_invalid  m_ws.l(dunder.o)
    0x08002e90   0x08002e90   0x00000010   Code   RO         4855    i.__mathlib_dbl_underflow  m_ws.l(dunder.o)
    0x08002ea0   0x08002ea0   0x0000000e   Code   RO         4925    i.__scatterload_copy  mc_w.l(handlers.o)
    0x08002eae   0x08002eae   0x00000002   Code   RO         4926    i.__scatterload_null  mc_w.l(handlers.o)
    0x08002eb0   0x08002eb0   0x0000000e   Code   RO         4927    i.__scatterload_zeroinit  mc_w.l(handlers.o)
    0x08002ebe   0x08002ebe   0x00000002   PAD
    0x08002ec0   0x08002ec0   0x0000000c   Code   RO         4901    i.__set_errno       mc_w.l(errno.o)
    0x08002ecc   0x08002ecc   0x00000184   Code   RO         4786    i._fp_digits        mc_w.l(printfa.o)
    0x08003050   0x08003050   0x000006dc   Code   RO         4787    i._printf_core      mc_w.l(printfa.o)
    0x0800372c   0x0800372c   0x00000024   Code   RO         4788    i._printf_post_padding  mc_w.l(printfa.o)
    0x08003750   0x08003750   0x0000002e   Code   RO         4789    i._printf_pre_padding  mc_w.l(printfa.o)
    0x0800377e   0x0800377e   0x00000002   PAD
    0x08003780   0x08003780   0x000000a8   Code   RO         3448    i.accel_self_test   inv_mpu.o
    0x08003828   0x08003828   0x00000270   Code   RO         4518    i.asin              m_ws.l(asin.o)
    0x08003a98   0x08003a98   0x00000220   Code   RO         4840    i.atan              m_ws.l(atan.o)
    0x08003cb8   0x08003cb8   0x00000180   Code   RO         4528    i.atan2             m_ws.l(atan2.o)
    0x08003e38   0x08003e38   0x00000064   Code   RO         3801    i.decode_gesture    inv_mpu_dmp_motion_driver.o
    0x08003e9c   0x08003e9c   0x0000003c   Code   RO         3802    i.dmp_enable_6x_lp_quat  inv_mpu_dmp_motion_driver.o
    0x08003ed8   0x08003ed8   0x0000021c   Code   RO         3803    i.dmp_enable_feature  inv_mpu_dmp_motion_driver.o
    0x080040f4   0x080040f4   0x00000058   Code   RO         3804    i.dmp_enable_gyro_cal  inv_mpu_dmp_motion_driver.o
    0x0800414c   0x0800414c   0x0000003c   Code   RO         3805    i.dmp_enable_lp_quat  inv_mpu_dmp_motion_driver.o
    0x08004188   0x08004188   0x0000001c   Code   RO         3810    i.dmp_load_motion_driver_firmware  inv_mpu_dmp_motion_driver.o
    0x080041a4   0x080041a4   0x000001cc   Code   RO         3811    i.dmp_read_fifo     inv_mpu_dmp_motion_driver.o
    0x08004370   0x08004370   0x00000070   Code   RO         3815    i.dmp_set_fifo_rate  inv_mpu_dmp_motion_driver.o
    0x080043e0   0x080043e0   0x00000138   Code   RO         3818    i.dmp_set_orientation  inv_mpu_dmp_motion_driver.o
    0x08004518   0x08004518   0x00000038   Code   RO         3821    i.dmp_set_shake_reject_thresh  inv_mpu_dmp_motion_driver.o
    0x08004550   0x08004550   0x00000026   Code   RO         3822    i.dmp_set_shake_reject_time  inv_mpu_dmp_motion_driver.o
    0x08004576   0x08004576   0x00000026   Code   RO         3823    i.dmp_set_shake_reject_timeout  inv_mpu_dmp_motion_driver.o
    0x0800459c   0x0800459c   0x00000046   Code   RO         3824    i.dmp_set_tap_axes  inv_mpu_dmp_motion_driver.o
    0x080045e2   0x080045e2   0x00000026   Code   RO         3825    i.dmp_set_tap_count  inv_mpu_dmp_motion_driver.o
    0x08004608   0x08004608   0x000001a0   Code   RO         3826    i.dmp_set_tap_thresh  inv_mpu_dmp_motion_driver.o
    0x080047a8   0x080047a8   0x00000026   Code   RO         3827    i.dmp_set_tap_time  inv_mpu_dmp_motion_driver.o
    0x080047ce   0x080047ce   0x00000026   Code   RO         3828    i.dmp_set_tap_time_multi  inv_mpu_dmp_motion_driver.o
    0x080047f4   0x080047f4   0x00000010   Code   RO         4204    i.fputc             serial.o
    0x08004804   0x08004804   0x000000b4   Code   RO         3449    i.get_accel_prod_shift  inv_mpu.o
    0x080048b8   0x080048b8   0x00000470   Code   RO         3450    i.get_st_biases     inv_mpu.o
    0x08004d28   0x08004d28   0x00000110   Code   RO         3451    i.gyro_self_test    inv_mpu.o
    0x08004e38   0x08004e38   0x00000028   Code   RO         3452    i.inv_orientation_matrix_to_scalar  inv_mpu.o
    0x08004e60   0x08004e60   0x0000004e   Code   RO         3453    i.inv_row_2_scale   inv_mpu.o
    0x08004eae   0x08004eae   0x00000002   PAD
    0x08004eb0   0x08004eb0   0x000001a8   Code   RO         4354    i.main              main.o
    0x08005058   0x08005058   0x00000002   Code   RO         3454    i.mget_ms           inv_mpu.o
    0x0800505a   0x0800505a   0x00000002   PAD
    0x0800505c   0x0800505c   0x00000070   Code   RO         3455    i.mpu_configure_fifo  inv_mpu.o
    0x080050cc   0x080050cc   0x00000224   Code   RO         3456    i.mpu_dmp_get_data  inv_mpu.o
    0x080052f0   0x080052f0   0x000000a0   Code   RO         3457    i.mpu_dmp_init      inv_mpu.o
    0x08005390   0x08005390   0x0000004c   Code   RO         3458    i.mpu_get_accel_fsr  inv_mpu.o
    0x080053dc   0x080053dc   0x00000054   Code   RO         3460    i.mpu_get_accel_sens  inv_mpu.o
    0x08005430   0x08005430   0x00000010   Code   RO         3465    i.mpu_get_fifo_config  inv_mpu.o
    0x08005440   0x08005440   0x00000044   Code   RO         3466    i.mpu_get_gyro_fsr  inv_mpu.o
    0x08005484   0x08005484   0x00000050   Code   RO         3468    i.mpu_get_gyro_sens  inv_mpu.o
    0x080054d4   0x080054d4   0x00000050   Code   RO         3470    i.mpu_get_lpf       inv_mpu.o
    0x08005524   0x08005524   0x00000020   Code   RO         3472    i.mpu_get_sample_rate  inv_mpu.o
    0x08005544   0x08005544   0x000001f0   Code   RO         3474    i.mpu_init          inv_mpu.o
    0x08005734   0x08005734   0x000000b8   Code   RO         3475    i.mpu_load_firmware  inv_mpu.o
    0x080057ec   0x080057ec   0x000000e0   Code   RO         3476    i.mpu_lp_accel_mode  inv_mpu.o
    0x080058cc   0x080058cc   0x000000c0   Code   RO         3479    i.mpu_read_fifo_stream  inv_mpu.o
    0x0800598c   0x0800598c   0x00000080   Code   RO         3480    i.mpu_read_mem      inv_mpu.o
    0x08005a0c   0x08005a0c   0x000001c8   Code   RO         3483    i.mpu_reset_fifo    inv_mpu.o
    0x08005bd4   0x08005bd4   0x0000011c   Code   RO         3484    i.mpu_run_self_test  inv_mpu.o
    0x08005cf0   0x08005cf0   0x00000084   Code   RO         3486    i.mpu_set_accel_fsr  inv_mpu.o
    0x08005d74   0x08005d74   0x0000014c   Code   RO         3487    i.mpu_set_bypass    inv_mpu.o
    0x08005ec0   0x08005ec0   0x00000090   Code   RO         3489    i.mpu_set_dmp_state  inv_mpu.o
    0x08005f50   0x08005f50   0x00000088   Code   RO         3490    i.mpu_set_gyro_fsr  inv_mpu.o
    0x08005fd8   0x08005fd8   0x0000006c   Code   RO         3491    i.mpu_set_int_latched  inv_mpu.o
    0x08006044   0x08006044   0x00000084   Code   RO         3493    i.mpu_set_lpf       inv_mpu.o
    0x080060c8   0x080060c8   0x0000009c   Code   RO         3494    i.mpu_set_sample_rate  inv_mpu.o
    0x08006164   0x08006164   0x000000d0   Code   RO         3495    i.mpu_set_sensors   inv_mpu.o
    0x08006234   0x08006234   0x00000080   Code   RO         3496    i.mpu_write_mem     inv_mpu.o
    0x080062b4   0x080062b4   0x0000008c   Code   RO         3497    i.run_self_test     inv_mpu.o
    0x08006340   0x08006340   0x00000090   Code   RO         3498    i.set_int_enable    inv_mpu.o
    0x080063d0   0x080063d0   0x0000004c   Code   RO         4869    i.sqrt              m_ws.l(sqrt.o)
    0x0800641c   0x0800641c   0x000005f0   Data   RO         3351    .constdata          oled.o
    0x08006a0c   0x08006a0c   0x00000050   Data   RO         3500    .constdata          inv_mpu.o
    0x08006a5c   0x08006a5c   0x00000bf6   Data   RO         3830    .constdata          inv_mpu_dmp_motion_driver.o
    0x08007652   0x08007652   0x00000006   PAD
    0x08007658   0x08007658   0x00000050   Data   RO         4519    .constdata          m_ws.l(asin.o)
    0x080076a8   0x080076a8   0x00000098   Data   RO         4841    .constdata          m_ws.l(atan.o)
    0x08007740   0x08007740   0x00000008   Data   RO         4867    .constdata          m_ws.l(qnan.o)
    0x08007748   0x08007748   0x0000004d   Data   RO         3501    .conststring        inv_mpu.o
    0x08007795   0x08007795   0x00000003   PAD
    0x08007798   0x08007798   0x00000020   Data   RO         4923    Region$$Table       anon$$obj.o


    Execution Region ER_RW (Exec base: 0x20000000, Load base: 0x080077b8, Size: 0x0000009c, Max: 0xffffffff, ABSOLUTE)

    Exec Addr    Load Addr    Size         Type   Attr      Idx    E Section Name        Object

    0x20000000   0x080077b8   0x00000014   Data   RW         1805    .data               stm32f10x_rcc.o
    0x20000014   0x080077cc   0x00000035   Data   RW         3502    .data               inv_mpu.o
    0x20000049   0x08007801   0x00000003   PAD
    0x2000004c   0x08007804   0x0000001c   Data   RW         4143    .data               mpu_exti.o
    0x20000068   0x08007820   0x00000008   Data   RW         4206    .data               serial.o
    0x20000070   0x08007828   0x0000000c   Data   RW         4355    .data               main.o
    0x2000007c   0x08007834   0x00000018   Data   RW         4485    .data               pid_control.o
    0x20000094   0x0800784c   0x00000004   Data   RW         4890    .data               mc_w.l(stdout.o)
    0x20000098   0x08007850   0x00000004   Data   RW         4902    .data               mc_w.l(errno.o)


    Execution Region ER_ZI (Exec base: 0x2000009c, Load base: 0x08007854, Size: 0x000004bc, Max: 0xffffffff, ABSOLUTE)

    Exec Addr    Load Addr    Size         Type   Attr      Idx    E Section Name        Object

    0x2000009c        -       0x00000010   Zero   RW         3829    .bss                inv_mpu_dmp_motion_driver.o
    0x200000ac        -       0x00000064   Zero   RW         4205    .bss                serial.o
    0x20000110        -       0x00000044   Zero   RW         4484    .bss                pid_control.o
    0x20000154   0x08007854   0x00000004   PAD
    0x20000158        -       0x00000400   Zero   RW            1    STACK               startup_stm32f10x_md.o


==============================================================================

Image component sizes


      Code (inc. data)   RO Data    RW Data    ZI Data      Debug   Object Name

         0          0          0          0          0       4548   core_cm3.o
        70          0          0          0          0        890   delay.o
      6856        290        157         53          0      29372   inv_mpu.o
      2492        108       3062          0         16      18061   inv_mpu_dmp_motion_driver.o
      1480        356          0         12          0       3869   main.o
       132         22          0          0          0     206803   misc.o
       680          0          0          0          0       6343   mpu6050.o
       320         20          0         28          0       2692   mpu_exti.o
       670        100          0          0          0       4410   mpuiic.o
      1098         22       1520          0          0       8806   oled.o
       446         56          0         24         68       3498   pid_control.o
       212          4          0          0          0       1547   pwm.o
       740        180          0          8        100       5589   serial.o
        36          8        236          0       1024        796   startup_stm32f10x_md.o
         0          0          0          0          0       1640   stm32f10x_adc.o
       184         16          0          0          0       3966   stm32f10x_exti.o
       378          4          0          0          0      12766   stm32f10x_gpio.o
        26          0          0          0          0       3566   stm32f10x_it.o
       276         32          0         20          0      12854   stm32f10x_rcc.o
      1474        180          0          0          0      32745   stm32f10x_tim.o
       472          6          0          0          0      12295   stm32f10x_usart.o
       328         28          0          0          0      45065   system_stm32f10x.o
       246         14          0          0          0       1436   tim_encoder.o
        44          4          0          0          0        453   xunji.o

    ----------------------------------------------------------------------
     18688       1450       5016        148       1212     424010   Object Totals
         0          0         32          0          0          0   (incl. Generated)
        28          0          9          3          4          0   (incl. Padding)

    ----------------------------------------------------------------------

      Code (inc. data)   RO Data    RW Data    ZI Data      Debug   Library Member Name

       624         52         80          0          0        168   asin.o
       544         70        152          0          0        124   atan.o
       384         38          0          0          0        144   atan2.o
        38          6          0          0          0        272   dunder.o
        40          0          0          0          0         68   fpclassify.o
       170          0          0          0          0         96   poly.o
         0          0          8          0          0          0   qnan.o
        76          0          0          0          0         84   sqrt.o
         0          0          0          0          0          0   entry.o
         0          0          0          0          0          0   entry10a.o
         0          0          0          0          0          0   entry11a.o
         8          4          0          0          0          0   entry2.o
         4          0          0          0          0          0   entry5.o
         0          0          0          0          0          0   entry7b.o
         0          0          0          0          0          0   entry8b.o
         8          4          0          0          0          0   entry9a.o
        12          6          0          4          0         68   errno.o
        30          0          0          0          0          0   handlers.o
        36          8          0          0          0         68   init.o
         0          0          0          0          0          0   iusefp.o
        98          0          0          0          0         84   ldiv.o
        30          0          0          0          0         68   llshl.o
        36          0          0          0          0         68   llsshr.o
        32          0          0          0          0         68   llushr.o
        26          0          0          0          0         80   memcmp.o
        36          0          0          0          0        108   memseta.o
      2258         90          0          0          0        452   printfa.o
         0          0          0          4          0          0   stdout.o
        28          0          0          0          0         76   strcmp.o
        44          0          0          0          0         80   uidiv.o
        98          0          0          0          0         92   uldiv.o
        48          0          0          0          0         68   cdrcmple.o
        20          0          0          0          0         68   cfcmple.o
        20          0          0          0          0         68   cfrcmple.o
        56          0          0          0          0         88   d2f.o
       334          0          0          0          0        148   dadd.o
       222          0          0          0          0        100   ddiv.o
       186          0          0          0          0        176   depilogue.o
        48          0          0          0          0         68   dfixul.o
       228          0          0          0          0         96   dmul.o
        46          0          0          0          0         80   dscalb.o
       162          0          0          0          0        100   dsqrt.o
        38          0          0          0          0         68   f2d.o
       176          0          0          0          0        140   fadd.o
       124          0          0          0          0         88   fdiv.o
       110          0          0          0          0        168   fepilogue.o
        50          0          0          0          0         68   ffixi.o
        40          0          0          0          0         68   ffixui.o
        18          0          0          0          0         68   fflti.o
        10          0          0          0          0         68   ffltui.o
       100          0          0          0          0         76   fmul.o

    ----------------------------------------------------------------------
      6704        278        240          8          0       4140   Library Totals
         8          0          0          0          0          0   (incl. Padding)

    ----------------------------------------------------------------------

      Code (inc. data)   RO Data    RW Data    ZI Data      Debug   Library Name

      1876        166        240          0          0        956   m_ws.l
      2784        112          0          8          0       1312   mc_w.l
      2036          0          0          0          0       1872   mf_w.l

    ----------------------------------------------------------------------
      6704        278        240          8          0       4140   Library Totals

    ----------------------------------------------------------------------

==============================================================================


      Code (inc. data)   RO Data    RW Data    ZI Data      Debug   

     25392       1728       5256        156       1212     417590   Grand Totals
     25392       1728       5256        156       1212     417590   ELF Image Totals
     25392       1728       5256        156          0          0   ROM Totals

==============================================================================

    Total RO  Size (Code + RO Data)                30648 (  29.93kB)
    Total RW  Size (RW Data + ZI Data)              1368 (   1.34kB)
    Total ROM Size (Code + RO Data + RW Data)      30804 (  30.08kB)

==============================================================================

